stm32wbxx_hal.c:216:13:HAL_MspInit	0	static
stm32wbxx_hal.c:227:13:HAL_MspDeInit	0	static
stm32wbxx_hal.c:184:19:HAL_DeInit	8	static
stm32wbxx_hal.c:250:26:HAL_InitTick	16	static
stm32wbxx_hal.c:141:19:HAL_Init	8	static
stm32wbxx_hal.c:318:13:HAL_IncTick	0	static
stm32wbxx_hal.c:329:17:HAL_GetTick	0	static
stm32wbxx_hal.c:338:10:HAL_GetTickPrio	0	static
stm32wbxx_hal.c:347:19:HAL_SetTickFreq	8	static
stm32wbxx_hal.c:367:10:HAL_GetTickFreq	0	static
stm32wbxx_hal.c:383:15:HAL_Delay	16	static
stm32wbxx_hal.c:410:13:HAL_SuspendTick	0	static
stm32wbxx_hal.c:426:13:HAL_ResumeTick	0	static
stm32wbxx_hal.c:436:10:HAL_GetHalVersion	0	static
stm32wbxx_hal.c:445:10:HAL_GetREVID	0	static
stm32wbxx_hal.c:454:10:HAL_GetDEVID	0	static
stm32wbxx_hal.c:463:10:HAL_GetUIDw0	0	static
stm32wbxx_hal.c:472:10:HAL_GetUIDw1	0	static
stm32wbxx_hal.c:481:10:HAL_GetUIDw2	0	static
stm32wbxx_hal.c:510:6:HAL_DBGMCU_EnableDBGSleepMode	0	static
stm32wbxx_hal.c:519:6:HAL_DBGMCU_DisableDBGSleepMode	0	static
stm32wbxx_hal.c:528:6:HAL_DBGMCU_EnableDBGStopMode	0	static
stm32wbxx_hal.c:537:6:HAL_DBGMCU_DisableDBGStopMode	0	static
stm32wbxx_hal.c:546:6:HAL_DBGMCU_EnableDBGStandbyMode	0	static
stm32wbxx_hal.c:555:6:HAL_DBGMCU_DisableDBGStandbyMode	0	static
stm32wbxx_hal.c:590:6:HAL_SYSCFG_SRAM2Erase	0	static
stm32wbxx_hal.c:604:6:HAL_SYSCFG_DisableSRAMFetch	0	static
stm32wbxx_hal.c:613:10:HAL_SYSCFG_IsEnabledSRAMFetch	0	static
stm32wbxx_hal.c:629:6:HAL_SYSCFG_VREFBUF_VoltageScalingConfig	0	static
stm32wbxx_hal.c:645:6:HAL_SYSCFG_VREFBUF_HighImpedanceConfig	0	static
stm32wbxx_hal.c:660:6:HAL_SYSCFG_VREFBUF_TrimmingConfig	0	static
stm32wbxx_hal.c:673:19:HAL_SYSCFG_EnableVREFBUF	16	static
stm32wbxx_hal.c:699:6:HAL_SYSCFG_DisableVREFBUF	0	static
stm32wbxx_hal.c:710:6:HAL_SYSCFG_EnableIOBooster	0	static
stm32wbxx_hal.c:720:6:HAL_SYSCFG_DisableIOBooster	0	static
stm32wbxx_hal.c:730:6:HAL_SYSCFG_EnableIOVdd	0	static
stm32wbxx_hal.c:740:6:HAL_SYSCFG_DisableIOVdd	0	static
stm32wbxx_hal.c:757:6:HAL_SYSCFG_EnableSecurityAccess	0	static
stm32wbxx_hal.c:777:6:HAL_SYSCFG_DisableSecurityAccess	0	static
stm32wbxx_hal.c:794:10:HAL_SYSCFG_IsEnabledSecurityAccess	0	static
