stm32wbxx_hal_uart_ex.c:696:13:UARTEx_SetNbDataToProcess	24	static
stm32wbxx_hal_uart_ex.c:166:19:HAL_RS485Ex_Init	24	static
stm32wbxx_hal_uart_ex.c:272:13:HAL_UARTEx_WakeupCallback	0	static
stm32wbxx_hal_uart_ex.c:287:13:HAL_UARTEx_RxFifoFullCallback	0	static
stm32wbxx_hal_uart_ex.c:302:13:HAL_UARTEx_TxFifoEmptyCallback	0	static
stm32wbxx_hal_uart_ex.c:355:19:HAL_MultiProcessorEx_AddressLength_Set	0	static
stm32wbxx_hal_uart_ex.c:394:19:HAL_UARTEx_StopModeWakeUpSourceConfig	24	static
stm32wbxx_hal_uart_ex.c:450:19:HAL_UARTEx_EnableStopMode	0	static
stm32wbxx_hal_uart_ex.c:469:19:HAL_UARTEx_DisableStopMode	0	static
stm32wbxx_hal_uart_ex.c:488:19:HAL_UARTEx_EnableFifoMode	8	static
stm32wbxx_hal_uart_ex.c:529:19:HAL_UARTEx_DisableFifoMode	0	static
stm32wbxx_hal_uart_ex.c:575:19:HAL_UARTEx_SetTxFifoThreshold	16	static
stm32wbxx_hal_uart_ex.c:624:19:HAL_UARTEx_SetRxFifoThreshold	16	static
