stm32wbxx_hal_uart.c:3169:13:UART_EndRxTransfer	0	static
stm32wbxx_hal_uart.c:3555:13:UART_TxISR_16BIT	0	static
stm32wbxx_hal_uart.c:3627:13:UART_TxISR_16BIT_FIFOEN	8	static
stm32wbxx_hal_uart.c:3526:13:UART_TxISR_8BIT	0	static
stm32wbxx_hal_uart.c:3587:13:UART_TxISR_8BIT_FIFOEN	8	static
stm32wbxx_hal_uart.c:667:13:HAL_UART_MspInit	0	static
stm32wbxx_hal_uart.c:682:13:HAL_UART_MspDeInit	0	static
stm32wbxx_hal_uart.c:620:19:HAL_UART_DeInit	16	static
stm32wbxx_hal_uart.c:1225:19:HAL_UART_Transmit_IT	0	static
stm32wbxx_hal_uart.c:1299:19:HAL_UART_Receive_IT	8	static
stm32wbxx_hal_uart.c:1380:19:HAL_UART_Transmit_DMA	24	static
stm32wbxx_hal_uart.c:1456:19:HAL_UART_Receive_DMA	24	static
stm32wbxx_hal_uart.c:1530:19:HAL_UART_DMAPause	8	static
stm32wbxx_hal_uart.c:1566:19:HAL_UART_DMAResume	0	static
stm32wbxx_hal_uart.c:1600:19:HAL_UART_DMAStop	16	static
stm32wbxx_hal_uart.c:1675:19:HAL_UART_Abort	8	static
stm32wbxx_hal_uart.c:1769:19:HAL_UART_AbortTransmit	8	static
stm32wbxx_hal_uart.c:1827:19:HAL_UART_AbortReceive	8	static
stm32wbxx_hal_uart.c:2426:13:HAL_UART_TxCpltCallback	0	static
stm32wbxx_hal_uart.c:3188:13:UART_DMATransmitCplt	8	static
stm32wbxx_hal_uart.c:2441:13:HAL_UART_TxHalfCpltCallback	0	static
stm32wbxx_hal_uart.c:3222:13:UART_DMATxHalfCplt	8	static
stm32wbxx_hal_uart.c:2456:13:HAL_UART_RxCpltCallback	0	static
stm32wbxx_hal_uart.c:3693:13:UART_RxISR_8BIT	8	static
stm32wbxx_hal_uart.c:3743:13:UART_RxISR_16BIT	8	static
stm32wbxx_hal_uart.c:3795:13:UART_RxISR_8BIT_FIFOEN	24	static
stm32wbxx_hal_uart.c:3867:13:UART_RxISR_16BIT_FIFOEN	24	static
stm32wbxx_hal_uart.c:3240:13:UART_DMAReceiveCplt	8	static
stm32wbxx_hal_uart.c:2471:13:HAL_UART_RxHalfCpltCallback	0	static
stm32wbxx_hal_uart.c:3275:13:UART_DMARxHalfCplt	8	static
stm32wbxx_hal_uart.c:2486:13:HAL_UART_ErrorCallback	0	static
stm32wbxx_hal_uart.c:3293:13:UART_DMAError	8	static
stm32wbxx_hal_uart.c:2205:6:HAL_UART_IRQHandler	16	static
stm32wbxx_hal_uart.c:3333:13:UART_DMAAbortOnError	8	static
stm32wbxx_hal_uart.c:2501:13:HAL_UART_AbortCpltCallback	0	static
stm32wbxx_hal_uart.c:1887:19:HAL_UART_Abort_IT	8	static
stm32wbxx_hal_uart.c:3410:13:UART_DMARxAbortCallback	8	static
stm32wbxx_hal_uart.c:3356:13:UART_DMATxAbortCallback	8	static
stm32wbxx_hal_uart.c:2516:13:HAL_UART_AbortTransmitCpltCallback	0	static
stm32wbxx_hal_uart.c:2031:19:HAL_UART_AbortTransmit_IT	8	static
stm32wbxx_hal_uart.c:3461:13:UART_DMATxOnlyAbortCallback	8	static
stm32wbxx_hal_uart.c:2531:13:HAL_UART_AbortReceiveCpltCallback	0	static
stm32wbxx_hal_uart.c:2121:19:HAL_UART_AbortReceive_IT	8	static
stm32wbxx_hal_uart.c:3494:13:UART_DMARxOnlyAbortCallback	8	static
stm32wbxx_hal_uart.c:2615:6:HAL_MultiProcessor_EnterMuteMode	0	static
stm32wbxx_hal_uart.c:2625:19:HAL_HalfDuplex_EnableTransmitter	0	static
stm32wbxx_hal_uart.c:2650:19:HAL_HalfDuplex_EnableReceiver	0	static
stm32wbxx_hal_uart.c:2676:19:HAL_LIN_SendBreak	0	static
stm32wbxx_hal_uart.c:2723:23:HAL_UART_GetState	0	static
stm32wbxx_hal_uart.c:2738:10:HAL_UART_GetError	0	static
stm32wbxx_hal_uart.c:2783:19:UART_SetConfig	24	static
stm32wbxx_hal_uart.c:2996:6:UART_AdvFeatureConfig	8	static
stm32wbxx_hal_uart.c:3120:19:UART_WaitOnFlagUntilTimeout	24	static
stm32wbxx_hal_uart.c:1053:19:HAL_UART_Transmit	40	static
stm32wbxx_hal_uart.c:1141:19:HAL_UART_Receive	40	static
stm32wbxx_hal_uart.c:3070:19:UART_CheckIdleState	24	static
stm32wbxx_hal_uart.c:295:19:HAL_UART_Init	8	static
stm32wbxx_hal_uart.c:370:19:HAL_HalfDuplex_Init	8	static
stm32wbxx_hal_uart.c:445:19:HAL_LIN_Init	16	static
stm32wbxx_hal_uart.c:544:19:HAL_MultiProcessor_Init	16	static
stm32wbxx_hal_uart.c:2573:19:HAL_MultiProcessor_EnableMuteMode	0	static
stm32wbxx_hal_uart.c:2594:19:HAL_MultiProcessor_DisableMuteMode	0	static
