stm32wbxx_hal_rtc.c:675:13:HAL_RTC_MspInit	0	static
stm32wbxx_hal_rtc.c:690:13:HAL_RTC_MspDeInit	0	static
stm32wbxx_hal_rtc.c:1432:19:HAL_RTC_DeactivateAlarm	16	static
stm32wbxx_hal_rtc.c:1635:13:HAL_RTC_AlarmAEventCallback	0	static
stm32wbxx_hal_rtc.c:1586:6:HAL_RTC_AlarmIRQHandler	8	static
stm32wbxx_hal_rtc.c:1651:19:HAL_RTC_PollForAlarmAEvent	16	static
stm32wbxx_hal_rtc.c:1710:19:HAL_RTC_WaitForSynchro	16	static
stm32wbxx_hal_rtc.c:1754:21:HAL_RTC_GetState	0	static
stm32wbxx_hal_rtc.c:1777:19:RTC_EnterInitMode	16	static
stm32wbxx_hal_rtc.c:231:19:HAL_RTC_Init	16	static
stm32wbxx_hal_rtc.c:353:19:HAL_RTC_DeInit	16	static
stm32wbxx_hal_rtc.c:1807:9:RTC_ByteToBcd2	0	static
stm32wbxx_hal_rtc.c:728:19:HAL_RTC_SetTime	24	static
stm32wbxx_hal_rtc.c:906:19:HAL_RTC_SetDate	24	static
stm32wbxx_hal_rtc.c:1069:19:HAL_RTC_SetAlarm	32	static
stm32wbxx_hal_rtc.c:1250:19:HAL_RTC_SetAlarm_IT	32	static
stm32wbxx_hal_rtc.c:1826:9:RTC_Bcd2ToByte	0	static
stm32wbxx_hal_rtc.c:862:19:HAL_RTC_GetTime	16	static
stm32wbxx_hal_rtc.c:1015:19:HAL_RTC_GetDate	16	static
stm32wbxx_hal_rtc.c:1526:19:HAL_RTC_GetAlarm	16	static
