stm32wbxx_ll_rcc.h:1665:22:LL_RCC_LSE_SetDriveCapability	16	static
stm32wbxx_ll_bus.h:340:22:LL_AHB1_GRP1_EnableClock	24	static
stm32wbxx_ll_bus.h:508:22:LL_AHB2_GRP1_EnableClock	24	static
main.c:84:6:resetAll	8	static
main.c:89:6:initLedColors	24	static
main.c:102:6:printScore	24	static
main.c:111:1:printNotes	24	static
main.c:128:5:main	40	static
main.c:226:6:SystemClock_Config	192	static
main.c:305:13:MX_I2C1_Init	8	static
main.c:351:13:MX_SPI1_Init	8	static
main.c:391:13:MX_USART1_UART_Init	8	static
main.c:439:13:MX_USB_PCD_Init	8	static
main.c:470:13:MX_DMA_Init	8	static
main.c:489:13:MX_GPIO_Init	32	static
main.c:537:6:Error_Handler	4	static
