hw_ipcc.c:150:6:HW_IPCC_Enable	0	static
hw_ipcc.c:168:6:HW_IPCC_Init	16	static
hw_ipcc.c:184:6:HW_IPCC_BLE_Init	0	static
hw_ipcc.c:191:6:HW_IPCC_BLE_SendCmd	0	static
hw_ipcc.c:207:6:HW_IPCC_BLE_SendAclData	0	static
hw_ipcc.c:224:13:HW_IPCC_BLE_AclDataAckNot	0	static
hw_ipcc.c:225:13:HW_IPCC_BLE_RxEvtNot	0	static
hw_ipcc.c:230:6:HW_IPCC_SYS_Init	0	static
hw_ipcc.c:237:6:HW_IPCC_SYS_SendCmd	0	static
hw_ipcc.c:263:13:HW_IPCC_SYS_CmdEvtNot	0	static
hw_ipcc.c:108:6:HW_IPCC_Tx_Handler	8	static
hw_ipcc.c:264:13:HW_IPCC_SYS_EvtNot	0	static
hw_ipcc.c:468:6:HW_IPCC_MM_SendFreeBuf	8	static
hw_ipcc.c:499:6:HW_IPCC_TRACES_Init	0	static
hw_ipcc.c:515:13:HW_IPCC_TRACES_EvtNot	0	static
hw_ipcc.c:64:6:HW_IPCC_Rx_Handler	16	static
