Archive member included to satisfy reference by file (symbol)

c:/program files (x86)/atollic/truestudio for stm32 9.3.0/armtools/bin/../lib/gcc/arm-atollic-eabi/6.3.1/../../../../arm-atollic-eabi/lib/armv7e-m/fpu\libc_nano.a(lib_a-errno.o)
                              Src\syscalls.o (__errno)
c:/program files (x86)/atollic/truestudio for stm32 9.3.0/armtools/bin/../lib/gcc/arm-atollic-eabi/6.3.1/../../../../arm-atollic-eabi/lib/armv7e-m/fpu\libc_nano.a(lib_a-impure.o)
                              c:/program files (x86)/atollic/truestudio for stm32 9.3.0/armtools/bin/../lib/gcc/arm-atollic-eabi/6.3.1/../../../../arm-atollic-eabi/lib/armv7e-m/fpu\libc_nano.a(lib_a-errno.o) (_impure_ptr)
c:/program files (x86)/atollic/truestudio for stm32 9.3.0/armtools/bin/../lib/gcc/arm-atollic-eabi/6.3.1/../../../../arm-atollic-eabi/lib/armv7e-m/fpu\libc_nano.a(lib_a-init.o)
                              startup\startup_stm32wb55xx_cm4.o (__libc_init_array)
c:/program files (x86)/atollic/truestudio for stm32 9.3.0/armtools/bin/../lib/gcc/arm-atollic-eabi/6.3.1/../../../../arm-atollic-eabi/lib/armv7e-m/fpu\libc_nano.a(lib_a-memset.o)
                              Src\main.o (memset)
c:/program files (x86)/atollic/truestudio for stm32 9.3.0/armtools/bin/../lib/gcc/arm-atollic-eabi/6.3.1/../../../../arm-atollic-eabi/lib/armv7e-m/fpu\libc_nano.a(lib_a-strlen.o)
                              Src\segments.o (strlen)
c:/program files (x86)/atollic/truestudio for stm32 9.3.0/armtools/bin/../lib/gcc/arm-atollic-eabi/6.3.1/armv7e-m/fpu\libgcc.a(_aeabi_uldivmod.o)
                              Drivers\STM32WBxx_HAL_Driver\Src\stm32wbxx_hal_uart.o (__aeabi_uldivmod)
c:/program files (x86)/atollic/truestudio for stm32 9.3.0/armtools/bin/../lib/gcc/arm-atollic-eabi/6.3.1/armv7e-m/fpu\libgcc.a(_udivmoddi4.o)
                              c:/program files (x86)/atollic/truestudio for stm32 9.3.0/armtools/bin/../lib/gcc/arm-atollic-eabi/6.3.1/armv7e-m/fpu\libgcc.a(_aeabi_uldivmod.o) (__udivmoddi4)
c:/program files (x86)/atollic/truestudio for stm32 9.3.0/armtools/bin/../lib/gcc/arm-atollic-eabi/6.3.1/armv7e-m/fpu\libgcc.a(_dvmd_tls.o)
                              c:/program files (x86)/atollic/truestudio for stm32 9.3.0/armtools/bin/../lib/gcc/arm-atollic-eabi/6.3.1/armv7e-m/fpu\libgcc.a(_aeabi_uldivmod.o) (__aeabi_ldiv0)

Allocating common symbols
Common symbol       size              file

hi2c1               0x4c              Src\main.o
uwTick              0x4               Drivers\STM32WBxx_HAL_Driver\Src\stm32wbxx_hal.o
huart1              0x8c              Src\main.o
chars               0x80              Src\segments.o
hspi1               0x64              Src\main.o
hpcd_USB_FS         0x274             Src\main.o
hdma_spi1_tx        0x60              Src\main.o

Discarded input sections

 .text          0x00000000        0x0 c:/program files (x86)/atollic/truestudio for stm32 9.3.0/armtools/bin/../lib/gcc/arm-atollic-eabi/6.3.1/armv7e-m/fpu/crti.o
 .data          0x00000000        0x0 c:/program files (x86)/atollic/truestudio for stm32 9.3.0/armtools/bin/../lib/gcc/arm-atollic-eabi/6.3.1/armv7e-m/fpu/crti.o
 .bss           0x00000000        0x0 c:/program files (x86)/atollic/truestudio for stm32 9.3.0/armtools/bin/../lib/gcc/arm-atollic-eabi/6.3.1/armv7e-m/fpu/crti.o
 .data          0x00000000        0x4 c:/program files (x86)/atollic/truestudio for stm32 9.3.0/armtools/bin/../lib/gcc/arm-atollic-eabi/6.3.1/armv7e-m/fpu/crtbegin.o
 .group         0x00000000        0x8 Drivers\STM32WBxx_HAL_Driver\Src\stm32wbxx_hal.o
 .group         0x00000000        0x8 Drivers\STM32WBxx_HAL_Driver\Src\stm32wbxx_hal.o
 .group         0x00000000        0x8 Drivers\STM32WBxx_HAL_Driver\Src\stm32wbxx_hal.o
 .group         0x00000000        0x8 Drivers\STM32WBxx_HAL_Driver\Src\stm32wbxx_hal.o
 .group         0x00000000        0x8 Drivers\STM32WBxx_HAL_Driver\Src\stm32wbxx_hal.o
 .group         0x00000000        0x8 Drivers\STM32WBxx_HAL_Driver\Src\stm32wbxx_hal.o
 .group         0x00000000        0x8 Drivers\STM32WBxx_HAL_Driver\Src\stm32wbxx_hal.o
 .group         0x00000000        0x8 Drivers\STM32WBxx_HAL_Driver\Src\stm32wbxx_hal.o
 .group         0x00000000        0x8 Drivers\STM32WBxx_HAL_Driver\Src\stm32wbxx_hal.o
 .group         0x00000000        0x8 Drivers\STM32WBxx_HAL_Driver\Src\stm32wbxx_hal.o
 .group         0x00000000        0x8 Drivers\STM32WBxx_HAL_Driver\Src\stm32wbxx_hal.o
 .group         0x00000000        0x8 Drivers\STM32WBxx_HAL_Driver\Src\stm32wbxx_hal.o
 .group         0x00000000        0x8 Drivers\STM32WBxx_HAL_Driver\Src\stm32wbxx_hal.o
 .group         0x00000000        0x8 Drivers\STM32WBxx_HAL_Driver\Src\stm32wbxx_hal.o
 .group         0x00000000        0x8 Drivers\STM32WBxx_HAL_Driver\Src\stm32wbxx_hal.o
 .group         0x00000000        0x8 Drivers\STM32WBxx_HAL_Driver\Src\stm32wbxx_hal.o
 .group         0x00000000        0x8 Drivers\STM32WBxx_HAL_Driver\Src\stm32wbxx_hal.o
[...]
Memory Configuration

Name             Origin             Length             Attributes
FLASH            0x08000000         0x00080000         xr
RAM1             0x20000004         0x0002fffc         xrw
RAM_SHARED       0x20030000         0x00002800         xrw
*default*        0x00000000         0xffffffff

Linker script and memory map

LOAD c:/program files (x86)/atollic/truestudio for stm32 9.3.0/armtools/bin/../lib/gcc/arm-atollic-eabi/6.3.1/armv7e-m/fpu/crti.o
LOAD c:/program files (x86)/atollic/truestudio for stm32 9.3.0/armtools/bin/../lib/gcc/arm-atollic-eabi/6.3.1/armv7e-m/fpu/crtbegin.o
LOAD Drivers\STM32WBxx_HAL_Driver\Src\stm32wbxx_hal.o
LOAD Drivers\STM32WBxx_HAL_Driver\Src\stm32wbxx_hal_cortex.o
LOAD Drivers\STM32WBxx_HAL_Driver\Src\stm32wbxx_hal_dma.o
LOAD Drivers\STM32WBxx_HAL_Driver\Src\stm32wbxx_hal_dma_ex.o
LOAD Drivers\STM32WBxx_HAL_Driver\Src\stm32wbxx_hal_exti.o
LOAD Drivers\STM32WBxx_HAL_Driver\Src\stm32wbxx_hal_flash.o
LOAD Drivers\STM32WBxx_HAL_Driver\Src\stm32wbxx_hal_flash_ex.o
LOAD Drivers\STM32WBxx_HAL_Driver\Src\stm32wbxx_hal_gpio.o
LOAD Drivers\STM32WBxx_HAL_Driver\Src\stm32wbxx_hal_hsem.o
LOAD Drivers\STM32WBxx_HAL_Driver\Src\stm32wbxx_hal_i2c.o
LOAD Drivers\STM32WBxx_HAL_Driver\Src\stm32wbxx_hal_i2c_ex.o
LOAD Drivers\STM32WBxx_HAL_Driver\Src\stm32wbxx_hal_pcd.o
LOAD Drivers\STM32WBxx_HAL_Driver\Src\stm32wbxx_hal_pcd_ex.o
LOAD Drivers\STM32WBxx_HAL_Driver\Src\stm32wbxx_hal_pwr.o
LOAD Drivers\STM32WBxx_HAL_Driver\Src\stm32wbxx_hal_pwr_ex.o
LOAD Drivers\STM32WBxx_HAL_Driver\Src\stm32wbxx_hal_rcc.o
LOAD Drivers\STM32WBxx_HAL_Driver\Src\stm32wbxx_hal_rcc_ex.o
LOAD Drivers\STM32WBxx_HAL_Driver\Src\stm32wbxx_hal_spi.o
LOAD Drivers\STM32WBxx_HAL_Driver\Src\stm32wbxx_hal_spi_ex.o
LOAD Drivers\STM32WBxx_HAL_Driver\Src\stm32wbxx_hal_tim.o
LOAD Drivers\STM32WBxx_HAL_Driver\Src\stm32wbxx_hal_tim_ex.o
LOAD Drivers\STM32WBxx_HAL_Driver\Src\stm32wbxx_hal_uart.o
LOAD Drivers\STM32WBxx_HAL_Driver\Src\stm32wbxx_hal_uart_ex.o
LOAD Drivers\STM32WBxx_HAL_Driver\Src\stm32wbxx_ll_usb.o
LOAD Src\leds.o
LOAD Src\main.o
LOAD Src\segments.o
LOAD Src\stm32wbxx_hal_msp.o
LOAD Src\stm32wbxx_it.o
LOAD Src\syscalls.o
LOAD Src\system_stm32wbxx.o
LOAD startup\startup_stm32wb55xx_cm4.o
                0x00000080                malloc_getpagesize_P = 0x80
START GROUP
LOAD c:/program files (x86)/atollic/truestudio for stm32 9.3.0/armtools/bin/../lib/gcc/arm-atollic-eabi/6.3.1/../../../../arm-atollic-eabi/lib/armv7e-m/fpu\libc_nano.a
LOAD c:/program files (x86)/atollic/truestudio for stm32 9.3.0/armtools/bin/../lib/gcc/arm-atollic-eabi/6.3.1/../../../../arm-atollic-eabi/lib/armv7e-m/fpu\libm.a
END GROUP
START GROUP
LOAD c:/program files (x86)/atollic/truestudio for stm32 9.3.0/armtools/bin/../lib/gcc/arm-atollic-eabi/6.3.1/armv7e-m/fpu\libgcc.a
LOAD c:/program files (x86)/atollic/truestudio for stm32 9.3.0/armtools/bin/../lib/gcc/arm-atollic-eabi/6.3.1/../../../../arm-atollic-eabi/lib/armv7e-m/fpu\libc_nano.a
END GROUP
START GROUP
LOAD c:/program files (x86)/atollic/truestudio for stm32 9.3.0/armtools/bin/../lib/gcc/arm-atollic-eabi/6.3.1/armv7e-m/fpu\libgcc.a
LOAD c:/program files (x86)/atollic/truestudio for stm32 9.3.0/armtools/bin/../lib/gcc/arm-atollic-eabi/6.3.1/../../../../arm-atollic-eabi/lib/armv7e-m/fpu\libc_nano.a
LOAD c:/program files (x86)/atollic/truestudio for stm32 9.3.0/armtools/bin/../lib/gcc/arm-atollic-eabi/6.3.1/../../../../arm-atollic-eabi/lib/armv7e-m/fpu\libnosys.a
END GROUP
START GROUP
LOAD c:/program files (x86)/atollic/truestudio for stm32 9.3.0/armtools/bin/../lib/gcc/arm-atollic-eabi/6.3.1/armv7e-m/fpu\libgcc.a
LOAD c:/program files (x86)/atollic/truestudio for stm32 9.3.0/armtools/bin/../lib/gcc/arm-atollic-eabi/6.3.1/../../../../arm-atollic-eabi/lib/armv7e-m/fpu\libc_nano.a
LOAD c:/program files (x86)/atollic/truestudio for stm32 9.3.0/armtools/bin/../lib/gcc/arm-atollic-eabi/6.3.1/../../../../arm-atollic-eabi/lib/armv7e-m/fpu\libnosys.a
END GROUP
LOAD c:/program files (x86)/atollic/truestudio for stm32 9.3.0/armtools/bin/../lib/gcc/arm-atollic-eabi/6.3.1/armv7e-m/fpu/crtend.o
LOAD c:/program files (x86)/atollic/truestudio for stm32 9.3.0/armtools/bin/../lib/gcc/arm-atollic-eabi/6.3.1/armv7e-m/fpu/crtn.o
                0x20030000                _estack = 0x20030000
                0x00000200                _Min_Heap_Size = 0x200
                0x00000400                _Min_Stack_Size = 0x400

.isr_vector     0x08000000      0x13c
                0x08000000                . = ALIGN (0x4)
 *(.isr_vector)
 .isr_vector    0x08000000      0x13c startup\startup_stm32wb55xx_cm4.o
                0x08000000                g_pfnVectors
                0x0800013c                . = ALIGN (0x4)

.text           0x08000140     0x6300
                0x08000140                . = ALIGN (0x4)
 *(.text)
 .text          0x08000140       0x40 c:/program files (x86)/atollic/truestudio for stm32 9.3.0/armtools/bin/../lib/gcc/arm-atollic-eabi/6.3.1/armv7e-m/fpu/crtbegin.o
 .text          0x08000180       0x10 c:/program files (x86)/atollic/truestudio for stm32 9.3.0/armtools/bin/../lib/gcc/arm-atollic-eabi/6.3.1/../../../../arm-atollic-eabi/lib/armv7e-m/fpu\libc_nano.a(lib_a-strlen.o)
                0x08000180                strlen
 .text          0x08000190       0x30 c:/program files (x86)/atollic/truestudio for stm32 9.3.0/armtools/bin/../lib/gcc/arm-atollic-eabi/6.3.1/armv7e-m/fpu\libgcc.a(_aeabi_uldivmod.o)
                0x08000190                __aeabi_uldivmod
 .text          0x080001c0      0x2dc c:/program files (x86)/atollic/truestudio for stm32 9.3.0/armtools/bin/../lib/gcc/arm-atollic-eabi/6.3.1/armv7e-m/fpu\libgcc.a(_udivmoddi4.o)
                0x080001c0                __udivmoddi4
 .text          0x0800049c        0x4 c:/program files (x86)/atollic/truestudio for stm32 9.3.0/armtools/bin/../lib/gcc/arm-atollic-eabi/6.3.1/armv7e-m/fpu\libgcc.a(_dvmd_tls.o)
                0x0800049c                __aeabi_idiv0
                0x0800049c                __aeabi_ldiv0
 *(.text*)
 .text.HAL_Init
                0x080004a0       0x40 Drivers\STM32WBxx_HAL_Driver\Src\stm32wbxx_hal.o
                0x080004a0                HAL_Init
 .text.HAL_InitTick
                0x080004e0       0x74 Drivers\STM32WBxx_HAL_Driver\Src\stm32wbxx_hal.o
                0x080004e0                HAL_InitTick
 .text.HAL_IncTick
                0x08000554       0x24 Drivers\STM32WBxx_HAL_Driver\Src\stm32wbxx_hal.o
                0x08000554                HAL_IncTick
 .text.HAL_GetTick
                0x08000578       0x18 Drivers\STM32WBxx_HAL_Driver\Src\stm32wbxx_hal.o
                0x08000578                HAL_GetTick
 .text.HAL_GetTickPrio
                0x08000590       0x18 Drivers\STM32WBxx_HAL_Driver\Src\stm32wbxx_hal.o
                0x08000590                HAL_GetTickPrio
 .text.HAL_Delay
                0x080005a8       0x44 Drivers\STM32WBxx_HAL_Driver\Src\stm32wbxx_hal.o
                0x080005a8                HAL_Delay
 .text.__NVIC_SetPriorityGrouping
                0x080005ec       0x48 Drivers\STM32WBxx_HAL_Driver\Src\stm32wbxx_hal_cortex.o
 .text.__NVIC_GetPriorityGrouping
                0x08000634       0x1c Drivers\STM32WBxx_HAL_Driver\Src\stm32wbxx_hal_cortex.o
 .text.__NVIC_EnableIRQ
                0x08000650       0x3c Drivers\STM32WBxx_HAL_Driver\Src\stm32wbxx_hal_cortex.o
 .text.__NVIC_SetPriority
                0x0800068c       0x54 Drivers\STM32WBxx_HAL_Driver\Src\stm32wbxx_hal_cortex.o
 .text.NVIC_EncodePriority
                0x080006e0       0x62 Drivers\STM32WBxx_HAL_Driver\Src\stm32wbxx_hal_cortex.o
 *fill*         0x08000742        0x2 
 .text.SysTick_Config
                0x08000744       0x44 Drivers\STM32WBxx_HAL_Driver\Src\stm32wbxx_hal_cortex.o
 .text.HAL_NVIC_SetPriorityGrouping
                0x08000788       0x16 Drivers\STM32WBxx_HAL_Driver\Src\stm32wbxx_hal_cortex.o
                0x08000788                HAL_NVIC_SetPriorityGrouping
 .text.HAL_NVIC_SetPriority
                0x0800079e       0x34 Drivers\STM32WBxx_HAL_Driver\Src\stm32wbxx_hal_cortex.o
                0x0800079e                HAL_NVIC_SetPriority
 .text.HAL_NVIC_EnableIRQ
                0x080007d2       0x1c Drivers\STM32WBxx_HAL_Driver\Src\stm32wbxx_hal_cortex.o
                0x080007d2                HAL_NVIC_EnableIRQ
 .text.HAL_SYSTICK_Config
                0x080007ee       0x18 Drivers\STM32WBxx_HAL_Driver\Src\stm32wbxx_hal_cortex.o
                0x080007ee                HAL_SYSTICK_Config
 *fill*         0x08000806        0x2 
 .text.HAL_DMA_Init
                0x08000808      0x150 Drivers\STM32WBxx_HAL_Driver\Src\stm32wbxx_hal_dma.o
                0x08000808                HAL_DMA_Init
 .text.HAL_DMA_Start_IT
                0x08000958       0xf6 Drivers\STM32WBxx_HAL_Driver\Src\stm32wbxx_hal_dma.o
                0x08000958                HAL_DMA_Start_IT
 .text.HAL_DMA_IRQHandler
                0x08000a4e      0x15e Drivers\STM32WBxx_HAL_Driver\Src\stm32wbxx_hal_dma.o
                0x08000a4e                HAL_DMA_IRQHandler
 .text.DMA_SetConfig
                0x08000bac       0x7c Drivers\STM32WBxx_HAL_Driver\Src\stm32wbxx_hal_dma.o
 .text.DMA_CalcDMAMUXChannelBaseAndMask
                0x08000c28       0x7c Drivers\STM32WBxx_HAL_Driver\Src\stm32wbxx_hal_dma.o
 .text.DMA_CalcDMAMUXRequestGenBaseAndMask
                0x08000ca4       0x48 Drivers\STM32WBxx_HAL_Driver\Src\stm32wbxx_hal_dma.o
 .text.HAL_GPIO_Init
                0x08000cec      0x2e0 Drivers\STM32WBxx_HAL_Driver\Src\stm32wbxx_hal_gpio.o
                0x08000cec                HAL_GPIO_Init
 .text.HAL_GPIO_WritePin
                0x08000fcc       0x30 Drivers\STM32WBxx_HAL_Driver\Src\stm32wbxx_hal_gpio.o
                0x08000fcc                HAL_GPIO_WritePin
 .text.HAL_I2C_Init
                0x08000ffc      0x11c Drivers\STM32WBxx_HAL_Driver\Src\stm32wbxx_hal_i2c.o
                0x08000ffc                HAL_I2C_Init
 .text.HAL_I2C_Master_Transmit
                0x08001118      0x1e8 Drivers\STM32WBxx_HAL_Driver\Src\stm32wbxx_hal_i2c.o
                0x08001118                HAL_I2C_Master_Transmit
 .text.HAL_I2C_IsDeviceReady
                0x08001300      0x20e Drivers\STM32WBxx_HAL_Driver\Src\stm32wbxx_hal_i2c.o
                0x08001300                HAL_I2C_IsDeviceReady
 .text.I2C_Flush_TXDR
                0x0800150e       0x48 Drivers\STM32WBxx_HAL_Driver\Src\stm32wbxx_hal_i2c.o
 .text.I2C_WaitOnFlagUntilTimeout
                0x08001556       0x80 Drivers\STM32WBxx_HAL_Driver\Src\stm32wbxx_hal_i2c.o
 .text.I2C_WaitOnTXISFlagUntilTimeout
                0x080015d6       0x80 Drivers\STM32WBxx_HAL_Driver\Src\stm32wbxx_hal_i2c.o
 .text.I2C_WaitOnSTOPFlagUntilTimeout
                0x08001656       0x78 Drivers\STM32WBxx_HAL_Driver\Src\stm32wbxx_hal_i2c.o
 *fill*         0x080016ce        0x2 
 .text.I2C_IsAcknowledgeFailed
                0x080016d0       0xcc Drivers\STM32WBxx_HAL_Driver\Src\stm32wbxx_hal_i2c.o
 .text.I2C_TransferConfig
                0x0800179c       0x58 Drivers\STM32WBxx_HAL_Driver\Src\stm32wbxx_hal_i2c.o
 .text.HAL_I2CEx_ConfigAnalogFilter
                0x080017f4       0x96 Drivers\STM32WBxx_HAL_Driver\Src\stm32wbxx_hal_i2c_ex.o
                0x080017f4                HAL_I2CEx_ConfigAnalogFilter
 .text.HAL_I2CEx_ConfigDigitalFilter
                0x0800188a       0x98 Drivers\STM32WBxx_HAL_Driver\Src\stm32wbxx_hal_i2c_ex.o
                0x0800188a                HAL_I2CEx_ConfigDigitalFilter
 .text.HAL_PCD_Init
                0x08001922      0x176 Drivers\STM32WBxx_HAL_Driver\Src\stm32wbxx_hal_pcd.o
                0x08001922                HAL_PCD_Init
 .text.HAL_PCDEx_ActivateLPM
                0x08001a98       0x54 Drivers\STM32WBxx_HAL_Driver\Src\stm32wbxx_hal_pcd_ex.o
                0x08001a98                HAL_PCDEx_ActivateLPM
 .text.HAL_PWR_EnableBkUpAccess
                0x08001aec       0x20 Drivers\STM32WBxx_HAL_Driver\Src\stm32wbxx_hal_pwr.o
                0x08001aec                HAL_PWR_EnableBkUpAccess
 .text.HAL_PWREx_GetVoltageRange
                0x08001b0c       0x1c Drivers\STM32WBxx_HAL_Driver\Src\stm32wbxx_hal_pwr_ex.o
                0x08001b0c                HAL_PWREx_GetVoltageRange
 .text.LL_RCC_HSE_IsEnabledDiv2
                0x08001b28       0x24 Drivers\STM32WBxx_HAL_Driver\Src\stm32wbxx_hal_rcc.o
 .text.LL_RCC_HSE_EnableBypass
                0x08001b4c       0x1e Drivers\STM32WBxx_HAL_Driver\Src\stm32wbxx_hal_rcc.o
 .text.LL_RCC_HSE_DisableBypass
                0x08001b6a       0x1e Drivers\STM32WBxx_HAL_Driver\Src\stm32wbxx_hal_rcc.o
 .text.LL_RCC_HSE_Enable
                0x08001b88       0x1e Drivers\STM32WBxx_HAL_Driver\Src\stm32wbxx_hal_rcc.o
 .text.LL_RCC_HSE_Disable
                0x08001ba6       0x1e Drivers\STM32WBxx_HAL_Driver\Src\stm32wbxx_hal_rcc.o
 .text.LL_RCC_HSE_IsReady
                0x08001bc4       0x24 Drivers\STM32WBxx_HAL_Driver\Src\stm32wbxx_hal_rcc.o
 .text.LL_RCC_HSI_Enable
                0x08001be8       0x1e Drivers\STM32WBxx_HAL_Driver\Src\stm32wbxx_hal_rcc.o
 .text.LL_RCC_HSI_Disable
                0x08001c06       0x1e Drivers\STM32WBxx_HAL_Driver\Src\stm32wbxx_hal_rcc.o
 .text.LL_RCC_HSI_IsReady
                0x08001c24       0x24 Drivers\STM32WBxx_HAL_Driver\Src\stm32wbxx_hal_rcc.o
 .text.LL_RCC_HSI_SetCalibTrimming
                0x08001c48       0x2a Drivers\STM32WBxx_HAL_Driver\Src\stm32wbxx_hal_rcc.o
 .text.LL_RCC_HSI48_Enable
                0x08001c72       0x22 Drivers\STM32WBxx_HAL_Driver\Src\stm32wbxx_hal_rcc.o
 .text.LL_RCC_HSI48_Disable
                0x08001c94       0x22 Drivers\STM32WBxx_HAL_Driver\Src\stm32wbxx_hal_rcc.o
 .text.LL_RCC_HSI48_IsReady
                0x08001cb6       0x24 Drivers\STM32WBxx_HAL_Driver\Src\stm32wbxx_hal_rcc.o
 .text.LL_RCC_LSE_Enable
                0x08001cda       0x22 Drivers\STM32WBxx_HAL_Driver\Src\stm32wbxx_hal_rcc.o
 .text.LL_RCC_LSE_Disable
                0x08001cfc       0x22 Drivers\STM32WBxx_HAL_Driver\Src\stm32wbxx_hal_rcc.o
 .text.LL_RCC_LSE_EnableBypass
                0x08001d1e       0x22 Drivers\STM32WBxx_HAL_Driver\Src\stm32wbxx_hal_rcc.o
 .text.LL_RCC_LSE_DisableBypass
                0x08001d40       0x22 Drivers\STM32WBxx_HAL_Driver\Src\stm32wbxx_hal_rcc.o
 .text.LL_RCC_LSE_IsReady
                0x08001d62       0x24 Drivers\STM32WBxx_HAL_Driver\Src\stm32wbxx_hal_rcc.o
 .text.LL_RCC_LSI1_Enable
                0x08001d86       0x22 Drivers\STM32WBxx_HAL_Driver\Src\stm32wbxx_hal_rcc.o
 .text.LL_RCC_LSI1_Disable
                0x08001da8       0x22 Drivers\STM32WBxx_HAL_Driver\Src\stm32wbxx_hal_rcc.o
 .text.LL_RCC_LSI1_IsReady
                0x08001dca       0x24 Drivers\STM32WBxx_HAL_Driver\Src\stm32wbxx_hal_rcc.o
 .text.LL_RCC_LSI2_Enable
                0x08001dee       0x22 Drivers\STM32WBxx_HAL_Driver\Src\stm32wbxx_hal_rcc.o
 .text.LL_RCC_LSI2_Disable
                0x08001e10       0x22 Drivers\STM32WBxx_HAL_Driver\Src\stm32wbxx_hal_rcc.o
 .text.LL_RCC_LSI2_IsReady
                0x08001e32       0x24 Drivers\STM32WBxx_HAL_Driver\Src\stm32wbxx_hal_rcc.o
 .text.LL_RCC_LSI2_SetTrimming
                0x08001e56       0x2e Drivers\STM32WBxx_HAL_Driver\Src\stm32wbxx_hal_rcc.o
 .text.LL_RCC_MSI_Enable
                0x08001e84       0x1e Drivers\STM32WBxx_HAL_Driver\Src\stm32wbxx_hal_rcc.o
 .text.LL_RCC_MSI_Disable
                0x08001ea2       0x1e Drivers\STM32WBxx_HAL_Driver\Src\stm32wbxx_hal_rcc.o
 .text.LL_RCC_MSI_IsReady
                0x08001ec0       0x22 Drivers\STM32WBxx_HAL_Driver\Src\stm32wbxx_hal_rcc.o
 .text.LL_RCC_MSI_SetRange
                0x08001ee2       0x28 Drivers\STM32WBxx_HAL_Driver\Src\stm32wbxx_hal_rcc.o
 .text.LL_RCC_MSI_GetRange
                0x08001f0a       0x2a Drivers\STM32WBxx_HAL_Driver\Src\stm32wbxx_hal_rcc.o
 .text.LL_RCC_MSI_SetCalibTrimming
                0x08001f34       0x2a Drivers\STM32WBxx_HAL_Driver\Src\stm32wbxx_hal_rcc.o
 .text.LL_RCC_SetSysClkSource
                0x08001f5e       0x28 Drivers\STM32WBxx_HAL_Driver\Src\stm32wbxx_hal_rcc.o
 .text.LL_RCC_GetSysClkSource
                0x08001f86       0x18 Drivers\STM32WBxx_HAL_Driver\Src\stm32wbxx_hal_rcc.o
 .text.LL_RCC_SetAHBPrescaler
                0x08001f9e       0x28 Drivers\STM32WBxx_HAL_Driver\Src\stm32wbxx_hal_rcc.o
 .text.LL_C2_RCC_SetAHBPrescaler
                0x08001fc6       0x2c Drivers\STM32WBxx_HAL_Driver\Src\stm32wbxx_hal_rcc.o
 .text.LL_RCC_SetAHB4Prescaler
                0x08001ff2       0x2e Drivers\STM32WBxx_HAL_Driver\Src\stm32wbxx_hal_rcc.o
 .text.LL_RCC_SetAPB1Prescaler
                0x08002020       0x28 Drivers\STM32WBxx_HAL_Driver\Src\stm32wbxx_hal_rcc.o
 .text.LL_RCC_SetAPB2Prescaler
                0x08002048       0x28 Drivers\STM32WBxx_HAL_Driver\Src\stm32wbxx_hal_rcc.o
 .text.LL_RCC_GetAHBPrescaler
                0x08002070       0x18 Drivers\STM32WBxx_HAL_Driver\Src\stm32wbxx_hal_rcc.o
 .text.LL_RCC_GetAHB4Prescaler
                0x08002088       0x1c Drivers\STM32WBxx_HAL_Driver\Src\stm32wbxx_hal_rcc.o
 .text.LL_RCC_GetAPB1Prescaler
                0x080020a4       0x18 Drivers\STM32WBxx_HAL_Driver\Src\stm32wbxx_hal_rcc.o
 .text.LL_RCC_GetAPB2Prescaler
                0x080020bc       0x18 Drivers\STM32WBxx_HAL_Driver\Src\stm32wbxx_hal_rcc.o
 .text.LL_RCC_PLL_Enable
                0x080020d4       0x1e Drivers\STM32WBxx_HAL_Driver\Src\stm32wbxx_hal_rcc.o
 .text.LL_RCC_PLL_Disable
                0x080020f2       0x1e Drivers\STM32WBxx_HAL_Driver\Src\stm32wbxx_hal_rcc.o
 .text.LL_RCC_PLL_IsReady
                0x08002110       0x24 Drivers\STM32WBxx_HAL_Driver\Src\stm32wbxx_hal_rcc.o
 .text.LL_RCC_PLL_GetN
                0x08002134       0x1a Drivers\STM32WBxx_HAL_Driver\Src\stm32wbxx_hal_rcc.o
 .text.LL_RCC_PLL_GetR
                0x0800214e       0x18 Drivers\STM32WBxx_HAL_Driver\Src\stm32wbxx_hal_rcc.o
 .text.LL_RCC_PLL_GetDivider
                0x08002166       0x18 Drivers\STM32WBxx_HAL_Driver\Src\stm32wbxx_hal_rcc.o
 .text.LL_RCC_PLL_GetMainSource
                0x0800217e       0x18 Drivers\STM32WBxx_HAL_Driver\Src\stm32wbxx_hal_rcc.o
 .text.LL_RCC_IsActiveFlag_HPRE
                0x08002196       0x24 Drivers\STM32WBxx_HAL_Driver\Src\stm32wbxx_hal_rcc.o
 .text.LL_RCC_IsActiveFlag_C2HPRE
                0x080021ba       0x26 Drivers\STM32WBxx_HAL_Driver\Src\stm32wbxx_hal_rcc.o
 .text.LL_RCC_IsActiveFlag_SHDHPRE
                0x080021e0       0x26 Drivers\STM32WBxx_HAL_Driver\Src\stm32wbxx_hal_rcc.o
 .text.LL_RCC_IsActiveFlag_PPRE1
                0x08002206       0x24 Drivers\STM32WBxx_HAL_Driver\Src\stm32wbxx_hal_rcc.o
 .text.LL_RCC_IsActiveFlag_PPRE2
                0x0800222a       0x24 Drivers\STM32WBxx_HAL_Driver\Src\stm32wbxx_hal_rcc.o
 *fill*         0x0800224e        0x2 
 .text.HAL_RCC_OscConfig
                0x08002250      0x6bc Drivers\STM32WBxx_HAL_Driver\Src\stm32wbxx_hal_rcc.o
                0x08002250                HAL_RCC_OscConfig
 .text.HAL_RCC_ClockConfig
                0x0800290c      0x278 Drivers\STM32WBxx_HAL_Driver\Src\stm32wbxx_hal_rcc.o
                0x0800290c                HAL_RCC_ClockConfig
 .text.HAL_RCC_GetSysClockFreq
                0x08002b84       0xd4 Drivers\STM32WBxx_HAL_Driver\Src\stm32wbxx_hal_rcc.o
                0x08002b84                HAL_RCC_GetSysClockFreq
 .text.HAL_RCC_GetHCLKFreq
                0x08002c58       0x28 Drivers\STM32WBxx_HAL_Driver\Src\stm32wbxx_hal_rcc.o
                0x08002c58                HAL_RCC_GetHCLKFreq
 .text.HAL_RCC_GetPCLK1Freq
                0x08002c80       0x2c Drivers\STM32WBxx_HAL_Driver\Src\stm32wbxx_hal_rcc.o
                0x08002c80                HAL_RCC_GetPCLK1Freq
 .text.HAL_RCC_GetPCLK2Freq
                0x08002cac       0x2c Drivers\STM32WBxx_HAL_Driver\Src\stm32wbxx_hal_rcc.o
                0x08002cac                HAL_RCC_GetPCLK2Freq
 .text.RCC_SetFlashLatencyFromMSIRange
                0x08002cd8       0x70 Drivers\STM32WBxx_HAL_Driver\Src\stm32wbxx_hal_rcc.o
 .text.RCC_SetFlashLatency
                0x08002d48      0x100 Drivers\STM32WBxx_HAL_Driver\Src\stm32wbxx_hal_rcc.o
 .text.LL_RCC_LSE_IsEnabled
                0x08002e48       0x24 Drivers\STM32WBxx_HAL_Driver\Src\stm32wbxx_hal_rcc_ex.o
 .text.LL_RCC_LSE_IsReady
                0x08002e6c       0x24 Drivers\STM32WBxx_HAL_Driver\Src\stm32wbxx_hal_rcc_ex.o
 .text.LL_RCC_MSI_EnablePLLMode
                0x08002e90       0x1e Drivers\STM32WBxx_HAL_Driver\Src\stm32wbxx_hal_rcc_ex.o
 .text.LL_RCC_SetRFWKPClockSource
                0x08002eae       0x2c Drivers\STM32WBxx_HAL_Driver\Src\stm32wbxx_hal_rcc_ex.o
 .text.LL_RCC_SetSMPSClockSource
                0x08002eda       0x28 Drivers\STM32WBxx_HAL_Driver\Src\stm32wbxx_hal_rcc_ex.o
 .text.LL_RCC_SetSMPSPrescaler
                0x08002f02       0x28 Drivers\STM32WBxx_HAL_Driver\Src\stm32wbxx_hal_rcc_ex.o
 .text.LL_RCC_SetUSARTClockSource
                0x08002f2a       0x2c Drivers\STM32WBxx_HAL_Driver\Src\stm32wbxx_hal_rcc_ex.o
 .text.LL_RCC_SetLPUARTClockSource
                0x08002f56       0x2c Drivers\STM32WBxx_HAL_Driver\Src\stm32wbxx_hal_rcc_ex.o
 .text.LL_RCC_SetI2CClockSource
                0x08002f82       0x3a Drivers\STM32WBxx_HAL_Driver\Src\stm32wbxx_hal_rcc_ex.o
 .text.LL_RCC_SetLPTIMClockSource
                0x08002fbc       0x34 Drivers\STM32WBxx_HAL_Driver\Src\stm32wbxx_hal_rcc_ex.o
 .text.LL_RCC_SetSAIClockSource
                0x08002ff0       0x2c Drivers\STM32WBxx_HAL_Driver\Src\stm32wbxx_hal_rcc_ex.o
 .text.LL_RCC_SetRNGClockSource
                0x0800301c       0x2c Drivers\STM32WBxx_HAL_Driver\Src\stm32wbxx_hal_rcc_ex.o
 .text.LL_RCC_SetCLK48ClockSource
                0x08003048       0x2c Drivers\STM32WBxx_HAL_Driver\Src\stm32wbxx_hal_rcc_ex.o
 .text.LL_RCC_SetUSBClockSource
                0x08003074       0x16 Drivers\STM32WBxx_HAL_Driver\Src\stm32wbxx_hal_rcc_ex.o
 .text.LL_RCC_SetADCClockSource
                0x0800308a       0x2c Drivers\STM32WBxx_HAL_Driver\Src\stm32wbxx_hal_rcc_ex.o
 .text.LL_RCC_SetRTCClockSource
                0x080030b6       0x2c Drivers\STM32WBxx_HAL_Driver\Src\stm32wbxx_hal_rcc_ex.o
 .text.LL_RCC_GetRTCClockSource
                0x080030e2       0x1a Drivers\STM32WBxx_HAL_Driver\Src\stm32wbxx_hal_rcc_ex.o
 .text.LL_RCC_ForceBackupDomainReset
                0x080030fc       0x22 Drivers\STM32WBxx_HAL_Driver\Src\stm32wbxx_hal_rcc_ex.o
 .text.LL_RCC_ReleaseBackupDomainReset
                0x0800311e       0x22 Drivers\STM32WBxx_HAL_Driver\Src\stm32wbxx_hal_rcc_ex.o
 .text.LL_RCC_PLLSAI1_Enable
                0x08003140       0x1e Drivers\STM32WBxx_HAL_Driver\Src\stm32wbxx_hal_rcc_ex.o
 .text.LL_RCC_PLLSAI1_Disable
                0x0800315e       0x1e Drivers\STM32WBxx_HAL_Driver\Src\stm32wbxx_hal_rcc_ex.o
 .text.LL_RCC_PLLSAI1_IsReady
                0x0800317c       0x24 Drivers\STM32WBxx_HAL_Driver\Src\stm32wbxx_hal_rcc_ex.o
 .text.HAL_RCCEx_PeriphCLKConfig
                0x080031a0      0x2ea Drivers\STM32WBxx_HAL_Driver\Src\stm32wbxx_hal_rcc_ex.o
                0x080031a0                HAL_RCCEx_PeriphCLKConfig
 .text.HAL_RCCEx_EnableMSIPLLMode
                0x0800348a        0xc Drivers\STM32WBxx_HAL_Driver\Src\stm32wbxx_hal_rcc_ex.o
                0x0800348a                HAL_RCCEx_EnableMSIPLLMode
 .text.RCCEx_PLLSAI1_ConfigNP
                0x08003496       0xb6 Drivers\STM32WBxx_HAL_Driver\Src\stm32wbxx_hal_rcc_ex.o
 .text.RCCEx_PLLSAI1_ConfigNQ
                0x0800354c       0xb6 Drivers\STM32WBxx_HAL_Driver\Src\stm32wbxx_hal_rcc_ex.o
 .text.RCCEx_PLLSAI1_ConfigNR
                0x08003602       0xb6 Drivers\STM32WBxx_HAL_Driver\Src\stm32wbxx_hal_rcc_ex.o
 .text.HAL_SPI_Init
                0x080036b8      0x110 Drivers\STM32WBxx_HAL_Driver\Src\stm32wbxx_hal_spi.o
                0x080036b8                HAL_SPI_Init
 .text.HAL_SPI_Transmit_DMA
                0x080037c8      0x1d8 Drivers\STM32WBxx_HAL_Driver\Src\stm32wbxx_hal_spi.o
                0x080037c8                HAL_SPI_Transmit_DMA
 .text.HAL_SPI_TxCpltCallback
                0x080039a0       0x14 Drivers\STM32WBxx_HAL_Driver\Src\stm32wbxx_hal_spi.o
                0x080039a0                HAL_SPI_TxCpltCallback
 .text.HAL_SPI_TxHalfCpltCallback
                0x080039b4       0x14 Drivers\STM32WBxx_HAL_Driver\Src\stm32wbxx_hal_spi.o
                0x080039b4                HAL_SPI_TxHalfCpltCallback
 .text.HAL_SPI_ErrorCallback
                0x080039c8       0x14 Drivers\STM32WBxx_HAL_Driver\Src\stm32wbxx_hal_spi.o
                0x080039c8                HAL_SPI_ErrorCallback
 .text.SPI_DMATransmitCplt
                0x080039dc       0xa6 Drivers\STM32WBxx_HAL_Driver\Src\stm32wbxx_hal_spi.o
 .text.SPI_DMAHalfTransmitCplt
                0x08003a82       0x1c Drivers\STM32WBxx_HAL_Driver\Src\stm32wbxx_hal_spi.o
 .text.SPI_DMAError
                0x08003a9e       0x40 Drivers\STM32WBxx_HAL_Driver\Src\stm32wbxx_hal_spi.o
 .text.SPI_WaitFlagStateUntilTimeout
                0x08003ade       0xd4 Drivers\STM32WBxx_HAL_Driver\Src\stm32wbxx_hal_spi.o
 .text.SPI_WaitFifoStateUntilTimeout
                0x08003bb2       0xda Drivers\STM32WBxx_HAL_Driver\Src\stm32wbxx_hal_spi.o
 .text.SPI_EndRxTxTransaction
                0x08003c8c       0x8c Drivers\STM32WBxx_HAL_Driver\Src\stm32wbxx_hal_spi.o
 .text.LL_RCC_GetUSARTClockSource
                0x08003d18       0x20 Drivers\STM32WBxx_HAL_Driver\Src\stm32wbxx_hal_uart.o
 .text.LL_RCC_GetLPUARTClockSource
                0x08003d38       0x20 Drivers\STM32WBxx_HAL_Driver\Src\stm32wbxx_hal_uart.o
 .text.HAL_UART_Init
                0x08003d58       0xa0 Drivers\STM32WBxx_HAL_Driver\Src\stm32wbxx_hal_uart.o
                0x08003d58                HAL_UART_Init
 .text.UART_SetConfig
                0x08003df8     0x10a0 Drivers\STM32WBxx_HAL_Driver\Src\stm32wbxx_hal_uart.o
                0x08003df8                UART_SetConfig
 .text.UART_AdvFeatureConfig
                0x08004e98      0x144 Drivers\STM32WBxx_HAL_Driver\Src\stm32wbxx_hal_uart.o
                0x08004e98                UART_AdvFeatureConfig
 .text.UART_CheckIdleState
                0x08004fdc       0x90 Drivers\STM32WBxx_HAL_Driver\Src\stm32wbxx_hal_uart.o
                0x08004fdc                UART_CheckIdleState
 .text.UART_WaitOnFlagUntilTimeout
                0x0800506c      0x100 Drivers\STM32WBxx_HAL_Driver\Src\stm32wbxx_hal_uart.o
                0x0800506c                UART_WaitOnFlagUntilTimeout
 .text.HAL_UARTEx_DisableFifoMode
                0x0800516c       0x72 Drivers\STM32WBxx_HAL_Driver\Src\stm32wbxx_hal_uart_ex.o
                0x0800516c                HAL_UARTEx_DisableFifoMode
 .text.HAL_UARTEx_SetTxFifoThreshold
                0x080051de       0x7c Drivers\STM32WBxx_HAL_Driver\Src\stm32wbxx_hal_uart_ex.o
                0x080051de                HAL_UARTEx_SetTxFifoThreshold
 .text.HAL_UARTEx_SetRxFifoThreshold
                0x0800525a       0x7c Drivers\STM32WBxx_HAL_Driver\Src\stm32wbxx_hal_uart_ex.o
                0x0800525a                HAL_UARTEx_SetRxFifoThreshold
 *fill*         0x080052d6        0x2 
 .text.UARTEx_SetNbDataToProcess
                0x080052d8       0xd0 Drivers\STM32WBxx_HAL_Driver\Src\stm32wbxx_hal_uart_ex.o
 .text.USB_EnableGlobalInt
                0x080053a8       0x30 Drivers\STM32WBxx_HAL_Driver\Src\stm32wbxx_ll_usb.o
                0x080053a8                USB_EnableGlobalInt
 .text.USB_DisableGlobalInt
                0x080053d8       0x3a Drivers\STM32WBxx_HAL_Driver\Src\stm32wbxx_ll_usb.o
                0x080053d8                USB_DisableGlobalInt
 .text.USB_DevInit
                0x08005412       0x48 Drivers\STM32WBxx_HAL_Driver\Src\stm32wbxx_ll_usb.o
                0x08005412                USB_DevInit
 *fill*         0x0800545a        0x2 
 .text.leds_playNote
                0x0800545c       0x74 Src\leds.o
                0x0800545c                leds_playNote
 .text.leds_scrollNote
                0x080054d0       0x50 Src\leds.o
                0x080054d0                leds_scrollNote
 .text.setLedColor
                0x08005520       0xa4 Src\leds.o
                0x08005520                setLedColor
 .text.resetLeds
                0x080055c4       0x2c Src\leds.o
                0x080055c4                resetLeds
 .text.updateLeds
                0x080055f0       0x28 Src\leds.o
                0x080055f0                updateLeds
 .text.LL_RCC_LSE_SetDriveCapability
                0x08005618       0x2c Src\main.o
 .text.LL_AHB1_GRP1_EnableClock
                0x08005644       0x32 Src\main.o
 .text.LL_AHB2_GRP1_EnableClock
                0x08005676       0x32 Src\main.o
 .text.initLedColors
                0x080056a8       0x82 Src\main.o
                0x080056a8                initLedColors
 *fill*         0x0800572a        0x2 
 .text.printScore
                0x0800572c       0x80 Src\main.o
                0x0800572c                printScore
 .text.main     0x080057ac      0x108 Src\main.o
                0x080057ac                main
 .text.SystemClock_Config
                0x080058b4      0x150 Src\main.o
                0x080058b4                SystemClock_Config
 .text.MX_I2C1_Init
                0x08005a04       0x80 Src\main.o
 .text.MX_SPI1_Init
                0x08005a84       0x7c Src\main.o
 .text.MX_USART1_UART_Init
                0x08005b00       0x9c Src\main.o
 .text.MX_USB_PCD_Init
                0x08005b9c       0x50 Src\main.o
 .text.MX_DMA_Init
                0x08005bec       0x24 Src\main.o
 .text.MX_GPIO_Init
                0x08005c10       0x90 Src\main.o
 .text.Error_Handler
                0x08005ca0        0xe Src\main.o
                0x08005ca0                Error_Handler
 .text.segments_init
                0x08005cae       0xd4 Src\segments.o
                0x08005cae                segments_init
 *fill*         0x08005d82        0x2 
 .text.initChars
                0x08005d84       0x8c Src\segments.o
                0x08005d84                initChars
 .text.segments_print
                0x08005e10       0x88 Src\segments.o
                0x08005e10                segments_print
 .text.LL_AHB2_GRP1_EnableClock
                0x08005e98       0x32 Src\stm32wbxx_hal_msp.o
 .text.LL_APB1_GRP1_EnableClock
                0x08005eca       0x32 Src\stm32wbxx_hal_msp.o
 .text.LL_APB2_GRP1_EnableClock
                0x08005efc       0x32 Src\stm32wbxx_hal_msp.o
 .text.HAL_MspInit
                0x08005f2e        0xe Src\stm32wbxx_hal_msp.o
                0x08005f2e                HAL_MspInit
 .text.HAL_I2C_MspInit
                0x08005f3c       0x64 Src\stm32wbxx_hal_msp.o
                0x08005f3c                HAL_I2C_MspInit
 .text.HAL_SPI_MspInit
                0x08005fa0       0xbc Src\stm32wbxx_hal_msp.o
                0x08005fa0                HAL_SPI_MspInit
 .text.HAL_UART_MspInit
                0x0800605c       0x60 Src\stm32wbxx_hal_msp.o
                0x0800605c                HAL_UART_MspInit
 .text.HAL_PCD_MspInit
                0x080060bc       0x60 Src\stm32wbxx_hal_msp.o
                0x080060bc                HAL_PCD_MspInit
 .text.NMI_Handler
                0x0800611c        0xe Src\stm32wbxx_it.o
                0x0800611c                NMI_Handler
 .text.HardFault_Handler
                0x0800612a        0x6 Src\stm32wbxx_it.o
                0x0800612a                HardFault_Handler
 .text.MemManage_Handler
                0x08006130        0x6 Src\stm32wbxx_it.o
                0x08006130                MemManage_Handler
 .text.BusFault_Handler
                0x08006136        0x6 Src\stm32wbxx_it.o
                0x08006136                BusFault_Handler
 .text.UsageFault_Handler
                0x0800613c        0x6 Src\stm32wbxx_it.o
                0x0800613c                UsageFault_Handler
 .text.SVC_Handler
                0x08006142        0xe Src\stm32wbxx_it.o
                0x08006142                SVC_Handler
 .text.DebugMon_Handler
                0x08006150        0xe Src\stm32wbxx_it.o
                0x08006150                DebugMon_Handler
 .text.PendSV_Handler
                0x0800615e        0xe Src\stm32wbxx_it.o
                0x0800615e                PendSV_Handler
 .text.SysTick_Handler
                0x0800616c        0xc Src\stm32wbxx_it.o
                0x0800616c                SysTick_Handler
 .text.DMA1_Channel1_IRQHandler
                0x08006178       0x14 Src\stm32wbxx_it.o
                0x08006178                DMA1_Channel1_IRQHandler
 .text.SystemInit
                0x0800618c       0xac Src\system_stm32wbxx.o
                0x0800618c                SystemInit
 .text.SystemCoreClockUpdate
                0x08006238      0x144 Src\system_stm32wbxx.o
                0x08006238                SystemCoreClockUpdate
 .text.Reset_Handler
                0x0800637c       0x50 startup\startup_stm32wb55xx_cm4.o
                0x0800637c                Reset_Handler
 .text.Default_Handler
                0x080063cc        0x2 startup\startup_stm32wb55xx_cm4.o
                0x080063cc                RTC_Alarm_IRQHandler
                0x080063cc                EXTI2_IRQHandler
                0x080063cc                TIM1_CC_IRQHandler
                0x080063cc                TSC_IRQHandler
                0x080063cc                USB_HP_IRQHandler
                0x080063cc                EXTI3_IRQHandler
                0x080063cc                LPTIM2_IRQHandler
                0x080063cc                I2C3_ER_IRQHandler
                0x080063cc                EXTI0_IRQHandler
                0x080063cc                FPU_IRQHandler
                0x080063cc                TIM1_UP_TIM16_IRQHandler
                0x080063cc                AES1_IRQHandler
                0x080063cc                SPI1_IRQHandler
                0x080063cc                PWR_SOTF_BLEACT_802ACT_RFPHASE_IRQHandler
                0x080063cc                DMA2_Channel2_IRQHandler
                0x080063cc                DMA1_Channel4_IRQHandler
                0x080063cc                ADC1_IRQHandler
                0x080063cc                PKA_IRQHandler
                0x080063cc                DMA1_Channel7_IRQHandler
                0x080063cc                LCD_IRQHandler
                0x080063cc                IPCC_C1_TX_IRQHandler
                0x080063cc                DMA2_Channel1_IRQHandler
                0x080063cc                QUADSPI_IRQHandler
                0x080063cc                I2C1_EV_IRQHandler
                0x080063cc                DMAMUX1_OVR_IRQHandler
                0x080063cc                DMA1_Channel6_IRQHandler
                0x080063cc                DMA2_Channel4_IRQHandler
                0x080063cc                RCC_IRQHandler
                0x080063cc                Default_Handler
                0x080063cc                DMA2_Channel7_IRQHandler
                0x080063cc                EXTI15_10_IRQHandler
                0x080063cc                IPCC_C1_RX_IRQHandler
                0x080063cc                C2SEV_PWR_C2H_IRQHandler
                0x080063cc                AES2_IRQHandler
                0x080063cc                I2C3_EV_IRQHandler
                0x080063cc                EXTI9_5_IRQHandler
                0x080063cc                RTC_WKUP_IRQHandler
                0x080063cc                PVD_PVM_IRQHandler
                0x080063cc                SPI2_IRQHandler
                0x080063cc                DMA2_Channel5_IRQHandler
                0x080063cc                CRS_IRQHandler
                0x080063cc                DMA1_Channel5_IRQHandler
                0x080063cc                USB_LP_IRQHandler
                0x080063cc                EXTI4_IRQHandler
                0x080063cc                RNG_IRQHandler
                0x080063cc                TIM1_TRG_COM_TIM17_IRQHandler
                0x080063cc                TAMP_STAMP_LSECSS_IRQHandler
                0x080063cc                DMA1_Channel3_IRQHandler
                0x080063cc                COMP_IRQHandler
                0x080063cc                HSEM_IRQHandler
                0x080063cc                WWDG_IRQHandler
                0x080063cc                LPUART1_IRQHandler
                0x080063cc                DMA2_Channel6_IRQHandler
                0x080063cc                TIM2_IRQHandler
                0x080063cc                TIM1_BRK_IRQHandler
                0x080063cc                EXTI1_IRQHandler
                0x080063cc                DMA1_Channel2_IRQHandler
                0x080063cc                FLASH_IRQHandler
                0x080063cc                USART1_IRQHandler
                0x080063cc                I2C1_ER_IRQHandler
                0x080063cc                LPTIM1_IRQHandler
                0x080063cc                SAI1_IRQHandler
                0x080063cc                DMA2_Channel3_IRQHandler
 *fill*         0x080063ce        0x2 
 .text.__libc_init_array
                0x080063d0       0x48 c:/program files (x86)/atollic/truestudio for stm32 9.3.0/armtools/bin/../lib/gcc/arm-atollic-eabi/6.3.1/../../../../arm-atollic-eabi/lib/armv7e-m/fpu\libc_nano.a(lib_a-init.o)
                0x080063d0                __libc_init_array
 .text.memset   0x08006418       0x10 c:/program files (x86)/atollic/truestudio for stm32 9.3.0/armtools/bin/../lib/gcc/arm-atollic-eabi/6.3.1/../../../../arm-atollic-eabi/lib/armv7e-m/fpu\libc_nano.a(lib_a-memset.o)
                0x08006418                memset
 *(.glue_7)
 .glue_7        0x08006428        0x0 linker stubs
 *(.glue_7t)
 .glue_7t       0x08006428        0x0 linker stubs
 *(.eh_frame)
 .eh_frame      0x08006428        0x0 c:/program files (x86)/atollic/truestudio for stm32 9.3.0/armtools/bin/../lib/gcc/arm-atollic-eabi/6.3.1/armv7e-m/fpu/crtbegin.o
 *(.init)
 .init          0x08006428        0x4 c:/program files (x86)/atollic/truestudio for stm32 9.3.0/armtools/bin/../lib/gcc/arm-atollic-eabi/6.3.1/armv7e-m/fpu/crti.o
                0x08006428                _init
 .init          0x0800642c        0x8 c:/program files (x86)/atollic/truestudio for stm32 9.3.0/armtools/bin/../lib/gcc/arm-atollic-eabi/6.3.1/armv7e-m/fpu/crtn.o
 *(.fini)
 .fini          0x08006434        0x4 c:/program files (x86)/atollic/truestudio for stm32 9.3.0/armtools/bin/../lib/gcc/arm-atollic-eabi/6.3.1/armv7e-m/fpu/crti.o
                0x08006434                _fini
 .fini          0x08006438        0x8 c:/program files (x86)/atollic/truestudio for stm32 9.3.0/armtools/bin/../lib/gcc/arm-atollic-eabi/6.3.1/armv7e-m/fpu/crtn.o
                0x08006440                . = ALIGN (0x4)
                0x08006440                _etext = .

.vfp11_veneer   0x08006440        0x0
 .vfp11_veneer  0x08006440        0x0 linker stubs

.v4_bx          0x08006440        0x0
 .v4_bx         0x08006440        0x0 linker stubs

.iplt           0x08006440        0x0
 .iplt          0x08006440        0x0 c:/program files (x86)/atollic/truestudio for stm32 9.3.0/armtools/bin/../lib/gcc/arm-atollic-eabi/6.3.1/armv7e-m/fpu/crtbegin.o

.rodata         0x08006440       0xe0
                0x08006440                . = ALIGN (0x4)
 *(.rodata)
 .rodata        0x08006440       0x2c Drivers\STM32WBxx_HAL_Driver\Src\stm32wbxx_hal_rcc.o
 .rodata        0x0800646c       0x10 Drivers\STM32WBxx_HAL_Driver\Src\stm32wbxx_hal_uart_ex.o
 .rodata        0x0800647c        0x4 Src\main.o
 *(.rodata*)
 .rodata.AHBPrescTable
                0x08006480       0x40 Src\system_stm32wbxx.o
                0x08006480                AHBPrescTable
 .rodata.APBPrescTable
                0x080064c0       0x20 Src\system_stm32wbxx.o
                0x080064c0                APBPrescTable
 .rodata.MSIRangeTable
                0x080064e0       0x40 Src\system_stm32wbxx.o
                0x080064e0                MSIRangeTable
                0x08006520                . = ALIGN (0x4)

.ARM.extab
 *(.ARM.extab* .gnu.linkonce.armextab.*)

.ARM            0x08006520        0x8
                0x08006520                __exidx_start = .
 *(.ARM.exidx*)
 .ARM.exidx     0x08006520        0x8 c:/program files (x86)/atollic/truestudio for stm32 9.3.0/armtools/bin/../lib/gcc/arm-atollic-eabi/6.3.1/armv7e-m/fpu\libgcc.a(_udivmoddi4.o)
                0x08006528                __exidx_end = .

.rel.dyn        0x08006528        0x0
 .rel.iplt      0x08006528        0x0 c:/program files (x86)/atollic/truestudio for stm32 9.3.0/armtools/bin/../lib/gcc/arm-atollic-eabi/6.3.1/armv7e-m/fpu/crtbegin.o

.preinit_array  0x08006528        0x0
                0x08006528                PROVIDE (__preinit_array_start, .)
 *(.preinit_array*)
                0x08006528                PROVIDE (__preinit_array_end, .)

.init_array     0x08006528        0x4
                0x08006528                PROVIDE (__init_array_start, .)
 *(SORT(.init_array.*))
 *(.init_array*)
 .init_array    0x08006528        0x4 c:/program files (x86)/atollic/truestudio for stm32 9.3.0/armtools/bin/../lib/gcc/arm-atollic-eabi/6.3.1/armv7e-m/fpu/crtbegin.o
                0x0800652c                PROVIDE (__init_array_end, .)

.fini_array     0x0800652c        0x4
                [!provide]                PROVIDE (__fini_array_start, .)
 *(SORT(.fini_array.*))
 *(.fini_array*)
 .fini_array    0x0800652c        0x4 c:/program files (x86)/atollic/truestudio for stm32 9.3.0/armtools/bin/../lib/gcc/arm-atollic-eabi/6.3.1/armv7e-m/fpu/crtbegin.o
                [!provide]                PROVIDE (__fini_array_end, .)
                0x08006530                _sidata = LOADADDR (.data)

.data           0x20000004      0x174 load address 0x08006530
                0x20000004                . = ALIGN (0x4)
                0x20000004                _sdata = .
 *(.data)
 *(.data*)
 .data.uwTickPrio
                0x20000004        0x4 Drivers\STM32WBxx_HAL_Driver\Src\stm32wbxx_hal.o
                0x20000004                uwTickPrio
 .data.uwTickFreq
                0x20000008        0x4 Drivers\STM32WBxx_HAL_Driver\Src\stm32wbxx_hal.o
                0x20000008                uwTickFreq
 .data.note_colors
                0x2000000c        0xc Src\leds.o
 .data.deleteOffset
                0x20000018       0x10 Src\leds.o
 .data.pattern  0x20000028      0x140 Src\main.o
                0x20000028                pattern
 .data.charBuffer
                0x20000168        0xa Src\segments.o
                0x20000168                charBuffer
 *fill*         0x20000172        0x2 
 .data.SystemCoreClock
                0x20000174        0x4 Src\system_stm32wbxx.o
                0x20000174                SystemCoreClock
                0x20000178                . = ALIGN (0x4)
                0x20000178                _edata = .

.igot.plt       0x20000178        0x0 load address 0x080066a4
 .igot.plt      0x20000178        0x0 c:/program files (x86)/atollic/truestudio for stm32 9.3.0/armtools/bin/../lib/gcc/arm-atollic-eabi/6.3.1/armv7e-m/fpu/crtbegin.o
                0x20000178                . = ALIGN (0x4)

.bss            0x20000178      0x5e0 load address 0x080066a4
                0x20000178                _sbss = .
                0x20000178                __bss_start__ = _sbss
 *(.bss)
 .bss           0x20000178       0x1c c:/program files (x86)/atollic/truestudio for stm32 9.3.0/armtools/bin/../lib/gcc/arm-atollic-eabi/6.3.1/armv7e-m/fpu/crtbegin.o
 *(.bss*)
 .bss.led_data  0x20000194      0x122 Src\leds.o
 *fill*         0x200002b6        0x2 
 .bss.scoreRed  0x200002b8        0x4 Src\main.o
                0x200002b8                scoreRed
 .bss.scoreYellow
                0x200002bc        0x4 Src\main.o
                0x200002bc                scoreYellow
 .bss.patternOffset
                0x200002c0        0x4 Src\main.o
                0x200002c0                patternOffset
 *(COMMON)
 COMMON         0x200002c4        0x4 Drivers\STM32WBxx_HAL_Driver\Src\stm32wbxx_hal.o
                0x200002c4                uwTick
 COMMON         0x200002c8      0x410 Src\main.o
                0x200002c8                hi2c1
                0x20000314                huart1
                0x200003a0                hspi1
                0x20000404                hpcd_USB_FS
                0x20000678                hdma_spi1_tx
 COMMON         0x200006d8       0x80 Src\segments.o
                0x200006d8                chars
                0x20000758                . = ALIGN (0x4)
                0x20000758                _ebss = .
                0x20000758                __bss_end__ = _ebss

._user_heap_stack
                0x20000758      0x600 load address 0x080066a4
                0x20000758                . = ALIGN (0x8)
                0x20000758                PROVIDE (end, .)
                [!provide]                PROVIDE (_end, .)
                0x20000958                . = (. + _Min_Heap_Size)
 *fill*         0x20000758      0x200 
                0x20000d58                . = (. + _Min_Stack_Size)
 *fill*         0x20000958      0x400 
                0x20000d58                . = ALIGN (0x8)

/DISCARD/
 libc.a(*)
 libm.a(*)
 libgcc.a(*)

.ARM.attributes
                0x00000000       0x30
 *(.ARM.attributes)
 .ARM.attributes
                0x00000000       0x22 c:/program files (x86)/atollic/truestudio for stm32 9.3.0/armtools/bin/../lib/gcc/arm-atollic-eabi/6.3.1/armv7e-m/fpu/crti.o
 .ARM.attributes
                0x00000022       0x34 c:/program files (x86)/atollic/truestudio for stm32 9.3.0/armtools/bin/../lib/gcc/arm-atollic-eabi/6.3.1/armv7e-m/fpu/crtbegin.o
 .ARM.attributes
                0x00000056       0x39 Drivers\STM32WBxx_HAL_Driver\Src\stm32wbxx_hal.o
 .ARM.attributes
                0x0000008f       0x39 Drivers\STM32WBxx_HAL_Driver\Src\stm32wbxx_hal_cortex.o
 .ARM.attributes
                0x000000c8       0x39 Drivers\STM32WBxx_HAL_Driver\Src\stm32wbxx_hal_dma.o
 .ARM.attributes
                0x00000101       0x39 Drivers\STM32WBxx_HAL_Driver\Src\stm32wbxx_hal_gpio.o
 .ARM.attributes
                0x0000013a       0x39 Drivers\STM32WBxx_HAL_Driver\Src\stm32wbxx_hal_i2c.o
 .ARM.attributes
                0x00000173       0x39 Drivers\STM32WBxx_HAL_Driver\Src\stm32wbxx_hal_i2c_ex.o
 .ARM.attributes
                0x000001ac       0x39 Drivers\STM32WBxx_HAL_Driver\Src\stm32wbxx_hal_pcd.o
 .ARM.attributes
                0x000001e5       0x39 Drivers\STM32WBxx_HAL_Driver\Src\stm32wbxx_hal_pcd_ex.o
 .ARM.attributes
                0x0000021e       0x39 Drivers\STM32WBxx_HAL_Driver\Src\stm32wbxx_hal_pwr.o
 .ARM.attributes
                0x00000257       0x39 Drivers\STM32WBxx_HAL_Driver\Src\stm32wbxx_hal_pwr_ex.o
 .ARM.attributes
                0x00000290       0x39 Drivers\STM32WBxx_HAL_Driver\Src\stm32wbxx_hal_rcc.o
 .ARM.attributes
                0x000002c9       0x39 Drivers\STM32WBxx_HAL_Driver\Src\stm32wbxx_hal_rcc_ex.o
 .ARM.attributes
                0x00000302       0x39 Drivers\STM32WBxx_HAL_Driver\Src\stm32wbxx_hal_spi.o
 .ARM.attributes
                0x0000033b       0x39 Drivers\STM32WBxx_HAL_Driver\Src\stm32wbxx_hal_uart.o
 .ARM.attributes
                0x00000374       0x39 Drivers\STM32WBxx_HAL_Driver\Src\stm32wbxx_hal_uart_ex.o
 .ARM.attributes
                0x000003ad       0x39 Drivers\STM32WBxx_HAL_Driver\Src\stm32wbxx_ll_usb.o
 .ARM.attributes
                0x000003e6       0x39 Src\leds.o
 .ARM.attributes
                0x0000041f       0x39 Src\main.o
 .ARM.attributes
                0x00000458       0x39 Src\segments.o
 .ARM.attributes
                0x00000491       0x39 Src\stm32wbxx_hal_msp.o
 .ARM.attributes
                0x000004ca       0x39 Src\stm32wbxx_it.o
 .ARM.attributes
                0x00000503       0x39 Src\system_stm32wbxx.o
 .ARM.attributes
                0x0000053c       0x21 startup\startup_stm32wb55xx_cm4.o
 .ARM.attributes
                0x0000055d       0x34 c:/program files (x86)/atollic/truestudio for stm32 9.3.0/armtools/bin/../lib/gcc/arm-atollic-eabi/6.3.1/../../../../arm-atollic-eabi/lib/armv7e-m/fpu\libc_nano.a(lib_a-init.o)
 .ARM.attributes
                0x00000591       0x34 c:/program files (x86)/atollic/truestudio for stm32 9.3.0/armtools/bin/../lib/gcc/arm-atollic-eabi/6.3.1/../../../../arm-atollic-eabi/lib/armv7e-m/fpu\libc_nano.a(lib_a-memset.o)
 .ARM.attributes
                0x000005c5       0x1b c:/program files (x86)/atollic/truestudio for stm32 9.3.0/armtools/bin/../lib/gcc/arm-atollic-eabi/6.3.1/../../../../arm-atollic-eabi/lib/armv7e-m/fpu\libc_nano.a(lib_a-strlen.o)
 .ARM.attributes
                0x000005e0       0x22 c:/program files (x86)/atollic/truestudio for stm32 9.3.0/armtools/bin/../lib/gcc/arm-atollic-eabi/6.3.1/armv7e-m/fpu\libgcc.a(_aeabi_uldivmod.o)
 .ARM.attributes
                0x00000602       0x34 c:/program files (x86)/atollic/truestudio for stm32 9.3.0/armtools/bin/../lib/gcc/arm-atollic-eabi/6.3.1/armv7e-m/fpu\libgcc.a(_udivmoddi4.o)
 .ARM.attributes
                0x00000636       0x22 c:/program files (x86)/atollic/truestudio for stm32 9.3.0/armtools/bin/../lib/gcc/arm-atollic-eabi/6.3.1/armv7e-m/fpu\libgcc.a(_dvmd_tls.o)
 .ARM.attributes
                0x00000658       0x22 c:/program files (x86)/atollic/truestudio for stm32 9.3.0/armtools/bin/../lib/gcc/arm-atollic-eabi/6.3.1/armv7e-m/fpu/crtn.o

MAPPING_TABLE
 *(MAPPING_TABLE)

MB_MEM1
 *(MB_MEM1)

MB_MEM2
 *(MB_MEM2)
OUTPUT(Alchimie13.elf elf32-littlearm)

.debug_info     0x00000000    0x1797d
 .debug_info    0x00000000     0x12f7 Drivers\STM32WBxx_HAL_Driver\Src\stm32wbxx_hal.o
 .debug_info    0x000012f7      0xde8 Drivers\STM32WBxx_HAL_Driver\Src\stm32wbxx_hal_cortex.o
 .debug_info    0x000020df      0x97a Drivers\STM32WBxx_HAL_Driver\Src\stm32wbxx_hal_dma.o
 .debug_info    0x00002a59      0x7d9 Drivers\STM32WBxx_HAL_Driver\Src\stm32wbxx_hal_gpio.o
 .debug_info    0x00003232     0x20f2 Drivers\STM32WBxx_HAL_Driver\Src\stm32wbxx_hal_i2c.o
 .debug_info    0x00005324      0xa14 Drivers\STM32WBxx_HAL_Driver\Src\stm32wbxx_hal_i2c_ex.o
 .debug_info    0x00005d38      0xef8 Drivers\STM32WBxx_HAL_Driver\Src\stm32wbxx_hal_pcd.o
 .debug_info    0x00006c30      0x910 Drivers\STM32WBxx_HAL_Driver\Src\stm32wbxx_hal_pcd_ex.o
 .debug_info    0x00007540      0x9df Drivers\STM32WBxx_HAL_Driver\Src\stm32wbxx_hal_pwr.o
 .debug_info    0x00007f1f     0x1132 Drivers\STM32WBxx_HAL_Driver\Src\stm32wbxx_hal_pwr_ex.o
 .debug_info    0x00009051     0x154d Drivers\STM32WBxx_HAL_Driver\Src\stm32wbxx_hal_rcc.o
 .debug_info    0x0000a59e     0x1c9c Drivers\STM32WBxx_HAL_Driver\Src\stm32wbxx_hal_rcc_ex.o
 .debug_info    0x0000c23a     0x1799 Drivers\STM32WBxx_HAL_Driver\Src\stm32wbxx_hal_spi.o
 .debug_info    0x0000d9d3     0x1b98 Drivers\STM32WBxx_HAL_Driver\Src\stm32wbxx_hal_uart.o
 .debug_info    0x0000f56b      0xc31 Drivers\STM32WBxx_HAL_Driver\Src\stm32wbxx_hal_uart_ex.o
 .debug_info    0x0001019c     0x15c0 Drivers\STM32WBxx_HAL_Driver\Src\stm32wbxx_ll_usb.o
 .debug_info    0x0001175c      0xa82 Src\leds.o
 .debug_info    0x000121de     0x1f9b Src\main.o
 .debug_info    0x00014179     0x11a2 Src\segments.o
 .debug_info    0x0001531b     0x1888 Src\stm32wbxx_hal_msp.o
 .debug_info    0x00016ba3      0x5a9 Src\stm32wbxx_it.o
 .debug_info    0x0001714c      0x7ba Src\system_stm32wbxx.o
 .debug_info    0x00017906       0x77 startup\startup_stm32wb55xx_cm4.o

.debug_abbrev   0x00000000     0x2f5b
 .debug_abbrev  0x00000000      0x2dd Drivers\STM32WBxx_HAL_Driver\Src\stm32wbxx_hal.o
 .debug_abbrev  0x000002dd      0x2ef Drivers\STM32WBxx_HAL_Driver\Src\stm32wbxx_hal_cortex.o
 .debug_abbrev  0x000005cc      0x1d7 Drivers\STM32WBxx_HAL_Driver\Src\stm32wbxx_hal_dma.o
 .debug_abbrev  0x000007a3      0x1d1 Drivers\STM32WBxx_HAL_Driver\Src\stm32wbxx_hal_gpio.o
 .debug_abbrev  0x00000974      0x228 Drivers\STM32WBxx_HAL_Driver\Src\stm32wbxx_hal_i2c.o
 .debug_abbrev  0x00000b9c      0x1bb Drivers\STM32WBxx_HAL_Driver\Src\stm32wbxx_hal_i2c_ex.o
 .debug_abbrev  0x00000d57      0x27b Drivers\STM32WBxx_HAL_Driver\Src\stm32wbxx_hal_pcd.o
 .debug_abbrev  0x00000fd2      0x1e9 Drivers\STM32WBxx_HAL_Driver\Src\stm32wbxx_hal_pcd_ex.o
 .debug_abbrev  0x000011bb      0x1b7 Drivers\STM32WBxx_HAL_Driver\Src\stm32wbxx_hal_pwr.o
 .debug_abbrev  0x00001372      0x2d4 Drivers\STM32WBxx_HAL_Driver\Src\stm32wbxx_hal_pwr_ex.o
 .debug_abbrev  0x00001646      0x248 Drivers\STM32WBxx_HAL_Driver\Src\stm32wbxx_hal_rcc.o
 .debug_abbrev  0x0000188e      0x2d7 Drivers\STM32WBxx_HAL_Driver\Src\stm32wbxx_hal_rcc_ex.o
 .debug_abbrev  0x00001b65      0x226 Drivers\STM32WBxx_HAL_Driver\Src\stm32wbxx_hal_spi.o
 .debug_abbrev  0x00001d8b      0x237 Drivers\STM32WBxx_HAL_Driver\Src\stm32wbxx_hal_uart.o
 .debug_abbrev  0x00001fc2      0x1e0 Drivers\STM32WBxx_HAL_Driver\Src\stm32wbxx_hal_uart_ex.o
 .debug_abbrev  0x000021a2      0x237 Drivers\STM32WBxx_HAL_Driver\Src\stm32wbxx_ll_usb.o
 .debug_abbrev  0x000023d9      0x1fb Src\leds.o
 .debug_abbrev  0x000025d4      0x295 Src\main.o
 .debug_abbrev  0x00002869      0x219 Src\segments.o
 .debug_abbrev  0x00002a82      0x21f Src\stm32wbxx_hal_msp.o
 .debug_abbrev  0x00002ca1      0x147 Src\stm32wbxx_it.o
 .debug_abbrev  0x00002de8      0x161 Src\system_stm32wbxx.o
 .debug_abbrev  0x00002f49       0x12 startup\startup_stm32wb55xx_cm4.o

.debug_aranges  0x00000000     0x1a28
 .debug_aranges
                0x00000000      0x280 Drivers\STM32WBxx_HAL_Driver\Src\stm32wbxx_hal.o
 .debug_aranges
                0x00000280      0x108 Drivers\STM32WBxx_HAL_Driver\Src\stm32wbxx_hal_cortex.o
 .debug_aranges
                0x00000388       0x90 Drivers\STM32WBxx_HAL_Driver\Src\stm32wbxx_hal_dma.o
 .debug_aranges
                0x00000418       0x58 Drivers\STM32WBxx_HAL_Driver\Src\stm32wbxx_hal_gpio.o
 .debug_aranges
                0x00000470      0x288 Drivers\STM32WBxx_HAL_Driver\Src\stm32wbxx_hal_i2c.o
 .debug_aranges
                0x000006f8       0x48 Drivers\STM32WBxx_HAL_Driver\Src\stm32wbxx_hal_i2c_ex.o
 .debug_aranges
                0x00000740      0x120 Drivers\STM32WBxx_HAL_Driver\Src\stm32wbxx_hal_pcd.o
 .debug_aranges
                0x00000860       0x58 Drivers\STM32WBxx_HAL_Driver\Src\stm32wbxx_hal_pcd_ex.o
 .debug_aranges
                0x000008b8       0xd0 Drivers\STM32WBxx_HAL_Driver\Src\stm32wbxx_hal_pwr.o
 .debug_aranges
                0x00000988      0x288 Drivers\STM32WBxx_HAL_Driver\Src\stm32wbxx_hal_pwr_ex.o
 .debug_aranges
                0x00000c10      0x298 Drivers\STM32WBxx_HAL_Driver\Src\stm32wbxx_hal_rcc.o
 .debug_aranges
                0x00000ea8      0x390 Drivers\STM32WBxx_HAL_Driver\Src\stm32wbxx_hal_rcc_ex.o
 .debug_aranges
                0x00001238      0x1d8 Drivers\STM32WBxx_HAL_Driver\Src\stm32wbxx_hal_spi.o
 .debug_aranges
                0x00001410      0x240 Drivers\STM32WBxx_HAL_Driver\Src\stm32wbxx_hal_uart.o
 .debug_aranges
                0x00001650       0x88 Drivers\STM32WBxx_HAL_Driver\Src\stm32wbxx_hal_uart_ex.o
 .debug_aranges
                0x000016d8      0x108 Drivers\STM32WBxx_HAL_Driver\Src\stm32wbxx_ll_usb.o
 .debug_aranges
                0x000017e0       0x50 Src\leds.o
 .debug_aranges
                0x00001830       0x88 Src\main.o
 .debug_aranges
                0x000018b8       0x30 Src\segments.o
 .debug_aranges
                0x000018e8       0x88 Src\stm32wbxx_hal_msp.o
 .debug_aranges
                0x00001970       0x68 Src\stm32wbxx_it.o
 .debug_aranges
                0x000019d8       0x28 Src\system_stm32wbxx.o
 .debug_aranges
                0x00001a00       0x28 startup\startup_stm32wb55xx_cm4.o

.debug_ranges   0x00000000     0x18c0
 .debug_ranges  0x00000000      0x270 Drivers\STM32WBxx_HAL_Driver\Src\stm32wbxx_hal.o
 .debug_ranges  0x00000270       0xf8 Drivers\STM32WBxx_HAL_Driver\Src\stm32wbxx_hal_cortex.o
 .debug_ranges  0x00000368       0x80 Drivers\STM32WBxx_HAL_Driver\Src\stm32wbxx_hal_dma.o
 .debug_ranges  0x000003e8       0x48 Drivers\STM32WBxx_HAL_Driver\Src\stm32wbxx_hal_gpio.o
 .debug_ranges  0x00000430      0x278 Drivers\STM32WBxx_HAL_Driver\Src\stm32wbxx_hal_i2c.o
 .debug_ranges  0x000006a8       0x38 Drivers\STM32WBxx_HAL_Driver\Src\stm32wbxx_hal_i2c_ex.o
 .debug_ranges  0x000006e0      0x110 Drivers\STM32WBxx_HAL_Driver\Src\stm32wbxx_hal_pcd.o
 .debug_ranges  0x000007f0       0x48 Drivers\STM32WBxx_HAL_Driver\Src\stm32wbxx_hal_pcd_ex.o
 .debug_ranges  0x00000838       0xc0 Drivers\STM32WBxx_HAL_Driver\Src\stm32wbxx_hal_pwr.o
 .debug_ranges  0x000008f8      0x278 Drivers\STM32WBxx_HAL_Driver\Src\stm32wbxx_hal_pwr_ex.o
 .debug_ranges  0x00000b70      0x288 Drivers\STM32WBxx_HAL_Driver\Src\stm32wbxx_hal_rcc.o
 .debug_ranges  0x00000df8      0x380 Drivers\STM32WBxx_HAL_Driver\Src\stm32wbxx_hal_rcc_ex.o
 .debug_ranges  0x00001178      0x1c8 Drivers\STM32WBxx_HAL_Driver\Src\stm32wbxx_hal_spi.o
 .debug_ranges  0x00001340      0x230 Drivers\STM32WBxx_HAL_Driver\Src\stm32wbxx_hal_uart.o
 .debug_ranges  0x00001570       0x78 Drivers\STM32WBxx_HAL_Driver\Src\stm32wbxx_hal_uart_ex.o
 .debug_ranges  0x000015e8       0xf8 Drivers\STM32WBxx_HAL_Driver\Src\stm32wbxx_ll_usb.o
 .debug_ranges  0x000016e0       0x40 Src\leds.o
 .debug_ranges  0x00001720       0x78 Src\main.o
 .debug_ranges  0x00001798       0x20 Src\segments.o
 .debug_ranges  0x000017b8       0x78 Src\stm32wbxx_hal_msp.o
 .debug_ranges  0x00001830       0x58 Src\stm32wbxx_it.o
 .debug_ranges  0x00001888       0x18 Src\system_stm32wbxx.o
 .debug_ranges  0x000018a0       0x20 startup\startup_stm32wb55xx_cm4.o

.debug_macro    0x00000000    0x22c64
 .debug_macro   0x00000000      0x284 Drivers\STM32WBxx_HAL_Driver\Src\stm32wbxx_hal.o
 .debug_macro   0x00000284      0x8b6 Drivers\STM32WBxx_HAL_Driver\Src\stm32wbxx_hal.o
 .debug_macro   0x00000b3a      0x13c Drivers\STM32WBxx_HAL_Driver\Src\stm32wbxx_hal.o
 .debug_macro   0x00000c76       0x2e Drivers\STM32WBxx_HAL_Driver\Src\stm32wbxx_hal.o
 .debug_macro   0x00000ca4       0x2e Drivers\STM32WBxx_HAL_Driver\Src\stm32wbxx_hal.o
 .debug_macro   0x00000cd2       0x22 Drivers\STM32WBxx_HAL_Driver\Src\stm32wbxx_hal.o
 .debug_macro   0x00000cf4       0x87 Drivers\STM32WBxx_HAL_Driver\Src\stm32wbxx_hal.o
 .debug_macro   0x00000d7b       0x51 Drivers\STM32WBxx_HAL_Driver\Src\stm32wbxx_hal.o
 .debug_macro   0x00000dcc       0xef Drivers\STM32WBxx_HAL_Driver\Src\stm32wbxx_hal.o
 .debug_macro   0x00000ebb       0x6a Drivers\STM32WBxx_HAL_Driver\Src\stm32wbxx_hal.o
 .debug_macro   0x00000f25      0x1df Drivers\STM32WBxx_HAL_Driver\Src\stm32wbxx_hal.o
 .debug_macro   0x00001104       0x1c Drivers\STM32WBxx_HAL_Driver\Src\stm32wbxx_hal.o
 .debug_macro   0x00001120       0x22 Drivers\STM32WBxx_HAL_Driver\Src\stm32wbxx_hal.o
 .debug_macro   0x00001142       0xdf Drivers\STM32WBxx_HAL_Driver\Src\stm32wbxx_hal.o
 .debug_macro   0x00001221     0x102d Drivers\STM32WBxx_HAL_Driver\Src\stm32wbxx_hal.o
 .debug_macro   0x0000224e      0x11f Drivers\STM32WBxx_HAL_Driver\Src\stm32wbxx_hal.o
 .debug_macro   0x0000236d    0x12acd Drivers\STM32WBxx_HAL_Driver\Src\stm32wbxx_hal.o
 .debug_macro   0x00014e3a       0x42 Drivers\STM32WBxx_HAL_Driver\Src\stm32wbxx_hal.o
 .debug_macro   0x00014e7c     0x345a Drivers\STM32WBxx_HAL_Driver\Src\stm32wbxx_hal.o
 .debug_macro   0x000182d6      0x174 Drivers\STM32WBxx_HAL_Driver\Src\stm32wbxx_hal.o
 .debug_macro   0x0001844a       0x4e Drivers\STM32WBxx_HAL_Driver\Src\stm32wbxx_hal.o
 .debug_macro   0x00018498      0x3f5 Drivers\STM32WBxx_HAL_Driver\Src\stm32wbxx_hal.o
 .debug_macro   0x0001888d      0x286 Drivers\STM32WBxx_HAL_Driver\Src\stm32wbxx_hal.o
 .debug_macro   0x00018b13      0x30d Drivers\STM32WBxx_HAL_Driver\Src\stm32wbxx_hal.o
 .debug_macro   0x00018e20      0x17e Drivers\STM32WBxx_HAL_Driver\Src\stm32wbxx_hal.o
 .debug_macro   0x00018f9e       0x43 Drivers\STM32WBxx_HAL_Driver\Src\stm32wbxx_hal.o
 .debug_macro   0x00018fe1      0x236 Drivers\STM32WBxx_HAL_Driver\Src\stm32wbxx_hal.o
 .debug_macro   0x00019217      0x23c Drivers\STM32WBxx_HAL_Driver\Src\stm32wbxx_hal.o
 .debug_macro   0x00019453      0x582 Drivers\STM32WBxx_HAL_Driver\Src\stm32wbxx_hal.o
 .debug_macro   0x000199d5       0x1c Drivers\STM32WBxx_HAL_Driver\Src\stm32wbxx_hal.o
 .debug_macro   0x000199f1      0x107 Drivers\STM32WBxx_HAL_Driver\Src\stm32wbxx_hal.o
 .debug_macro   0x00019af8      0x137 Drivers\STM32WBxx_HAL_Driver\Src\stm32wbxx_hal.o
 .debug_macro   0x00019c2f      0x1fb Drivers\STM32WBxx_HAL_Driver\Src\stm32wbxx_hal.o
 .debug_macro   0x00019e2a      0x22c Drivers\STM32WBxx_HAL_Driver\Src\stm32wbxx_hal.o
 .debug_macro   0x0001a056       0x52 Drivers\STM32WBxx_HAL_Driver\Src\stm32wbxx_hal.o
 .debug_macro   0x0001a0a8       0xa5 Drivers\STM32WBxx_HAL_Driver\Src\stm32wbxx_hal.o
 .debug_macro   0x0001a14d       0x65 Drivers\STM32WBxx_HAL_Driver\Src\stm32wbxx_hal.o
 .debug_macro   0x0001a1b2      0x234 Drivers\STM32WBxx_HAL_Driver\Src\stm32wbxx_hal.o
 .debug_macro   0x0001a3e6      0x380 Drivers\STM32WBxx_HAL_Driver\Src\stm32wbxx_hal.o
 .debug_macro   0x0001a766      0x13b Drivers\STM32WBxx_HAL_Driver\Src\stm32wbxx_hal.o
 .debug_macro   0x0001a8a1      0x140 Drivers\STM32WBxx_HAL_Driver\Src\stm32wbxx_hal.o
 .debug_macro   0x0001a9e1      0x4d6 Drivers\STM32WBxx_HAL_Driver\Src\stm32wbxx_hal.o
 .debug_macro   0x0001aeb7      0x87b Drivers\STM32WBxx_HAL_Driver\Src\stm32wbxx_hal.o
 .debug_macro   0x0001b732      0x259 Drivers\STM32WBxx_HAL_Driver\Src\stm32wbxx_hal.o
 .debug_macro   0x0001b98b     0x1b28 Drivers\STM32WBxx_HAL_Driver\Src\stm32wbxx_hal.o
 .debug_macro   0x0001d4b3       0xe4 Drivers\STM32WBxx_HAL_Driver\Src\stm32wbxx_hal.o
 .debug_macro   0x0001d597      0x5e1 Drivers\STM32WBxx_HAL_Driver\Src\stm32wbxx_hal.o
 .debug_macro   0x0001db78      0x2fe Drivers\STM32WBxx_HAL_Driver\Src\stm32wbxx_hal.o
 .debug_macro   0x0001de76      0x662 Drivers\STM32WBxx_HAL_Driver\Src\stm32wbxx_hal.o
 .debug_macro   0x0001e4d8       0xa6 Drivers\STM32WBxx_HAL_Driver\Src\stm32wbxx_hal.o
 .debug_macro   0x0001e57e      0x545 Drivers\STM32WBxx_HAL_Driver\Src\stm32wbxx_hal.o
 .debug_macro   0x0001eac3      0x444 Drivers\STM32WBxx_HAL_Driver\Src\stm32wbxx_hal.o
 .debug_macro   0x0001ef07      0x260 Drivers\STM32WBxx_HAL_Driver\Src\stm32wbxx_hal_cortex.o
 .debug_macro   0x0001f167      0x260 Drivers\STM32WBxx_HAL_Driver\Src\stm32wbxx_hal_dma.o
 .debug_macro   0x0001f3c7      0x298 Drivers\STM32WBxx_HAL_Driver\Src\stm32wbxx_hal_gpio.o
 .debug_macro   0x0001f65f      0x325 Drivers\STM32WBxx_HAL_Driver\Src\stm32wbxx_hal_i2c.o
 .debug_macro   0x0001f984      0x260 Drivers\STM32WBxx_HAL_Driver\Src\stm32wbxx_hal_i2c_ex.o
 .debug_macro   0x0001fbe4      0x26c Drivers\STM32WBxx_HAL_Driver\Src\stm32wbxx_hal_pcd.o
 .debug_macro   0x0001fe50      0x260 Drivers\STM32WBxx_HAL_Driver\Src\stm32wbxx_hal_pcd_ex.o
 .debug_macro   0x000200b0      0x2d2 Drivers\STM32WBxx_HAL_Driver\Src\stm32wbxx_hal_pwr.o
 .debug_macro   0x00020382      0x272 Drivers\STM32WBxx_HAL_Driver\Src\stm32wbxx_hal_pwr_ex.o
 .debug_macro   0x000205f4      0x2f0 Drivers\STM32WBxx_HAL_Driver\Src\stm32wbxx_hal_rcc.o
 .debug_macro   0x000208e4      0x2b5 Drivers\STM32WBxx_HAL_Driver\Src\stm32wbxx_hal_rcc_ex.o
 .debug_macro   0x00020b99      0x268 Drivers\STM32WBxx_HAL_Driver\Src\stm32wbxx_hal_spi.o
 .debug_macro   0x00020e01      0x28b Drivers\STM32WBxx_HAL_Driver\Src\stm32wbxx_hal_uart.o
 .debug_macro   0x0002108c      0x26c Drivers\STM32WBxx_HAL_Driver\Src\stm32wbxx_hal_uart_ex.o
 .debug_macro   0x000212f8      0x260 Drivers\STM32WBxx_HAL_Driver\Src\stm32wbxx_ll_usb.o
 .debug_macro   0x00021558      0x270 Src\leds.o
 .debug_macro   0x000217c8      0x28c Src\main.o
 .debug_macro   0x00021a54       0x88 Src\main.o
 .debug_macro   0x00021adc       0x10 Src\main.o
 .debug_macro   0x00021aec      0x322 Src\segments.o
 .debug_macro   0x00021e0e       0x46 Src\segments.o
 .debug_macro   0x00021e54       0x3c Src\segments.o
 .debug_macro   0x00021e90       0x9c Src\segments.o
 .debug_macro   0x00021f2c       0x52 Src\segments.o
 .debug_macro   0x00021f7e       0x1f Src\segments.o
 .debug_macro   0x00021f9d       0x43 Src\segments.o
 .debug_macro   0x00021fe0       0x20 Src\segments.o
 .debug_macro   0x00022000      0x1a3 Src\segments.o
 .debug_macro   0x000221a3      0x307 Src\segments.o
 .debug_macro   0x000224aa       0x10 Src\segments.o
 .debug_macro   0x000224ba       0x35 Src\segments.o
 .debug_macro   0x000224ef       0x20 Src\segments.o
 .debug_macro   0x0002250f      0x26f Src\stm32wbxx_hal_msp.o
 .debug_macro   0x0002277e      0x279 Src\stm32wbxx_it.o
 .debug_macro   0x000229f7      0x26d Src\system_stm32wbxx.o

.debug_line     0x00000000    0x1045a
 .debug_line    0x00000000      0xccc Drivers\STM32WBxx_HAL_Driver\Src\stm32wbxx_hal.o
 .debug_line    0x00000ccc      0x997 Drivers\STM32WBxx_HAL_Driver\Src\stm32wbxx_hal_cortex.o
 .debug_line    0x00001663      0x911 Drivers\STM32WBxx_HAL_Driver\Src\stm32wbxx_hal_dma.o
 .debug_line    0x00001f74      0x828 Drivers\STM32WBxx_HAL_Driver\Src\stm32wbxx_hal_gpio.o
 .debug_line    0x0000279c     0x1a0f Drivers\STM32WBxx_HAL_Driver\Src\stm32wbxx_hal_i2c.o
 .debug_line    0x000041ab      0x7db Drivers\STM32WBxx_HAL_Driver\Src\stm32wbxx_hal_i2c_ex.o
 .debug_line    0x00004986      0xb3d Drivers\STM32WBxx_HAL_Driver\Src\stm32wbxx_hal_pcd.o
 .debug_line    0x000054c3      0x760 Drivers\STM32WBxx_HAL_Driver\Src\stm32wbxx_hal_pcd_ex.o
 .debug_line    0x00005c23      0x886 Drivers\STM32WBxx_HAL_Driver\Src\stm32wbxx_hal_pwr.o
 .debug_line    0x000064a9      0xd6e Drivers\STM32WBxx_HAL_Driver\Src\stm32wbxx_hal_pwr_ex.o
 .debug_line    0x00007217      0xfc6 Drivers\STM32WBxx_HAL_Driver\Src\stm32wbxx_hal_rcc.o
 .debug_line    0x000081dd     0x12c6 Drivers\STM32WBxx_HAL_Driver\Src\stm32wbxx_hal_rcc_ex.o
 .debug_line    0x000094a3     0x110f Drivers\STM32WBxx_HAL_Driver\Src\stm32wbxx_hal_spi.o
 .debug_line    0x0000a5b2     0x1b99 Drivers\STM32WBxx_HAL_Driver\Src\stm32wbxx_hal_uart.o
 .debug_line    0x0000c14b      0x908 Drivers\STM32WBxx_HAL_Driver\Src\stm32wbxx_hal_uart_ex.o
 .debug_line    0x0000ca53      0xb42 Drivers\STM32WBxx_HAL_Driver\Src\stm32wbxx_ll_usb.o
 .debug_line    0x0000d595      0x7c0 Src\leds.o
 .debug_line    0x0000dd55      0x8a9 Src\main.o
 .debug_line    0x0000e5fe      0x802 Src\segments.o
 .debug_line    0x0000ee00      0x7cf Src\stm32wbxx_hal_msp.o
 .debug_line    0x0000f5cf      0x74a Src\stm32wbxx_it.o
 .debug_line    0x0000fd19      0x6bb Src\system_stm32wbxx.o
 .debug_line    0x000103d4       0x86 startup\startup_stm32wb55xx_cm4.o

.debug_str      0x00000000    0xdb2ae
 .debug_str     0x00000000    0xd17cd Drivers\STM32WBxx_HAL_Driver\Src\stm32wbxx_hal.o
                              0xd23eb (size before relaxing)
 .debug_str     0x000d17cd      0x3dd Drivers\STM32WBxx_HAL_Driver\Src\stm32wbxx_hal_cortex.o
                              0xd1c5d (size before relaxing)
 .debug_str     0x000d1baa      0x50c Drivers\STM32WBxx_HAL_Driver\Src\stm32wbxx_hal_dma.o
                              0xd188f (size before relaxing)
 .debug_str     0x000d20b6      0x28f Drivers\STM32WBxx_HAL_Driver\Src\stm32wbxx_hal_gpio.o
                              0xd1670 (size before relaxing)
 .debug_str     0x000d2345      0xf74 Drivers\STM32WBxx_HAL_Driver\Src\stm32wbxx_hal_i2c.o
                              0xd26c5 (size before relaxing)
 .debug_str     0x000d32b9       0xbf Drivers\STM32WBxx_HAL_Driver\Src\stm32wbxx_hal_i2c_ex.o
                              0xd19f6 (size before relaxing)
 .debug_str     0x000d3378      0x642 Drivers\STM32WBxx_HAL_Driver\Src\stm32wbxx_hal_pcd.o
                              0xd1a49 (size before relaxing)
 .debug_str     0x000d39ba      0x1c6 Drivers\STM32WBxx_HAL_Driver\Src\stm32wbxx_hal_pcd_ex.o
                              0xd1872 (size before relaxing)
 .debug_str     0x000d3b80      0x5c4 Drivers\STM32WBxx_HAL_Driver\Src\stm32wbxx_hal_pwr.o
                              0xd1a07 (size before relaxing)
 .debug_str     0x000d4144      0x899 Drivers\STM32WBxx_HAL_Driver\Src\stm32wbxx_hal_pwr_ex.o
                              0xd1f45 (size before relaxing)
 .debug_str     0x000d49dd      0xcbc Drivers\STM32WBxx_HAL_Driver\Src\stm32wbxx_hal_rcc.o
                              0xd23ae (size before relaxing)
 .debug_str     0x000d5699      0xdf5 Drivers\STM32WBxx_HAL_Driver\Src\stm32wbxx_hal_rcc_ex.o
                              0xd27ef (size before relaxing)
 .debug_str     0x000d648e      0x72f Drivers\STM32WBxx_HAL_Driver\Src\stm32wbxx_hal_spi.o
                              0xd1d99 (size before relaxing)
 .debug_str     0x000d6bbd      0xaad Drivers\STM32WBxx_HAL_Driver\Src\stm32wbxx_hal_uart.o
                              0xd23e8 (size before relaxing)
 .debug_str     0x000d766a      0x28d Drivers\STM32WBxx_HAL_Driver\Src\stm32wbxx_hal_uart_ex.o
                              0xd1ad9 (size before relaxing)
 .debug_str     0x000d78f7      0x303 Drivers\STM32WBxx_HAL_Driver\Src\stm32wbxx_ll_usb.o
                              0xd188f (size before relaxing)
 .debug_str     0x000d7bfa       0xe9 Src\leds.o
                              0xd1886 (size before relaxing)
 .debug_str     0x000d7ce3      0x370 Src\main.o
                              0xd2caa (size before relaxing)
 .debug_str     0x000d8053     0x307e Src\segments.o
                              0xd498c (size before relaxing)
 .debug_str     0x000db0d1       0x81 Src\stm32wbxx_hal_msp.o
                              0xd2493 (size before relaxing)
 .debug_str     0x000db152       0xd1 Src\stm32wbxx_it.o
                              0xd1830 (size before relaxing)
 .debug_str     0x000db223       0x8b Src\system_stm32wbxx.o
                              0xd15ee (size before relaxing)

.comment        0x00000000       0x7c
 .comment       0x00000000       0x7c Drivers\STM32WBxx_HAL_Driver\Src\stm32wbxx_hal.o
                                 0x7d (size before relaxing)
 .comment       0x0000007c       0x7d Drivers\STM32WBxx_HAL_Driver\Src\stm32wbxx_hal_cortex.o
 .comment       0x0000007c       0x7d Drivers\STM32WBxx_HAL_Driver\Src\stm32wbxx_hal_dma.o
 .comment       0x0000007c       0x7d Drivers\STM32WBxx_HAL_Driver\Src\stm32wbxx_hal_gpio.o
 .comment       0x0000007c       0x7d Drivers\STM32WBxx_HAL_Driver\Src\stm32wbxx_hal_i2c.o
 .comment       0x0000007c       0x7d Drivers\STM32WBxx_HAL_Driver\Src\stm32wbxx_hal_i2c_ex.o
 .comment       0x0000007c       0x7d Drivers\STM32WBxx_HAL_Driver\Src\stm32wbxx_hal_pcd.o
 .comment       0x0000007c       0x7d Drivers\STM32WBxx_HAL_Driver\Src\stm32wbxx_hal_pcd_ex.o
 .comment       0x0000007c       0x7d Drivers\STM32WBxx_HAL_Driver\Src\stm32wbxx_hal_pwr.o
 .comment       0x0000007c       0x7d Drivers\STM32WBxx_HAL_Driver\Src\stm32wbxx_hal_pwr_ex.o
 .comment       0x0000007c       0x7d Drivers\STM32WBxx_HAL_Driver\Src\stm32wbxx_hal_rcc.o
 .comment       0x0000007c       0x7d Drivers\STM32WBxx_HAL_Driver\Src\stm32wbxx_hal_rcc_ex.o
 .comment       0x0000007c       0x7d Drivers\STM32WBxx_HAL_Driver\Src\stm32wbxx_hal_spi.o
 .comment       0x0000007c       0x7d Drivers\STM32WBxx_HAL_Driver\Src\stm32wbxx_hal_uart.o
 .comment       0x0000007c       0x7d Drivers\STM32WBxx_HAL_Driver\Src\stm32wbxx_hal_uart_ex.o
 .comment       0x0000007c       0x7d Drivers\STM32WBxx_HAL_Driver\Src\stm32wbxx_ll_usb.o
 .comment       0x0000007c       0x7d Src\leds.o
 .comment       0x0000007c       0x7d Src\main.o
 .comment       0x0000007c       0x7d Src\segments.o
 .comment       0x0000007c       0x7d Src\stm32wbxx_hal_msp.o
 .comment       0x0000007c       0x7d Src\stm32wbxx_it.o
 .comment       0x0000007c       0x7d Src\system_stm32wbxx.o

.debug_frame    0x00000000     0x6ed8
 .debug_frame   0x00000000      0xa34 Drivers\STM32WBxx_HAL_Driver\Src\stm32wbxx_hal.o
 .debug_frame   0x00000a34      0x44c Drivers\STM32WBxx_HAL_Driver\Src\stm32wbxx_hal_cortex.o
 .debug_frame   0x00000e80      0x24c Drivers\STM32WBxx_HAL_Driver\Src\stm32wbxx_hal_dma.o
 .debug_frame   0x000010cc      0x14c Drivers\STM32WBxx_HAL_Driver\Src\stm32wbxx_hal_gpio.o
 .debug_frame   0x00001218      0xbbc Drivers\STM32WBxx_HAL_Driver\Src\stm32wbxx_hal_i2c.o
 .debug_frame   0x00001dd4      0x100 Drivers\STM32WBxx_HAL_Driver\Src\stm32wbxx_hal_i2c_ex.o
 .debug_frame   0x00001ed4      0x504 Drivers\STM32WBxx_HAL_Driver\Src\stm32wbxx_hal_pcd.o
 .debug_frame   0x000023d8      0x14c Drivers\STM32WBxx_HAL_Driver\Src\stm32wbxx_hal_pcd_ex.o
 .debug_frame   0x00002524      0x344 Drivers\STM32WBxx_HAL_Driver\Src\stm32wbxx_hal_pwr.o
 .debug_frame   0x00002868      0xb00 Drivers\STM32WBxx_HAL_Driver\Src\stm32wbxx_hal_pwr_ex.o
 .debug_frame   0x00003368      0xaa8 Drivers\STM32WBxx_HAL_Driver\Src\stm32wbxx_hal_rcc.o
 .debug_frame   0x00003e10      0xf3c Drivers\STM32WBxx_HAL_Driver\Src\stm32wbxx_hal_rcc_ex.o
 .debug_frame   0x00004d4c      0x860 Drivers\STM32WBxx_HAL_Driver\Src\stm32wbxx_hal_spi.o
 .debug_frame   0x000055ac      0xa60 Drivers\STM32WBxx_HAL_Driver\Src\stm32wbxx_hal_uart.o
 .debug_frame   0x0000600c      0x22c Drivers\STM32WBxx_HAL_Driver\Src\stm32wbxx_hal_uart_ex.o
 .debug_frame   0x00006238      0x4d8 Drivers\STM32WBxx_HAL_Driver\Src\stm32wbxx_ll_usb.o
 .debug_frame   0x00006710      0x118 Src\leds.o
 .debug_frame   0x00006828      0x1e8 Src\main.o
 .debug_frame   0x00006a10       0x84 Src\segments.o
 .debug_frame   0x00006a94      0x218 Src\stm32wbxx_hal_msp.o
 .debug_frame   0x00006cac      0x128 Src\stm32wbxx_it.o
 .debug_frame   0x00006dd4       0x58 Src\system_stm32wbxx.o
 .debug_frame   0x00006e2c       0x2c c:/program files (x86)/atollic/truestudio for stm32 9.3.0/armtools/bin/../lib/gcc/arm-atollic-eabi/6.3.1/../../../../arm-atollic-eabi/lib/armv7e-m/fpu\libc_nano.a(lib_a-init.o)
 .debug_frame   0x00006e58       0x20 c:/program files (x86)/atollic/truestudio for stm32 9.3.0/armtools/bin/../lib/gcc/arm-atollic-eabi/6.3.1/../../../../arm-atollic-eabi/lib/armv7e-m/fpu\libc_nano.a(lib_a-memset.o)
 .debug_frame   0x00006e78       0x2c c:/program files (x86)/atollic/truestudio for stm32 9.3.0/armtools/bin/../lib/gcc/arm-atollic-eabi/6.3.1/armv7e-m/fpu\libgcc.a(_aeabi_uldivmod.o)
 .debug_frame   0x00006ea4       0x34 c:/program files (x86)/atollic/truestudio for stm32 9.3.0/armtools/bin/../lib/gcc/arm-atollic-eabi/6.3.1/armv7e-m/fpu\libgcc.a(_udivmoddi4.o)
