Archive member included to satisfy reference by file (symbol)

c:/program files (x86)/atollic/truestudio for stm32 9.3.0/armtools/bin/../lib/gcc/arm-atollic-eabi/6.3.1/../../../../arm-atollic-eabi/lib/armv7e-m/fpu\libc_nano.a(lib_a-init.o)
                              Application\SW4STM32\startup_stm32wb55xx_cm4.o (__libc_init_array)
c:/program files (x86)/atollic/truestudio for stm32 9.3.0/armtools/bin/../lib/gcc/arm-atollic-eabi/6.3.1/../../../../arm-atollic-eabi/lib/armv7e-m/fpu\libc_nano.a(lib_a-memcmp.o)
                              Middlewares\STM32_WPAN\osal.o (memcmp)
c:/program files (x86)/atollic/truestudio for stm32 9.3.0/armtools/bin/../lib/gcc/arm-atollic-eabi/6.3.1/../../../../arm-atollic-eabi/lib/armv7e-m/fpu\libc_nano.a(lib_a-memcpy-stub.o)
                              Middlewares\STM32_WPAN\hci_tl.o (memcpy)
c:/program files (x86)/atollic/truestudio for stm32 9.3.0/armtools/bin/../lib/gcc/arm-atollic-eabi/6.3.1/../../../../arm-atollic-eabi/lib/armv7e-m/fpu\libc_nano.a(lib_a-memset.o)
                              Application\User\Core\main.o (memset)
c:/program files (x86)/atollic/truestudio for stm32 9.3.0/armtools/bin/../lib/gcc/arm-atollic-eabi/6.3.1/../../../../arm-atollic-eabi/lib/armv7e-m/fpu\libc_nano.a(lib_a-printf.o)
                              Application\User\STM32_WPAN\App\app_ble.o (printf)
c:/program files (x86)/atollic/truestudio for stm32 9.3.0/armtools/bin/../lib/gcc/arm-atollic-eabi/6.3.1/../../../../arm-atollic-eabi/lib/armv7e-m/fpu\libc_nano.a(lib_a-puts.o)
                              Application\User\STM32_WPAN\App\app_ble.o (puts)
c:/program files (x86)/atollic/truestudio for stm32 9.3.0/armtools/bin/../lib/gcc/arm-atollic-eabi/6.3.1/../../../../arm-atollic-eabi/lib/armv7e-m/fpu\libc_nano.a(lib_a-strrchr.o)
                              Middlewares\STM32_WPAN\dbg_trace.o (strrchr)
c:/program files (x86)/atollic/truestudio for stm32 9.3.0/armtools/bin/../lib/gcc/arm-atollic-eabi/6.3.1/../../../../arm-atollic-eabi/lib/armv7e-m/fpu\libc_nano.a(lib_a-vprintf.o)
                              Middlewares\STM32_WPAN\dbg_trace.o (vprintf)
c:/program files (x86)/atollic/truestudio for stm32 9.3.0/armtools/bin/../lib/gcc/arm-atollic-eabi/6.3.1/../../../../arm-atollic-eabi/lib/armv7e-m/fpu\libc_nano.a(lib_a-wbuf.o)
                              c:/program files (x86)/atollic/truestudio for stm32 9.3.0/armtools/bin/../lib/gcc/arm-atollic-eabi/6.3.1/../../../../arm-atollic-eabi/lib/armv7e-m/fpu\libc_nano.a(lib_a-puts.o) (__swbuf_r)
c:/program files (x86)/atollic/truestudio for stm32 9.3.0/armtools/bin/../lib/gcc/arm-atollic-eabi/6.3.1/../../../../arm-atollic-eabi/lib/armv7e-m/fpu\libc_nano.a(lib_a-wsetup.o)
                              c:/program files (x86)/atollic/truestudio for stm32 9.3.0/armtools/bin/../lib/gcc/arm-atollic-eabi/6.3.1/../../../../arm-atollic-eabi/lib/armv7e-m/fpu\libc_nano.a(lib_a-puts.o) (__swsetup_r)
c:/program files (x86)/atollic/truestudio for stm32 9.3.0/armtools/bin/../lib/gcc/arm-atollic-eabi/6.3.1/../../../../arm-atollic-eabi/lib/armv7e-m/fpu\libc_nano.a(lib_a-fflush.o)
                              c:/program files (x86)/atollic/truestudio for stm32 9.3.0/armtools/bin/../lib/gcc/arm-atollic-eabi/6.3.1/../../../../arm-atollic-eabi/lib/armv7e-m/fpu\libc_nano.a(lib_a-wbuf.o) (_fflush_r)
c:/program files (x86)/atollic/truestudio for stm32 9.3.0/armtools/bin/../lib/gcc/arm-atollic-eabi/6.3.1/../../../../arm-atollic-eabi/lib/armv7e-m/fpu\libc_nano.a(lib_a-findfp.o)
                              c:/program files (x86)/atollic/truestudio for stm32 9.3.0/armtools/bin/../lib/gcc/arm-atollic-eabi/6.3.1/../../../../arm-atollic-eabi/lib/armv7e-m/fpu\libc_nano.a(lib_a-printf.o) (__sinit)
c:/program files (x86)/atollic/truestudio for stm32 9.3.0/armtools/bin/../lib/gcc/arm-atollic-eabi/6.3.1/../../../../arm-atollic-eabi/lib/armv7e-m/fpu\libc_nano.a(lib_a-fwalk.o)
                              c:/program files (x86)/atollic/truestudio for stm32 9.3.0/armtools/bin/../lib/gcc/arm-atollic-eabi/6.3.1/../../../../arm-atollic-eabi/lib/armv7e-m/fpu\libc_nano.a(lib_a-findfp.o) (_fwalk)
c:/program files (x86)/atollic/truestudio for stm32 9.3.0/armtools/bin/../lib/gcc/arm-atollic-eabi/6.3.1/../../../../arm-atollic-eabi/lib/armv7e-m/fpu\libc_nano.a(lib_a-impure.o)
                              c:/program files (x86)/atollic/truestudio for stm32 9.3.0/armtools/bin/../lib/gcc/arm-atollic-eabi/6.3.1/../../../../arm-atollic-eabi/lib/armv7e-m/fpu\libc_nano.a(lib_a-fflush.o) (_global_impure_ptr)
c:/program files (x86)/atollic/truestudio for stm32 9.3.0/armtools/bin/../lib/gcc/arm-atollic-eabi/6.3.1/../../../../arm-atollic-eabi/lib/armv7e-m/fpu\libc_nano.a(lib_a-makebuf.o)
                              c:/program files (x86)/atollic/truestudio for stm32 9.3.0/armtools/bin/../lib/gcc/arm-atollic-eabi/6.3.1/../../../../arm-atollic-eabi/lib/armv7e-m/fpu\libc_nano.a(lib_a-wsetup.o) (__smakebuf_r)
[...]
Memory Configuration

Name             Origin             Length             Attributes
FLASH            0x08000000         0x00080000         xr
RAM1             0x20000004         0x0002fc00         xrw
RAM_SHARED       0x20030000         0x00002800         xrw
*default*        0x00000000         0xffffffff

Linker script and memory map

LOAD c:/program files (x86)/atollic/truestudio for stm32 9.3.0/armtools/bin/../lib/gcc/arm-atollic-eabi/6.3.1/armv7e-m/fpu/crti.o
LOAD c:/program files (x86)/atollic/truestudio for stm32 9.3.0/armtools/bin/../lib/gcc/arm-atollic-eabi/6.3.1/armv7e-m/fpu/crtbegin.o
LOAD Application\SW4STM32\startup_stm32wb55xx_cm4.o
LOAD Application\User\Core\app_entry.o
LOAD Application\User\Core\hw_lpm.o
LOAD Application\User\Core\hw_timerserver.o
LOAD Application\User\Core\hw_uart.o
LOAD Application\User\Core\main.o
LOAD Application\User\Core\stm32wbxx_hal_msp.o
LOAD Application\User\Core\stm32wbxx_it.o
LOAD Application\User\STM32_WPAN\App\app_ble.o
LOAD Application\User\STM32_WPAN\App\p2p_server_app.o
LOAD Application\User\STM32_WPAN\Target\hw_ipcc.o
LOAD Drivers\BSP\P-NUCLEO-WB55.Nucleo\stm32wbxx_nucleo.o
LOAD Drivers\CMSIS\system_stm32wbxx.o
LOAD Middlewares\STM32_WPAN\ble_gap_aci.o
LOAD Middlewares\STM32_WPAN\ble_gatt_aci.o
LOAD Middlewares\STM32_WPAN\ble_hal_aci.o
LOAD Middlewares\STM32_WPAN\ble_hci_le.o
LOAD Middlewares\STM32_WPAN\ble_l2cap_aci.o
LOAD Middlewares\STM32_WPAN\dbg_trace.o
LOAD Middlewares\STM32_WPAN\hci_tl.o
LOAD Middlewares\STM32_WPAN\lpm.o
LOAD Middlewares\STM32_WPAN\osal.o
LOAD Middlewares\STM32_WPAN\otp.o
LOAD Middlewares\STM32_WPAN\p2p_stm.o
LOAD Middlewares\STM32_WPAN\scheduler.o
LOAD Middlewares\STM32_WPAN\shci.o
LOAD Middlewares\STM32_WPAN\shci_tl.o
LOAD Middlewares\STM32_WPAN\stm_list.o
LOAD Middlewares\STM32_WPAN\stm_queue.o
LOAD Middlewares\STM32_WPAN\svc_ctl.o
LOAD Middlewares\STM32_WPAN\tl_if.o
LOAD Middlewares\STM32_WPAN\tl_mbox.o
LOAD STLIB\stm32wbxx_hal.o
LOAD STLIB\stm32wbxx_hal_cortex.o
LOAD STLIB\stm32wbxx_hal_dma.o
LOAD STLIB\stm32wbxx_hal_dma_ex.o
LOAD STLIB\stm32wbxx_hal_flash.o
LOAD STLIB\stm32wbxx_hal_flash_ex.o
LOAD STLIB\stm32wbxx_hal_gpio.o
LOAD STLIB\stm32wbxx_hal_hsem.o
LOAD STLIB\stm32wbxx_hal_ipcc.o
LOAD STLIB\stm32wbxx_hal_pwr.o
LOAD STLIB\stm32wbxx_hal_pwr_ex.o
LOAD STLIB\stm32wbxx_hal_rcc.o
LOAD STLIB\stm32wbxx_hal_rcc_ex.o
LOAD STLIB\stm32wbxx_hal_rtc.o
LOAD STLIB\stm32wbxx_hal_rtc_ex.o
LOAD STLIB\stm32wbxx_hal_tim.o
LOAD STLIB\stm32wbxx_hal_tim_ex.o
LOAD STLIB\stm32wbxx_hal_uart.o
LOAD STLIB\stm32wbxx_hal_uart_ex.o
                0x00000080                malloc_getpagesize_P = 0x80
START GROUP
LOAD c:/program files (x86)/atollic/truestudio for stm32 9.3.0/armtools/bin/../lib/gcc/arm-atollic-eabi/6.3.1/../../../../arm-atollic-eabi/lib/armv7e-m/fpu\libc_nano.a
LOAD c:/program files (x86)/atollic/truestudio for stm32 9.3.0/armtools/bin/../lib/gcc/arm-atollic-eabi/6.3.1/../../../../arm-atollic-eabi/lib/armv7e-m/fpu\libm.a
END GROUP
START GROUP
LOAD c:/program files (x86)/atollic/truestudio for stm32 9.3.0/armtools/bin/../lib/gcc/arm-atollic-eabi/6.3.1/armv7e-m/fpu\libgcc.a
LOAD c:/program files (x86)/atollic/truestudio for stm32 9.3.0/armtools/bin/../lib/gcc/arm-atollic-eabi/6.3.1/../../../../arm-atollic-eabi/lib/armv7e-m/fpu\libc_nano.a
END GROUP
START GROUP
LOAD c:/program files (x86)/atollic/truestudio for stm32 9.3.0/armtools/bin/../lib/gcc/arm-atollic-eabi/6.3.1/armv7e-m/fpu\libgcc.a
LOAD c:/program files (x86)/atollic/truestudio for stm32 9.3.0/armtools/bin/../lib/gcc/arm-atollic-eabi/6.3.1/../../../../arm-atollic-eabi/lib/armv7e-m/fpu\libc_nano.a
LOAD c:/program files (x86)/atollic/truestudio for stm32 9.3.0/armtools/bin/../lib/gcc/arm-atollic-eabi/6.3.1/../../../../arm-atollic-eabi/lib/armv7e-m/fpu\libnosys.a
END GROUP
START GROUP
LOAD c:/program files (x86)/atollic/truestudio for stm32 9.3.0/armtools/bin/../lib/gcc/arm-atollic-eabi/6.3.1/armv7e-m/fpu\libgcc.a
LOAD c:/program files (x86)/atollic/truestudio for stm32 9.3.0/armtools/bin/../lib/gcc/arm-atollic-eabi/6.3.1/../../../../arm-atollic-eabi/lib/armv7e-m/fpu\libc_nano.a
LOAD c:/program files (x86)/atollic/truestudio for stm32 9.3.0/armtools/bin/../lib/gcc/arm-atollic-eabi/6.3.1/../../../../arm-atollic-eabi/lib/armv7e-m/fpu\libnosys.a
END GROUP
LOAD c:/program files (x86)/atollic/truestudio for stm32 9.3.0/armtools/bin/../lib/gcc/arm-atollic-eabi/6.3.1/armv7e-m/fpu/crtend.o
LOAD c:/program files (x86)/atollic/truestudio for stm32 9.3.0/armtools/bin/../lib/gcc/arm-atollic-eabi/6.3.1/armv7e-m/fpu/crtn.o
                0x20030000                _estack = 0x20030000
                0x00000400                _Min_Heap_Size = 0x400
                0x00001000                _Min_Stack_Size = 0x1000

.isr_vector     0x08000000      0x13c
                0x08000000                . = ALIGN (0x4)
 *(.isr_vector)
 .isr_vector    0x08000000      0x13c Application\SW4STM32\startup_stm32wb55xx_cm4.o
                0x08000000                g_pfnVectors
                0x0800013c                . = ALIGN (0x4)

.text           0x08000140     0x6368
                0x08000140                . = ALIGN (0x4)
 *(.text)
 .text          0x08000140       0x40 c:/program files (x86)/atollic/truestudio for stm32 9.3.0/armtools/bin/../lib/gcc/arm-atollic-eabi/6.3.1/armv7e-m/fpu/crtbegin.o
 .text          0x08000180       0xa0 c:/program files (x86)/atollic/truestudio for stm32 9.3.0/armtools/bin/../lib/gcc/arm-atollic-eabi/6.3.1/../../../../arm-atollic-eabi/lib/armv7e-m/fpu\libc_nano.a(lib_a-memchr.o)
                0x08000180                memchr
 .text          0x08000220       0x30 c:/program files (x86)/atollic/truestudio for stm32 9.3.0/armtools/bin/../lib/gcc/arm-atollic-eabi/6.3.1/armv7e-m/fpu\libgcc.a(_aeabi_uldivmod.o)
                0x08000220                __aeabi_uldivmod
 .text          0x08000250      0x2dc c:/program files (x86)/atollic/truestudio for stm32 9.3.0/armtools/bin/../lib/gcc/arm-atollic-eabi/6.3.1/armv7e-m/fpu\libgcc.a(_udivmoddi4.o)
                0x08000250                __udivmoddi4
 .text          0x0800052c        0x4 c:/program files (x86)/atollic/truestudio for stm32 9.3.0/armtools/bin/../lib/gcc/arm-atollic-eabi/6.3.1/armv7e-m/fpu\libgcc.a(_dvmd_tls.o)
                0x0800052c                __aeabi_idiv0
                0x0800052c                __aeabi_ldiv0
 *(.text*)
 .text.Reset_Handler
                0x08000530       0x50 Application\SW4STM32\startup_stm32wb55xx_cm4.o
                0x08000530                Reset_Handler
 .text.Default_Handler
                0x08000580        0x2 Application\SW4STM32\startup_stm32wb55xx_cm4.o
                0x08000580                RTC_Alarm_IRQHandler
                0x08000580                EXTI2_IRQHandler
                0x08000580                TIM1_CC_IRQHandler
                0x08000580                TSC_IRQHandler
                0x08000580                USB_HP_IRQHandler
                0x08000580                EXTI3_IRQHandler
                0x08000580                LPTIM2_IRQHandler
                0x08000580                I2C3_ER_IRQHandler
                0x08000580                FPU_IRQHandler
                0x08000580                TIM1_UP_TIM16_IRQHandler
                0x08000580                AES1_IRQHandler
                0x08000580                SPI1_IRQHandler
                0x08000580                PWR_SOTF_BLEACT_802ACT_RFPHASE_IRQHandler
                0x08000580                DMA2_Channel2_IRQHandler
                0x08000580                ADC1_IRQHandler
                0x08000580                PKA_IRQHandler
                0x08000580                DMA1_Channel7_IRQHandler
                0x08000580                LCD_IRQHandler
                0x08000580                DMA2_Channel1_IRQHandler
                0x08000580                QUADSPI_IRQHandler
                0x08000580                I2C1_EV_IRQHandler
                0x08000580                DMAMUX1_OVR_IRQHandler
                0x08000580                DMA1_Channel6_IRQHandler
                0x08000580                RCC_IRQHandler
                0x08000580                DMA1_Channel1_IRQHandler
                0x08000580                Default_Handler
                0x08000580                DMA2_Channel7_IRQHandler
                0x08000580                EXTI15_10_IRQHandler
                0x08000580                C2SEV_PWR_C2H_IRQHandler
                0x08000580                AES2_IRQHandler
                0x08000580                I2C3_EV_IRQHandler
                0x08000580                EXTI9_5_IRQHandler
                0x08000580                PVD_PVM_IRQHandler
                0x08000580                SPI2_IRQHandler
                0x08000580                DMA2_Channel5_IRQHandler
                0x08000580                CRS_IRQHandler
                0x08000580                DMA1_Channel5_IRQHandler
                0x08000580                USB_LP_IRQHandler
                0x08000580                RNG_IRQHandler
                0x08000580                TIM1_TRG_COM_TIM17_IRQHandler
                0x08000580                TAMP_STAMP_LSECSS_IRQHandler
                0x08000580                DMA1_Channel3_IRQHandler
                0x08000580                COMP_IRQHandler
                0x08000580                HSEM_IRQHandler
                0x08000580                WWDG_IRQHandler
                0x08000580                DMA2_Channel6_IRQHandler
                0x08000580                TIM2_IRQHandler
                0x08000580                TIM1_BRK_IRQHandler
                0x08000580                EXTI1_IRQHandler
                0x08000580                DMA1_Channel2_IRQHandler
                0x08000580                FLASH_IRQHandler
                0x08000580                I2C1_ER_IRQHandler
                0x08000580                LPTIM1_IRQHandler
                0x08000580                SAI1_IRQHandler
                0x08000580                DMA2_Channel3_IRQHandler
 .text.APPE_SysStatusNot
                0x08000582        0x2 Application\User\Core\app_entry.o
 .text.APPE_SysUserEvtRx
                0x08000584       0x16 Application\User\Core\app_entry.o
 *fill*         0x0800059a        0x2 
 .text.APPE_Init
                0x0800059c       0xd8 Application\User\Core\app_entry.o
                0x0800059c                APPE_Init
 .text.SCH_Idle
                0x08000674        0x2 Application\User\Core\app_entry.o
                0x08000674                SCH_Idle
 .text.SCH_EvtIdle
                0x08000676        0x8 Application\User\Core\app_entry.o
                0x08000676                SCH_EvtIdle
 .text.shci_notify_asynch_evt
                0x0800067e        0x8 Application\User\Core\app_entry.o
                0x0800067e                shci_notify_asynch_evt
 .text.shci_cmd_resp_release
                0x08000686        0x6 Application\User\Core\app_entry.o
                0x08000686                shci_cmd_resp_release
 .text.shci_cmd_resp_wait
                0x0800068c        0x6 Application\User\Core\app_entry.o
                0x0800068c                shci_cmd_resp_wait
 .text.DbgOutputInit
                0x08000692        0x4 Application\User\Core\app_entry.o
                0x08000692                DbgOutputInit
 .text.DbgOutputTraces
                0x08000696        0xc Application\User\Core\app_entry.o
                0x08000696                DbgOutputTraces
 .text.HAL_GPIO_EXTI_Callback
                0x080006a2       0x1a Application\User\Core\app_entry.o
                0x080006a2                HAL_GPIO_EXTI_Callback
 .text.ReadRtcSsrValue
                0x080006bc       0x1c Application\User\Core\hw_timerserver.o
 .text.UnlinkTimer
                0x080006d8       0x64 Application\User\Core\hw_timerserver.o
 .text.ReturnTimeElapsed
                0x0800073c       0x40 Application\User\Core\hw_timerserver.o
 .text.RescheduleTimerList
                0x0800077c      0x110 Application\User\Core\hw_timerserver.o
 .text.HW_TS_Init
                0x0800088c      0x110 Application\User\Core\hw_timerserver.o
                0x0800088c                HW_TS_Init
 .text.HW_TS_Create
                0x0800099c       0x58 Application\User\Core\hw_timerserver.o
                0x0800099c                HW_TS_Create
 .text.HW_TS_Stop
                0x080009f4       0xac Application\User\Core\hw_timerserver.o
                0x080009f4                HW_TS_Stop
 .text.HW_TS_Start
                0x08000aa0      0x140 Application\User\Core\hw_timerserver.o
                0x08000aa0                HW_TS_Start
 .text.HW_TS_RTC_Int_AppNot
                0x08000be0        0x2 Application\User\Core\hw_timerserver.o
                0x08000be0                HW_TS_RTC_Int_AppNot
 *fill*         0x08000be2        0x2 
 .text.HW_TS_RTC_Wakeup_Handler
                0x08000be4       0xc0 Application\User\Core\hw_timerserver.o
                0x08000be4                HW_TS_RTC_Wakeup_Handler
 .text.HW_UART_Transmit_DMA
                0x08000ca4       0x50 Application\User\Core\hw_uart.o
                0x08000ca4                HW_UART_Transmit_DMA
 .text.HAL_UART_TxCpltCallback
                0x08000cf4       0x2c Application\User\Core\hw_uart.o
                0x08000cf4                HAL_UART_TxCpltCallback
 .text.LL_AHB1_GRP1_EnableClock
                0x08000d20       0x18 Application\User\Core\main.o
 .text.SystemClock_Config
                0x08000d38       0x9c Application\User\Core\main.o
                0x08000d38                SystemClock_Config
 .text.MX_USART1_UART_Init
                0x08000dd4       0x50 Application\User\Core\main.o
                0x08000dd4                MX_USART1_UART_Init
 .text.PeriphClock_Config
                0x08000e24       0x5a Application\User\Core\main.o
                0x08000e24                PeriphClock_Config
 *fill*         0x08000e7e        0x2 
 .text.startup.main
                0x08000e80      0x15c Application\User\Core\main.o
                0x08000e80                main
 .text.HAL_InitTick
                0x08000fdc        0x4 Application\User\Core\main.o
                0x08000fdc                HAL_InitTick
 .text.HAL_Delay
                0x08000fe0        0x8 Application\User\Core\main.o
                0x08000fe0                HAL_Delay
 .text.Error_Handler
                0x08000fe8        0x2 Application\User\Core\main.o
                0x08000fe8                Error_Handler
 .text.LL_AHB2_GRP1_EnableClock
                0x08000fea       0x18 Application\User\Core\stm32wbxx_hal_msp.o
 .text.HAL_MspInit
                0x08001002       0x1c Application\User\Core\stm32wbxx_hal_msp.o
                0x08001002                HAL_MspInit
 *fill*         0x0800101e        0x2 
 .text.HAL_UART_MspInit
                0x08001020      0x158 Application\User\Core\stm32wbxx_hal_msp.o
                0x08001020                HAL_UART_MspInit
 .text.HAL_RTC_MspInit
                0x08001178       0x44 Application\User\Core\stm32wbxx_hal_msp.o
                0x08001178                HAL_RTC_MspInit
 .text.NMI_Handler
                0x080011bc        0x2 Application\User\Core\stm32wbxx_it.o
                0x080011bc                NMI_Handler
 .text.HardFault_Handler
                0x080011be        0x2 Application\User\Core\stm32wbxx_it.o
                0x080011be                HardFault_Handler
 .text.MemManage_Handler
                0x080011c0        0x2 Application\User\Core\stm32wbxx_it.o
                0x080011c0                MemManage_Handler
 .text.BusFault_Handler
                0x080011c2        0x2 Application\User\Core\stm32wbxx_it.o
                0x080011c2                BusFault_Handler
 .text.UsageFault_Handler
                0x080011c4        0x2 Application\User\Core\stm32wbxx_it.o
                0x080011c4                UsageFault_Handler
 .text.SVC_Handler
                0x080011c6        0x2 Application\User\Core\stm32wbxx_it.o
                0x080011c6                SVC_Handler
 .text.DebugMon_Handler
                0x080011c8        0x2 Application\User\Core\stm32wbxx_it.o
                0x080011c8                DebugMon_Handler
 .text.PendSV_Handler
                0x080011ca        0x2 Application\User\Core\stm32wbxx_it.o
                0x080011ca                PendSV_Handler
 .text.SysTick_Handler
                0x080011cc        0x4 Application\User\Core\stm32wbxx_it.o
                0x080011cc                SysTick_Handler
 .text.DMA1_Channel4_IRQHandler
                0x080011d0        0xc Application\User\Core\stm32wbxx_it.o
                0x080011d0                DMA1_Channel4_IRQHandler
 .text.USART1_IRQHandler
                0x080011dc        0xc Application\User\Core\stm32wbxx_it.o
                0x080011dc                USART1_IRQHandler
 .text.LPUART1_IRQHandler
                0x080011e8        0xc Application\User\Core\stm32wbxx_it.o
                0x080011e8                LPUART1_IRQHandler
 .text.DMA2_Channel4_IRQHandler
                0x080011f4        0xc Application\User\Core\stm32wbxx_it.o
                0x080011f4                DMA2_Channel4_IRQHandler
 .text.EXTI4_IRQHandler
                0x08001200        0x6 Application\User\Core\stm32wbxx_it.o
                0x08001200                EXTI4_IRQHandler
 .text.EXTI0_IRQHandler
                0x08001206        0x6 Application\User\Core\stm32wbxx_it.o
                0x08001206                EXTI0_IRQHandler
 .text.RTC_WKUP_IRQHandler
                0x0800120c        0x4 Application\User\Core\stm32wbxx_it.o
                0x0800120c                RTC_WKUP_IRQHandler
 .text.IPCC_C1_TX_IRQHandler
                0x08001210        0x4 Application\User\Core\stm32wbxx_it.o
                0x08001210                IPCC_C1_TX_IRQHandler
 .text.IPCC_C1_RX_IRQHandler
                0x08001214        0x4 Application\User\Core\stm32wbxx_it.o
                0x08001214                IPCC_C1_RX_IRQHandler
 .text.Switch_OFF_GPIO
                0x08001218        0x6 Application\User\STM32_WPAN\App\app_ble.o
 .text.Adv_Cancel_Req
                0x0800121e        0x8 Application\User\STM32_WPAN\App\app_ble.o
 .text.BLE_UserEvtRx
                0x08001226       0x18 Application\User\STM32_WPAN\App\app_ble.o
 .text.BLE_StatusNot
                0x0800123e       0x14 Application\User\STM32_WPAN\App\app_ble.o
 *fill*         0x08001252        0x2 
 .text.Adv_Cancel
                0x08001254       0x44 Application\User\STM32_WPAN\App\app_ble.o
 .text.Adv_Request.constprop.2
                0x08001298       0x98 Application\User\STM32_WPAN\App\app_ble.o
 .text.APP_BLE_Init
                0x08001330      0x234 Application\User\STM32_WPAN\App\app_ble.o
                0x08001330                APP_BLE_Init
 .text.SVCCTL_App_Notification
                0x08001564       0xe8 Application\User\STM32_WPAN\App\app_ble.o
                0x08001564                SVCCTL_App_Notification
 .text.APP_BLE_Key_Button1_Action
                0x0800164c        0x4 Application\User\STM32_WPAN\App\app_ble.o
                0x0800164c                APP_BLE_Key_Button1_Action
 .text.APP_BLE_Key_Button2_Action
                0x08001650       0x80 Application\User\STM32_WPAN\App\app_ble.o
                0x08001650                APP_BLE_Key_Button2_Action
 .text.APP_BLE_Key_Button3_Action
                0x080016d0        0x2 Application\User\STM32_WPAN\App\app_ble.o
                0x080016d0                APP_BLE_Key_Button3_Action
 .text.hci_notify_asynch_evt
                0x080016d2        0x8 Application\User\STM32_WPAN\App\app_ble.o
                0x080016d2                hci_notify_asynch_evt
 .text.hci_cmd_resp_release
                0x080016da        0x6 Application\User\STM32_WPAN\App\app_ble.o
                0x080016da                hci_cmd_resp_release
 .text.hci_cmd_resp_wait
                0x080016e0        0x6 Application\User\STM32_WPAN\App\app_ble.o
                0x080016e0                hci_cmd_resp_wait
 *fill*         0x080016e6        0x2 
 .text.P2PS_APP_LED_BUTTON_context_Init
                0x080016e8       0x1c Application\User\STM32_WPAN\App\p2p_server_app.o
 .text.P2PS_Send_Notification
                0x08001704       0x4c Application\User\STM32_WPAN\App\p2p_server_app.o
 .text.P2PS_STM_App_Notification
                0x08001750       0xd0 Application\User\STM32_WPAN\App\p2p_server_app.o
                0x08001750                P2PS_STM_App_Notification
 .text.P2PS_APP_Notification
                0x08001820        0xc Application\User\STM32_WPAN\App\p2p_server_app.o
                0x08001820                P2PS_APP_Notification
 .text.P2PS_APP_Init
                0x0800182c       0x20 Application\User\STM32_WPAN\App\p2p_server_app.o
                0x0800182c                P2PS_APP_Init
 .text.P2PS_APP_SW1_Button_Action
                0x0800184c        0x8 Application\User\STM32_WPAN\App\p2p_server_app.o
                0x0800184c                P2PS_APP_SW1_Button_Action
 .text.HW_IPCC_Enable
                0x08001854       0x14 Application\User\STM32_WPAN\Target\hw_ipcc.o
                0x08001854                HW_IPCC_Enable
 .text.HW_IPCC_Init
                0x08001868       0x40 Application\User\STM32_WPAN\Target\hw_ipcc.o
                0x08001868                HW_IPCC_Init
 .text.HW_IPCC_BLE_Init
                0x080018a8       0x10 Application\User\STM32_WPAN\Target\hw_ipcc.o
                0x080018a8                HW_IPCC_BLE_Init
 .text.HW_IPCC_BLE_SendCmd
                0x080018b8       0x10 Application\User\STM32_WPAN\Target\hw_ipcc.o
                0x080018b8                HW_IPCC_BLE_SendCmd
 .text.HW_IPCC_SYS_Init
                0x080018c8       0x10 Application\User\STM32_WPAN\Target\hw_ipcc.o
                0x080018c8                HW_IPCC_SYS_Init
 .text.HW_IPCC_SYS_SendCmd
                0x080018d8       0x18 Application\User\STM32_WPAN\Target\hw_ipcc.o
                0x080018d8                HW_IPCC_SYS_SendCmd
 .text.HW_IPCC_Tx_Handler
                0x080018f0       0x84 Application\User\STM32_WPAN\Target\hw_ipcc.o
                0x080018f0                HW_IPCC_Tx_Handler
 .text.HW_IPCC_MM_SendFreeBuf
                0x08001974       0x2c Application\User\STM32_WPAN\Target\hw_ipcc.o
                0x08001974                HW_IPCC_MM_SendFreeBuf
 .text.HW_IPCC_TRACES_Init
                0x080019a0       0x10 Application\User\STM32_WPAN\Target\hw_ipcc.o
                0x080019a0                HW_IPCC_TRACES_Init
 .text.HW_IPCC_Rx_Handler
                0x080019b0       0x54 Application\User\STM32_WPAN\Target\hw_ipcc.o
                0x080019b0                HW_IPCC_Rx_Handler
 .text.LL_AHB2_GRP1_EnableClock
                0x08001a04       0x18 Drivers\BSP\P-NUCLEO-WB55.Nucleo\stm32wbxx_nucleo.o
 .text.BSP_LED_Init
                0x08001a1c       0x50 Drivers\BSP\P-NUCLEO-WB55.Nucleo\stm32wbxx_nucleo.o
                0x08001a1c                BSP_LED_Init
 .text.BSP_LED_On
                0x08001a6c       0x1c Drivers\BSP\P-NUCLEO-WB55.Nucleo\stm32wbxx_nucleo.o
                0x08001a6c                BSP_LED_On
 .text.BSP_LED_Off
                0x08001a88       0x1c Drivers\BSP\P-NUCLEO-WB55.Nucleo\stm32wbxx_nucleo.o
                0x08001a88                BSP_LED_Off
 .text.BSP_PB_Init
                0x08001aa4       0x98 Drivers\BSP\P-NUCLEO-WB55.Nucleo\stm32wbxx_nucleo.o
                0x08001aa4                BSP_PB_Init
 .text.SystemInit
                0x08001b3c       0x68 Drivers\CMSIS\system_stm32wbxx.o
                0x08001b3c                SystemInit
 .text.SystemCoreClockUpdate
                0x08001ba4       0xa8 Drivers\CMSIS\system_stm32wbxx.o
                0x08001ba4                SystemCoreClockUpdate
 .text.aci_gap_set_non_discoverable
                0x08001c4c       0x40 Middlewares\STM32_WPAN\ble_gap_aci.o
                0x08001c4c                aci_gap_set_non_discoverable
 .text.aci_gap_set_discoverable
                0x08001c8c       0xbc Middlewares\STM32_WPAN\ble_gap_aci.o
                0x08001c8c                aci_gap_set_discoverable
 .text.aci_gap_set_io_capability
                0x08001d48       0x48 Middlewares\STM32_WPAN\ble_gap_aci.o
                0x08001d48                aci_gap_set_io_capability
 .text.aci_gap_set_authentication_requirement
                0x08001d90       0x7c Middlewares\STM32_WPAN\ble_gap_aci.o
                0x08001d90                aci_gap_set_authentication_requirement
 .text.aci_gap_init
                0x08001e0c       0x88 Middlewares\STM32_WPAN\ble_gap_aci.o
                0x08001e0c                aci_gap_init
 .text.aci_gap_update_adv_data
                0x08001e94       0x56 Middlewares\STM32_WPAN\ble_gap_aci.o
                0x08001e94                aci_gap_update_adv_data
 .text.aci_gap_configure_whitelist
                0x08001eea       0x40 Middlewares\STM32_WPAN\ble_gap_aci.o
                0x08001eea                aci_gap_configure_whitelist
 .text.aci_gatt_init
                0x08001f2a       0x42 Middlewares\STM32_WPAN\ble_gatt_aci.o
                0x08001f2a                aci_gatt_init
 .text.aci_gatt_add_service
                0x08001f6c       0xa0 Middlewares\STM32_WPAN\ble_gatt_aci.o
                0x08001f6c                aci_gatt_add_service
 .text.aci_gatt_add_char
                0x0800200c       0xba Middlewares\STM32_WPAN\ble_gatt_aci.o
                0x0800200c                aci_gatt_add_char
 .text.aci_gatt_update_char_value
                0x080020c6       0x66 Middlewares\STM32_WPAN\ble_gatt_aci.o
                0x080020c6                aci_gatt_update_char_value
 .text.aci_hal_write_config_data
                0x0800212c       0x5c Middlewares\STM32_WPAN\ble_hal_aci.o
                0x0800212c                aci_hal_write_config_data
 .text.aci_hal_set_tx_power_level
                0x08002188       0x4e Middlewares\STM32_WPAN\ble_hal_aci.o
                0x08002188                aci_hal_set_tx_power_level
 .text.aci_hal_set_radio_activity_mask
                0x080021d6       0x4a Middlewares\STM32_WPAN\ble_hal_aci.o
                0x080021d6                aci_hal_set_radio_activity_mask
 .text.hci_reset
                0x08002220       0x3e Middlewares\STM32_WPAN\ble_hci_le.o
                0x08002220                hci_reset
 .text.hci_le_set_default_phy
                0x0800225e       0x52 Middlewares\STM32_WPAN\ble_hci_le.o
                0x0800225e                hci_le_set_default_phy
 .text.aci_l2cap_connection_parameter_update_req
                0x080022b0       0x64 Middlewares\STM32_WPAN\ble_l2cap_aci.o
                0x080022b0                aci_l2cap_connection_parameter_update_req
 .text.DbgTrace_TxCpltCallback
                0x08002314       0x48 Middlewares\STM32_WPAN\dbg_trace.o
 .text.DbgTraceInit
                0x0800235c       0x24 Middlewares\STM32_WPAN\dbg_trace.o
                0x0800235c                DbgTraceInit
 .text.DbgTraceWrite
                0x08002380       0x5c Middlewares\STM32_WPAN\dbg_trace.o
                0x08002380                DbgTraceWrite
 .text._write   0x080023dc        0x4 Middlewares\STM32_WPAN\dbg_trace.o
                0x080023dc                _write
 .text.TlEvtReceived
                0x080023e0       0x34 Middlewares\STM32_WPAN\hci_tl.o
 .text.hci_init
                0x08002414       0x4c Middlewares\STM32_WPAN\hci_tl.o
                0x08002414                hci_init
 .text.hci_user_evt_proc
                0x08002460       0x54 Middlewares\STM32_WPAN\hci_tl.o
                0x08002460                hci_user_evt_proc
 .text.hci_send_req
                0x080024b4       0xc0 Middlewares\STM32_WPAN\hci_tl.o
                0x080024b4                hci_send_req
 .text.LPM_SetConf
                0x08002574       0x10 Middlewares\STM32_WPAN\lpm.o
                0x08002574                LPM_SetConf
 .text.LPM_SetOffMode
                0x08002584       0x28 Middlewares\STM32_WPAN\lpm.o
                0x08002584                LPM_SetOffMode
 .text.Osal_MemCpy
                0x080025ac        0x4 Middlewares\STM32_WPAN\osal.o
                0x080025ac                Osal_MemCpy
 .text.Osal_MemSet
                0x080025b0        0x4 Middlewares\STM32_WPAN\osal.o
                0x080025b0                Osal_MemSet
 .text.OTP_Read
                0x080025b4       0x20 Middlewares\STM32_WPAN\otp.o
                0x080025b4                OTP_Read
 .text.PeerToPeer_Event_Handler
                0x080025d4       0x78 Middlewares\STM32_WPAN\p2p_stm.o
 .text.P2PS_STM_Init
                0x0800264c      0x194 Middlewares\STM32_WPAN\p2p_stm.o
                0x0800264c                P2PS_STM_Init
 .text.P2PS_STM_App_Update_Char
                0x080027e0       0x2c Middlewares\STM32_WPAN\p2p_stm.o
                0x080027e0                P2PS_STM_App_Update_Char
 .text.SCH_RegTask
                0x0800280c       0x18 Middlewares\STM32_WPAN\scheduler.o
                0x0800280c                SCH_RegTask
 .text.SCH_SetTask
                0x08002824       0x24 Middlewares\STM32_WPAN\scheduler.o
                0x08002824                SCH_SetTask
 .text.SCH_PauseTask
                0x08002848       0x1c Middlewares\STM32_WPAN\scheduler.o
                0x08002848                SCH_PauseTask
 .text.SCH_ResumeTask
                0x08002864       0x18 Middlewares\STM32_WPAN\scheduler.o
                0x08002864                SCH_ResumeTask
 .text.SCH_SetEvt
                0x0800287c       0x18 Middlewares\STM32_WPAN\scheduler.o
                0x0800287c                SCH_SetEvt
 .text.SCH_Run  0x08002894       0x9c Middlewares\STM32_WPAN\scheduler.o
                0x08002894                SCH_Run
 .text.SCH_WaitEvt
                0x08002930       0x24 Middlewares\STM32_WPAN\scheduler.o
                0x08002930                SCH_WaitEvt
 .text.SHCI_C2_BLE_Init
                0x08002954       0x1c Middlewares\STM32_WPAN\shci.o
                0x08002954                SHCI_C2_BLE_Init
 .text.TlUserEvtReceived
                0x08002970       0x1c Middlewares\STM32_WPAN\shci_tl.o
 .text.TlCmdEvtReceived
                0x0800298c        0x6 Middlewares\STM32_WPAN\shci_tl.o
 *fill*         0x08002992        0x2 
 .text.Cmd_SetStatus.constprop.1
                0x08002994       0x18 Middlewares\STM32_WPAN\shci_tl.o
 .text.shci_init
                0x080029ac       0x4c Middlewares\STM32_WPAN\shci_tl.o
                0x080029ac                shci_init
 .text.shci_user_evt_proc
                0x080029f8       0x54 Middlewares\STM32_WPAN\shci_tl.o
                0x080029f8                shci_user_evt_proc
 .text.shci_send
                0x08002a4c       0x5c Middlewares\STM32_WPAN\shci_tl.o
                0x08002a4c                shci_send
 .text.LST_init_head
                0x08002aa8        0x6 Middlewares\STM32_WPAN\stm_list.o
                0x08002aa8                LST_init_head
 .text.LST_is_empty
                0x08002aae       0x14 Middlewares\STM32_WPAN\stm_list.o
                0x08002aae                LST_is_empty
 .text.LST_insert_head
                0x08002ac2       0x18 Middlewares\STM32_WPAN\stm_list.o
                0x08002ac2                LST_insert_head
 .text.LST_insert_tail
                0x08002ada       0x18 Middlewares\STM32_WPAN\stm_list.o
                0x08002ada                LST_insert_tail
 .text.LST_remove_node
                0x08002af2       0x16 Middlewares\STM32_WPAN\stm_list.o
                0x08002af2                LST_remove_node
 .text.LST_remove_head
                0x08002b08       0x18 Middlewares\STM32_WPAN\stm_list.o
                0x08002b08                LST_remove_head
 .text.CircularQueue_Init
                0x08002b20       0x28 Middlewares\STM32_WPAN\stm_queue.o
                0x08002b20                CircularQueue_Init
 .text.CircularQueue_Add
                0x08002b48      0x20e Middlewares\STM32_WPAN\stm_queue.o
                0x08002b48                CircularQueue_Add
 .text.CircularQueue_Remove
                0x08002d56       0xc2 Middlewares\STM32_WPAN\stm_queue.o
                0x08002d56                CircularQueue_Remove
 .text.CircularQueue_Sense
                0x08002e18       0x88 Middlewares\STM32_WPAN\stm_queue.o
                0x08002e18                CircularQueue_Sense
 .text.BLS_Init
                0x08002ea0        0x2 Middlewares\STM32_WPAN\svc_ctl.o
                0x08002ea0                BLS_Init
 .text.CRS_STM_Init
                0x08002ea2        0x2 Middlewares\STM32_WPAN\svc_ctl.o
                0x08002ea2                CRS_STM_Init
 .text.DIS_Init
                0x08002ea4        0x2 Middlewares\STM32_WPAN\svc_ctl.o
                0x08002ea4                DIS_Init
 .text.EDS_STM_Init
                0x08002ea6        0x2 Middlewares\STM32_WPAN\svc_ctl.o
                0x08002ea6                EDS_STM_Init
 .text.HIDS_Init
                0x08002ea8        0x2 Middlewares\STM32_WPAN\svc_ctl.o
                0x08002ea8                HIDS_Init
 .text.HRS_Init
                0x08002eaa        0x2 Middlewares\STM32_WPAN\svc_ctl.o
                0x08002eaa                HRS_Init
 .text.HTS_Init
                0x08002eac        0x2 Middlewares\STM32_WPAN\svc_ctl.o
                0x08002eac                HTS_Init
 .text.IAS_Init
                0x08002eae        0x2 Middlewares\STM32_WPAN\svc_ctl.o
                0x08002eae                IAS_Init
 .text.LLS_Init
                0x08002eb0        0x2 Middlewares\STM32_WPAN\svc_ctl.o
                0x08002eb0                LLS_Init
 .text.TPS_Init
                0x08002eb2        0x2 Middlewares\STM32_WPAN\svc_ctl.o
                0x08002eb2                TPS_Init
 .text.OTAS_STM_Init
                0x08002eb4        0x2 Middlewares\STM32_WPAN\svc_ctl.o
                0x08002eb4                OTAS_STM_Init
 .text.MESH_Init
                0x08002eb6        0x2 Middlewares\STM32_WPAN\svc_ctl.o
                0x08002eb6                MESH_Init
 .text.SVCCTL_InitCustomSvc
                0x08002eb8        0x2 Middlewares\STM32_WPAN\svc_ctl.o
                0x08002eb8                SVCCTL_InitCustomSvc
 *fill*         0x08002eba        0x2 
 .text.SVCCTL_Init
                0x08002ebc       0x48 Middlewares\STM32_WPAN\svc_ctl.o
                0x08002ebc                SVCCTL_Init
 .text.SVCCTL_RegisterSvcHandler
                0x08002f04       0x14 Middlewares\STM32_WPAN\svc_ctl.o
                0x08002f04                SVCCTL_RegisterSvcHandler
 .text.SVCCTL_UserEvtRx
                0x08002f18       0x48 Middlewares\STM32_WPAN\svc_ctl.o
                0x08002f18                SVCCTL_UserEvtRx
 .text.hci_register_io_bus
                0x08002f60       0x14 Middlewares\STM32_WPAN\tl_if.o
                0x08002f60                hci_register_io_bus
 .text.shci_register_io_bus
                0x08002f74       0x14 Middlewares\STM32_WPAN\tl_if.o
                0x08002f74                shci_register_io_bus
 .text.SendFreeBuf
                0x08002f88       0x30 Middlewares\STM32_WPAN\tl_mbox.o
 .text.TL_Enable
                0x08002fb8        0x4 Middlewares\STM32_WPAN\tl_mbox.o
                0x08002fb8                TL_Enable
 .text.TL_Init  0x08002fbc       0x3c Middlewares\STM32_WPAN\tl_mbox.o
                0x08002fbc                TL_Init
 .text.TL_BLE_Init
                0x08002ff8       0x40 Middlewares\STM32_WPAN\tl_mbox.o
                0x08002ff8                TL_BLE_Init
 .text.TL_BLE_SendCmd
                0x08003038       0x18 Middlewares\STM32_WPAN\tl_mbox.o
                0x08003038                TL_BLE_SendCmd
 .text.HW_IPCC_BLE_RxEvtNot
                0x08003050       0x2c Middlewares\STM32_WPAN\tl_mbox.o
                0x08003050                HW_IPCC_BLE_RxEvtNot
 .text.HW_IPCC_BLE_AclDataAckNot
                0x0800307c        0xc Middlewares\STM32_WPAN\tl_mbox.o
                0x0800307c                HW_IPCC_BLE_AclDataAckNot
 .text.TL_SYS_Init
                0x08003088       0x34 Middlewares\STM32_WPAN\tl_mbox.o
                0x08003088                TL_SYS_Init
 .text.TL_SYS_SendCmd
                0x080030bc       0x18 Middlewares\STM32_WPAN\tl_mbox.o
                0x080030bc                TL_SYS_SendCmd
 .text.HW_IPCC_SYS_CmdEvtNot
                0x080030d4       0x14 Middlewares\STM32_WPAN\tl_mbox.o
                0x080030d4                HW_IPCC_SYS_CmdEvtNot
 .text.HW_IPCC_SYS_EvtNot
                0x080030e8       0x2c Middlewares\STM32_WPAN\tl_mbox.o
                0x080030e8                HW_IPCC_SYS_EvtNot
 .text.TL_MM_Init
                0x08003114       0x40 Middlewares\STM32_WPAN\tl_mbox.o
                0x08003114                TL_MM_Init
 .text.TL_MM_EvtDone
                0x08003154       0x1c Middlewares\STM32_WPAN\tl_mbox.o
                0x08003154                TL_MM_EvtDone
 .text.TL_TRACES_Init
                0x08003170       0x20 Middlewares\STM32_WPAN\tl_mbox.o
                0x08003170                TL_TRACES_Init
 .text.TL_TRACES_EvtReceived
                0x08003190        0x2 Middlewares\STM32_WPAN\tl_mbox.o
                0x08003190                TL_TRACES_EvtReceived
 *fill*         0x08003192        0x2 
 .text.HW_IPCC_TRACES_EvtNot
                0x08003194       0x24 Middlewares\STM32_WPAN\tl_mbox.o
                0x08003194                HW_IPCC_TRACES_EvtNot
 .text.HAL_Init
                0x080031b8       0x2c STLIB\stm32wbxx_hal.o
                0x080031b8                HAL_Init
 .text.HAL_IncTick
                0x080031e4       0x18 STLIB\stm32wbxx_hal.o
                0x080031e4                HAL_IncTick
 .text.HAL_GetTick
                0x080031fc        0xc STLIB\stm32wbxx_hal.o
                0x080031fc                HAL_GetTick
 .text.HAL_GetTickPrio
                0x08003208        0xc STLIB\stm32wbxx_hal.o
                0x08003208                HAL_GetTickPrio
 .text.HAL_DBGMCU_EnableDBGSleepMode
                0x08003214       0x10 STLIB\stm32wbxx_hal.o
                0x08003214                HAL_DBGMCU_EnableDBGSleepMode
 .text.HAL_NVIC_SetPriorityGrouping
                0x08003224       0x24 STLIB\stm32wbxx_hal_cortex.o
                0x08003224                HAL_NVIC_SetPriorityGrouping
 .text.HAL_NVIC_SetPriority
                0x08003248       0x68 STLIB\stm32wbxx_hal_cortex.o
                0x08003248                HAL_NVIC_SetPriority
 .text.HAL_NVIC_EnableIRQ
                0x080032b0       0x18 STLIB\stm32wbxx_hal_cortex.o
                0x080032b0                HAL_NVIC_EnableIRQ
 .text.HAL_NVIC_DisableIRQ
                0x080032c8       0x1c STLIB\stm32wbxx_hal_cortex.o
                0x080032c8                HAL_NVIC_DisableIRQ
 .text.HAL_NVIC_SetPendingIRQ
                0x080032e4       0x1c STLIB\stm32wbxx_hal_cortex.o
                0x080032e4                HAL_NVIC_SetPendingIRQ
 .text.HAL_NVIC_ClearPendingIRQ
                0x08003300       0x1c STLIB\stm32wbxx_hal_cortex.o
                0x08003300                HAL_NVIC_ClearPendingIRQ
 .text.DMA_SetConfig
                0x0800331c       0x34 STLIB\stm32wbxx_hal_dma.o
 .text.DMA_CalcDMAMUXChannelBaseAndMask
                0x08003350       0x50 STLIB\stm32wbxx_hal_dma.o
 .text.HAL_DMA_Init
                0x080033a0       0xe0 STLIB\stm32wbxx_hal_dma.o
                0x080033a0                HAL_DMA_Init
 .text.HAL_DMA_Start_IT
                0x08003480       0x84 STLIB\stm32wbxx_hal_dma.o
                0x08003480                HAL_DMA_Start_IT
 .text.HAL_DMA_Abort_IT
                0x08003504       0x6e STLIB\stm32wbxx_hal_dma.o
                0x08003504                HAL_DMA_Abort_IT
 .text.HAL_DMA_IRQHandler
                0x08003572       0x94 STLIB\stm32wbxx_hal_dma.o
                0x08003572                HAL_DMA_IRQHandler
 *fill*         0x08003606        0x2 
 .text.HAL_GPIO_Init
                0x08003608      0x164 STLIB\stm32wbxx_hal_gpio.o
                0x08003608                HAL_GPIO_Init
 .text.HAL_GPIO_WritePin
                0x0800376c        0xa STLIB\stm32wbxx_hal_gpio.o
                0x0800376c                HAL_GPIO_WritePin
 *fill*         0x08003776        0x2 
 .text.HAL_GPIO_EXTI_IRQHandler
                0x08003778       0x18 STLIB\stm32wbxx_hal_gpio.o
                0x08003778                HAL_GPIO_EXTI_IRQHandler
 .text.HAL_PWR_EnableBkUpAccess
                0x08003790       0x10 STLIB\stm32wbxx_hal_pwr.o
                0x08003790                HAL_PWR_EnableBkUpAccess
 .text.HAL_PWREx_GetVoltageRange
                0x080037a0       0x10 STLIB\stm32wbxx_hal_pwr_ex.o
                0x080037a0                HAL_PWREx_GetVoltageRange
 .text.LL_RCC_HSE_IsReady
                0x080037b0        0xc STLIB\stm32wbxx_hal_rcc.o
 .text.LL_RCC_HSI_IsReady
                0x080037bc        0xc STLIB\stm32wbxx_hal_rcc.o
 .text.LL_RCC_LSI1_IsReady
                0x080037c8        0xe STLIB\stm32wbxx_hal_rcc.o
 .text.LL_RCC_MSI_IsReady
                0x080037d6        0xc STLIB\stm32wbxx_hal_rcc.o
 .text.LL_RCC_MSI_SetRange
                0x080037e2       0x10 STLIB\stm32wbxx_hal_rcc.o
 .text.LL_RCC_MSI_GetRange
                0x080037f2       0x12 STLIB\stm32wbxx_hal_rcc.o
 .text.LL_RCC_MSI_SetCalibTrimming
                0x08003804       0x12 STLIB\stm32wbxx_hal_rcc.o
 .text.LL_RCC_PLL_IsReady
                0x08003816        0xc STLIB\stm32wbxx_hal_rcc.o
 *fill*         0x08003822        0x2 
 .text.RCC_SetFlashLatencyFromMSIRange
                0x08003824       0xe0 STLIB\stm32wbxx_hal_rcc.o
 .text.HAL_RCC_OscConfig
                0x08003904      0x57c STLIB\stm32wbxx_hal_rcc.o
                0x08003904                HAL_RCC_OscConfig
 .text.HAL_RCC_ClockConfig
                0x08003e80      0x1fc STLIB\stm32wbxx_hal_rcc.o
                0x08003e80                HAL_RCC_ClockConfig
 .text.HAL_RCC_GetSysClockFreq
                0x0800407c       0x9c STLIB\stm32wbxx_hal_rcc.o
                0x0800407c                HAL_RCC_GetSysClockFreq
 .text.HAL_RCC_GetHCLKFreq
                0x08004118       0x20 STLIB\stm32wbxx_hal_rcc.o
                0x08004118                HAL_RCC_GetHCLKFreq
 .text.HAL_RCC_GetPCLK1Freq
                0x08004138       0x24 STLIB\stm32wbxx_hal_rcc.o
                0x08004138                HAL_RCC_GetPCLK1Freq
 .text.HAL_RCC_GetPCLK2Freq
                0x0800415c       0x24 STLIB\stm32wbxx_hal_rcc.o
                0x0800415c                HAL_RCC_GetPCLK2Freq
 .text.LL_RCC_LSE_IsReady
                0x08004180        0xe STLIB\stm32wbxx_hal_rcc_ex.o
 .text.LL_RCC_SetI2CClockSource
                0x0800418e       0x20 STLIB\stm32wbxx_hal_rcc_ex.o
 .text.LL_RCC_PLLSAI1_Enable
                0x080041ae        0xe STLIB\stm32wbxx_hal_rcc_ex.o
 .text.LL_RCC_PLLSAI1_Disable
                0x080041bc        0xe STLIB\stm32wbxx_hal_rcc_ex.o
 .text.LL_RCC_PLLSAI1_IsReady
                0x080041ca        0xc STLIB\stm32wbxx_hal_rcc_ex.o
 .text.HAL_RCCEx_PeriphCLKConfig
                0x080041d6      0x344 STLIB\stm32wbxx_hal_rcc_ex.o
                0x080041d6                HAL_RCCEx_PeriphCLKConfig
 .text.HAL_RTC_WaitForSynchro
                0x0800451a       0x30 STLIB\stm32wbxx_hal_rtc.o
                0x0800451a                HAL_RTC_WaitForSynchro
 .text.RTC_EnterInitMode
                0x0800454a       0x34 STLIB\stm32wbxx_hal_rtc.o
                0x0800454a                RTC_EnterInitMode
 .text.HAL_RTC_Init
                0x0800457e       0xb8 STLIB\stm32wbxx_hal_rtc.o
                0x0800457e                HAL_RTC_Init
 .text.HAL_RTCEx_EnableBypassShadow
                0x08004636       0x36 STLIB\stm32wbxx_hal_rtc_ex.o
                0x08004636                HAL_RTCEx_EnableBypassShadow
 .text.UART_EndRxTransfer
                0x0800466c       0x22 STLIB\stm32wbxx_hal_uart.o
 *fill*         0x0800468e        0x2 
 .text.HAL_UART_Transmit_DMA
                0x08004690       0x8c STLIB\stm32wbxx_hal_uart.o
                0x08004690                HAL_UART_Transmit_DMA
 .text.UART_DMATransmitCplt
                0x0800471c       0x2e STLIB\stm32wbxx_hal_uart.o
 .text.HAL_UART_TxHalfCpltCallback
                0x0800474a        0x2 STLIB\stm32wbxx_hal_uart.o
                0x0800474a                HAL_UART_TxHalfCpltCallback
 .text.UART_DMATxHalfCplt
                0x0800474c        0xa STLIB\stm32wbxx_hal_uart.o
 .text.HAL_UART_ErrorCallback
                0x08004756        0x2 STLIB\stm32wbxx_hal_uart.o
                0x08004756                HAL_UART_ErrorCallback
 .text.UART_DMAError
                0x08004758       0x5e STLIB\stm32wbxx_hal_uart.o
 *fill*         0x080047b6        0x2 
 .text.HAL_UART_IRQHandler
                0x080047b8      0x17c STLIB\stm32wbxx_hal_uart.o
                0x080047b8                HAL_UART_IRQHandler
 .text.UART_DMAAbortOnError
                0x08004934       0x14 STLIB\stm32wbxx_hal_uart.o
 .text.UART_SetConfig
                0x08004948      0x880 STLIB\stm32wbxx_hal_uart.o
                0x08004948                UART_SetConfig
 .text.UART_AdvFeatureConfig
                0x080051c8       0xa8 STLIB\stm32wbxx_hal_uart.o
                0x080051c8                UART_AdvFeatureConfig
 .text.UART_WaitOnFlagUntilTimeout
                0x08005270       0x62 STLIB\stm32wbxx_hal_uart.o
                0x08005270                UART_WaitOnFlagUntilTimeout
 .text.UART_CheckIdleState
                0x080052d2       0x66 STLIB\stm32wbxx_hal_uart.o
                0x080052d2                UART_CheckIdleState
 .text.HAL_UART_Init
                0x08005338       0x60 STLIB\stm32wbxx_hal_uart.o
                0x08005338                HAL_UART_Init
 .text.UARTEx_SetNbDataToProcess
                0x08005398       0x96 STLIB\stm32wbxx_hal_uart_ex.o
 .text.HAL_UARTEx_WakeupCallback
                0x0800542e        0x2 STLIB\stm32wbxx_hal_uart_ex.o
                0x0800542e                HAL_UARTEx_WakeupCallback
 .text.HAL_UARTEx_RxFifoFullCallback
                0x08005430        0x2 STLIB\stm32wbxx_hal_uart_ex.o
                0x08005430                HAL_UARTEx_RxFifoFullCallback
 .text.HAL_UARTEx_TxFifoEmptyCallback
                0x08005432        0x2 STLIB\stm32wbxx_hal_uart_ex.o
                0x08005432                HAL_UARTEx_TxFifoEmptyCallback
 .text.HAL_UARTEx_DisableFifoMode
                0x08005434       0x36 STLIB\stm32wbxx_hal_uart_ex.o
                0x08005434                HAL_UARTEx_DisableFifoMode
 .text.HAL_UARTEx_SetTxFifoThreshold
                0x0800546a       0x48 STLIB\stm32wbxx_hal_uart_ex.o
                0x0800546a                HAL_UARTEx_SetTxFifoThreshold
 .text.HAL_UARTEx_SetRxFifoThreshold
                0x080054b2       0x48 STLIB\stm32wbxx_hal_uart_ex.o
                0x080054b2                HAL_UARTEx_SetRxFifoThreshold
 *fill*         0x080054fa        0x2 
 .text.__libc_init_array
                0x080054fc       0x48 c:/program files (x86)/atollic/truestudio for stm32 9.3.0/armtools/bin/../lib/gcc/arm-atollic-eabi/6.3.1/../../../../arm-atollic-eabi/lib/armv7e-m/fpu\libc_nano.a(lib_a-init.o)
                0x080054fc                __libc_init_array
 .text.memcpy   0x08005544       0x16 c:/program files (x86)/atollic/truestudio for stm32 9.3.0/armtools/bin/../lib/gcc/arm-atollic-eabi/6.3.1/../../../../arm-atollic-eabi/lib/armv7e-m/fpu\libc_nano.a(lib_a-memcpy-stub.o)
                0x08005544                memcpy
 .text.memset   0x0800555a       0x10 c:/program files (x86)/atollic/truestudio for stm32 9.3.0/armtools/bin/../lib/gcc/arm-atollic-eabi/6.3.1/../../../../arm-atollic-eabi/lib/armv7e-m/fpu\libc_nano.a(lib_a-memset.o)
                0x0800555a                memset
 *fill*         0x0800556a        0x2 
 .text.printf   0x0800556c       0x30 c:/program files (x86)/atollic/truestudio for stm32 9.3.0/armtools/bin/../lib/gcc/arm-atollic-eabi/6.3.1/../../../../arm-atollic-eabi/lib/armv7e-m/fpu\libc_nano.a(lib_a-printf.o)
                0x0800556c                iprintf
                0x0800556c                printf
 .text._puts_r  0x0800559c       0xb8 c:/program files (x86)/atollic/truestudio for stm32 9.3.0/armtools/bin/../lib/gcc/arm-atollic-eabi/6.3.1/../../../../arm-atollic-eabi/lib/armv7e-m/fpu\libc_nano.a(lib_a-puts.o)
                0x0800559c                _puts_r
 .text.puts     0x08005654       0x10 c:/program files (x86)/atollic/truestudio for stm32 9.3.0/armtools/bin/../lib/gcc/arm-atollic-eabi/6.3.1/../../../../arm-atollic-eabi/lib/armv7e-m/fpu\libc_nano.a(lib_a-puts.o)
                0x08005654                puts
 .text.__swbuf_r
                0x08005664       0xa4 c:/program files (x86)/atollic/truestudio for stm32 9.3.0/armtools/bin/../lib/gcc/arm-atollic-eabi/6.3.1/../../../../arm-atollic-eabi/lib/armv7e-m/fpu\libc_nano.a(lib_a-wbuf.o)
                0x08005664                __swbuf_r
 .text.__swsetup_r
                0x08005708       0xdc c:/program files (x86)/atollic/truestudio for stm32 9.3.0/armtools/bin/../lib/gcc/arm-atollic-eabi/6.3.1/../../../../arm-atollic-eabi/lib/armv7e-m/fpu\libc_nano.a(lib_a-wsetup.o)
                0x08005708                __swsetup_r
 .text.__sflush_r
                0x080057e4      0x110 c:/program files (x86)/atollic/truestudio for stm32 9.3.0/armtools/bin/../lib/gcc/arm-atollic-eabi/6.3.1/../../../../arm-atollic-eabi/lib/armv7e-m/fpu\libc_nano.a(lib_a-fflush.o)
                0x080057e4                __sflush_r
 .text._fflush_r
                0x080058f4       0x54 c:/program files (x86)/atollic/truestudio for stm32 9.3.0/armtools/bin/../lib/gcc/arm-atollic-eabi/6.3.1/../../../../arm-atollic-eabi/lib/armv7e-m/fpu\libc_nano.a(lib_a-fflush.o)
                0x080058f4                _fflush_r
 .text._cleanup_r
                0x08005948        0xc c:/program files (x86)/atollic/truestudio for stm32 9.3.0/armtools/bin/../lib/gcc/arm-atollic-eabi/6.3.1/../../../../arm-atollic-eabi/lib/armv7e-m/fpu\libc_nano.a(lib_a-findfp.o)
                0x08005948                _cleanup_r
 .text.std.isra.0
                0x08005954       0x48 c:/program files (x86)/atollic/truestudio for stm32 9.3.0/armtools/bin/../lib/gcc/arm-atollic-eabi/6.3.1/../../../../arm-atollic-eabi/lib/armv7e-m/fpu\libc_nano.a(lib_a-findfp.o)
 .text.__sfmoreglue
                0x0800599c       0x2c c:/program files (x86)/atollic/truestudio for stm32 9.3.0/armtools/bin/../lib/gcc/arm-atollic-eabi/6.3.1/../../../../arm-atollic-eabi/lib/armv7e-m/fpu\libc_nano.a(lib_a-findfp.o)
                0x0800599c                __sfmoreglue
 .text.__sinit  0x080059c8       0x60 c:/program files (x86)/atollic/truestudio for stm32 9.3.0/armtools/bin/../lib/gcc/arm-atollic-eabi/6.3.1/../../../../arm-atollic-eabi/lib/armv7e-m/fpu\libc_nano.a(lib_a-findfp.o)
                0x080059c8                __sinit
 .text.__sfp    0x08005a28       0x78 c:/program files (x86)/atollic/truestudio for stm32 9.3.0/armtools/bin/../lib/gcc/arm-atollic-eabi/6.3.1/../../../../arm-atollic-eabi/lib/armv7e-m/fpu\libc_nano.a(lib_a-findfp.o)
                0x08005a28                __sfp
 .text._fwalk_reent
                0x08005aa0       0x3c c:/program files (x86)/atollic/truestudio for stm32 9.3.0/armtools/bin/../lib/gcc/arm-atollic-eabi/6.3.1/../../../../arm-atollic-eabi/lib/armv7e-m/fpu\libc_nano.a(lib_a-fwalk.o)
                0x08005aa0                _fwalk_reent
 .text.__swhatbuf_r
                0x08005adc       0x48 c:/program files (x86)/atollic/truestudio for stm32 9.3.0/armtools/bin/../lib/gcc/arm-atollic-eabi/6.3.1/../../../../arm-atollic-eabi/lib/armv7e-m/fpu\libc_nano.a(lib_a-makebuf.o)
                0x08005adc                __swhatbuf_r
 .text.__smakebuf_r
                0x08005b24       0x80 c:/program files (x86)/atollic/truestudio for stm32 9.3.0/armtools/bin/../lib/gcc/arm-atollic-eabi/6.3.1/../../../../arm-atollic-eabi/lib/armv7e-m/fpu\libc_nano.a(lib_a-makebuf.o)
                0x08005b24                __smakebuf_r
 .text._free_r  0x08005ba4       0x9c c:/program files (x86)/atollic/truestudio for stm32 9.3.0/armtools/bin/../lib/gcc/arm-atollic-eabi/6.3.1/../../../../arm-atollic-eabi/lib/armv7e-m/fpu\libc_nano.a(lib_a-nano-freer.o)
                0x08005ba4                _free_r
 .text._malloc_r
                0x08005c40       0xbc c:/program files (x86)/atollic/truestudio for stm32 9.3.0/armtools/bin/../lib/gcc/arm-atollic-eabi/6.3.1/../../../../arm-atollic-eabi/lib/armv7e-m/fpu\libc_nano.a(lib_a-nano-mallocr.o)
                0x08005c40                _malloc_r
 .text.__sfputc_r
                0x08005cfc       0x30 c:/program files (x86)/atollic/truestudio for stm32 9.3.0/armtools/bin/../lib/gcc/arm-atollic-eabi/6.3.1/../../../../arm-atollic-eabi/lib/armv7e-m/fpu\libc_nano.a(lib_a-nano-vfprintf.o)
 .text.__sfputs_r
                0x08005d2c       0x24 c:/program files (x86)/atollic/truestudio for stm32 9.3.0/armtools/bin/../lib/gcc/arm-atollic-eabi/6.3.1/../../../../arm-atollic-eabi/lib/armv7e-m/fpu\libc_nano.a(lib_a-nano-vfprintf.o)
                0x08005d2c                __sfputs_r
 .text._vfprintf_r
                0x08005d50      0x22c c:/program files (x86)/atollic/truestudio for stm32 9.3.0/armtools/bin/../lib/gcc/arm-atollic-eabi/6.3.1/../../../../arm-atollic-eabi/lib/armv7e-m/fpu\libc_nano.a(lib_a-nano-vfprintf.o)
                0x08005d50                _vfprintf_r
                0x08005d50                _vfiprintf_r
 .text._printf_common
                0x08005f7c       0xec c:/program files (x86)/atollic/truestudio for stm32 9.3.0/armtools/bin/../lib/gcc/arm-atollic-eabi/6.3.1/../../../../arm-atollic-eabi/lib/armv7e-m/fpu\libc_nano.a(lib_a-nano-vfprintf_i.o)
                0x08005f7c                _printf_common
 .text._printf_i
                0x08006068      0x240 c:/program files (x86)/atollic/truestudio for stm32 9.3.0/armtools/bin/../lib/gcc/arm-atollic-eabi/6.3.1/../../../../arm-atollic-eabi/lib/armv7e-m/fpu\libc_nano.a(lib_a-nano-vfprintf_i.o)
                0x08006068                _printf_i
 .text._sbrk_r  0x080062a8       0x20 c:/program files (x86)/atollic/truestudio for stm32 9.3.0/armtools/bin/../lib/gcc/arm-atollic-eabi/6.3.1/../../../../arm-atollic-eabi/lib/armv7e-m/fpu\libc_nano.a(lib_a-sbrkr.o)
                0x080062a8                _sbrk_r
 .text.__sread  0x080062c8       0x22 c:/program files (x86)/atollic/truestudio for stm32 9.3.0/armtools/bin/../lib/gcc/arm-atollic-eabi/6.3.1/../../../../arm-atollic-eabi/lib/armv7e-m/fpu\libc_nano.a(lib_a-stdio.o)
                0x080062c8                __sread
 .text.__swrite
                0x080062ea       0x38 c:/program files (x86)/atollic/truestudio for stm32 9.3.0/armtools/bin/../lib/gcc/arm-atollic-eabi/6.3.1/../../../../arm-atollic-eabi/lib/armv7e-m/fpu\libc_nano.a(lib_a-stdio.o)
                0x080062ea                __swrite
 .text.__sseek  0x08006322       0x24 c:/program files (x86)/atollic/truestudio for stm32 9.3.0/armtools/bin/../lib/gcc/arm-atollic-eabi/6.3.1/../../../../arm-atollic-eabi/lib/armv7e-m/fpu\libc_nano.a(lib_a-stdio.o)
                0x08006322                __sseek
 .text.__sclose
                0x08006346        0x8 c:/program files (x86)/atollic/truestudio for stm32 9.3.0/armtools/bin/../lib/gcc/arm-atollic-eabi/6.3.1/../../../../arm-atollic-eabi/lib/armv7e-m/fpu\libc_nano.a(lib_a-stdio.o)
                0x08006346                __sclose
 *fill*         0x0800634e        0x2 
 .text._write_r
                0x08006350       0x24 c:/program files (x86)/atollic/truestudio for stm32 9.3.0/armtools/bin/../lib/gcc/arm-atollic-eabi/6.3.1/../../../../arm-atollic-eabi/lib/armv7e-m/fpu\libc_nano.a(lib_a-writer.o)
                0x08006350                _write_r
 .text._close_r
                0x08006374       0x20 c:/program files (x86)/atollic/truestudio for stm32 9.3.0/armtools/bin/../lib/gcc/arm-atollic-eabi/6.3.1/../../../../arm-atollic-eabi/lib/armv7e-m/fpu\libc_nano.a(lib_a-closer.o)
                0x08006374                _close_r
 .text._fstat_r
                0x08006394       0x24 c:/program files (x86)/atollic/truestudio for stm32 9.3.0/armtools/bin/../lib/gcc/arm-atollic-eabi/6.3.1/../../../../arm-atollic-eabi/lib/armv7e-m/fpu\libc_nano.a(lib_a-fstatr.o)
                0x08006394                _fstat_r
 .text._isatty_r
                0x080063b8       0x20 c:/program files (x86)/atollic/truestudio for stm32 9.3.0/armtools/bin/../lib/gcc/arm-atollic-eabi/6.3.1/../../../../arm-atollic-eabi/lib/armv7e-m/fpu\libc_nano.a(lib_a-isattyr.o)
                0x080063b8                _isatty_r
 .text._lseek_r
                0x080063d8       0x24 c:/program files (x86)/atollic/truestudio for stm32 9.3.0/armtools/bin/../lib/gcc/arm-atollic-eabi/6.3.1/../../../../arm-atollic-eabi/lib/armv7e-m/fpu\libc_nano.a(lib_a-lseekr.o)
                0x080063d8                _lseek_r
 .text.__malloc_lock
                0x080063fc        0x2 c:/program files (x86)/atollic/truestudio for stm32 9.3.0/armtools/bin/../lib/gcc/arm-atollic-eabi/6.3.1/../../../../arm-atollic-eabi/lib/armv7e-m/fpu\libc_nano.a(lib_a-mlock.o)
                0x080063fc                __malloc_lock
 .text.__malloc_unlock
                0x080063fe        0x2 c:/program files (x86)/atollic/truestudio for stm32 9.3.0/armtools/bin/../lib/gcc/arm-atollic-eabi/6.3.1/../../../../arm-atollic-eabi/lib/armv7e-m/fpu\libc_nano.a(lib_a-mlock.o)
                0x080063fe                __malloc_unlock
 .text._read_r  0x08006400       0x24 c:/program files (x86)/atollic/truestudio for stm32 9.3.0/armtools/bin/../lib/gcc/arm-atollic-eabi/6.3.1/../../../../arm-atollic-eabi/lib/armv7e-m/fpu\libc_nano.a(lib_a-readr.o)
                0x08006400                _read_r
 .text._close   0x08006424       0x10 c:/program files (x86)/atollic/truestudio for stm32 9.3.0/armtools/bin/../lib/gcc/arm-atollic-eabi/6.3.1/../../../../arm-atollic-eabi/lib/armv7e-m/fpu\libnosys.a(close.o)
                0x08006424                _close
 .text._fstat   0x08006434       0x10 c:/program files (x86)/atollic/truestudio for stm32 9.3.0/armtools/bin/../lib/gcc/arm-atollic-eabi/6.3.1/../../../../arm-atollic-eabi/lib/armv7e-m/fpu\libnosys.a(fstat.o)
                0x08006434                _fstat
 .text._isatty  0x08006444       0x10 c:/program files (x86)/atollic/truestudio for stm32 9.3.0/armtools/bin/../lib/gcc/arm-atollic-eabi/6.3.1/../../../../arm-atollic-eabi/lib/armv7e-m/fpu\libnosys.a(isatty.o)
                0x08006444                _isatty
 .text._lseek   0x08006454       0x10 c:/program files (x86)/atollic/truestudio for stm32 9.3.0/armtools/bin/../lib/gcc/arm-atollic-eabi/6.3.1/../../../../arm-atollic-eabi/lib/armv7e-m/fpu\libnosys.a(lseek.o)
                0x08006454                _lseek
 .text._read    0x08006464       0x10 c:/program files (x86)/atollic/truestudio for stm32 9.3.0/armtools/bin/../lib/gcc/arm-atollic-eabi/6.3.1/../../../../arm-atollic-eabi/lib/armv7e-m/fpu\libnosys.a(read.o)
                0x08006464                _read
 .text._sbrk    0x08006474       0x1c c:/program files (x86)/atollic/truestudio for stm32 9.3.0/armtools/bin/../lib/gcc/arm-atollic-eabi/6.3.1/../../../../arm-atollic-eabi/lib/armv7e-m/fpu\libnosys.a(sbrk.o)
                0x08006474                _sbrk
 *(.glue_7)
 .glue_7        0x08006490        0x0 linker stubs
 *(.glue_7t)
 .glue_7t       0x08006490        0x0 linker stubs
 *(.eh_frame)
 .eh_frame      0x08006490        0x0 c:/program files (x86)/atollic/truestudio for stm32 9.3.0/armtools/bin/../lib/gcc/arm-atollic-eabi/6.3.1/armv7e-m/fpu/crtbegin.o
 *(.init)
 .init          0x08006490        0x4 c:/program files (x86)/atollic/truestudio for stm32 9.3.0/armtools/bin/../lib/gcc/arm-atollic-eabi/6.3.1/armv7e-m/fpu/crti.o
                0x08006490                _init
 .init          0x08006494        0x8 c:/program files (x86)/atollic/truestudio for stm32 9.3.0/armtools/bin/../lib/gcc/arm-atollic-eabi/6.3.1/armv7e-m/fpu/crtn.o
 *(.fini)
 .fini          0x0800649c        0x4 c:/program files (x86)/atollic/truestudio for stm32 9.3.0/armtools/bin/../lib/gcc/arm-atollic-eabi/6.3.1/armv7e-m/fpu/crti.o
                0x0800649c                _fini
 .fini          0x080064a0        0x8 c:/program files (x86)/atollic/truestudio for stm32 9.3.0/armtools/bin/../lib/gcc/arm-atollic-eabi/6.3.1/armv7e-m/fpu/crtn.o
                0x080064a8                . = ALIGN (0x4)
                0x080064a8                _etext = .

.vfp11_veneer   0x080064a8        0x0
 .vfp11_veneer  0x080064a8        0x0 linker stubs

.v4_bx          0x080064a8        0x0
 .v4_bx         0x080064a8        0x0 linker stubs

.iplt           0x080064a8        0x0
 .iplt          0x080064a8        0x0 c:/program files (x86)/atollic/truestudio for stm32 9.3.0/armtools/bin/../lib/gcc/arm-atollic-eabi/6.3.1/armv7e-m/fpu/crtbegin.o

.rodata         0x080064a8      0x598
                0x080064a8                . = ALIGN (0x4)
 *(.rodata)
 .rodata        0x080064a8        0x3 Application\User\Core\hw_uart.o
 .rodata        0x080064ab       0x5b Application\User\STM32_WPAN\App\app_ble.o
 .rodata        0x08006506        0xf Drivers\BSP\P-NUCLEO-WB55.Nucleo\stm32wbxx_nucleo.o
                0x08006506                GPIO_PIN
                0x0800650c                BUTTON_PIN
                0x08006512                BUTTON_IRQn
 *fill*         0x08006515        0x3 
 .rodata        0x08006518      0x100 Drivers\CMSIS\system_stm32wbxx.o
                0x08006518                MSIRangeTable
                0x08006558                AHBPrescTable
                0x08006598                SmpsPrescalerTable
                0x080065f8                APBPrescTable
 .rodata        0x08006618       0x2c STLIB\stm32wbxx_hal_rcc.o
 .rodata        0x08006644        0x4 STLIB\stm32wbxx_hal_uart.o
 *(.rodata*)
 .rodata.str1.1
                0x08006648      0x1b2 Application\User\STM32_WPAN\App\app_ble.o
                                0x1b8 (size before relaxing)
 .rodata.str1.1
                0x080067fa      0x188 Application\User\STM32_WPAN\App\p2p_server_app.o
 .rodata.str1.1
                0x08006982       0x25 Middlewares\STM32_WPAN\p2p_stm.o
 *fill*         0x080069a7        0x1 
 .rodata.__sf_fake_stderr
                0x080069a8       0x20 c:/program files (x86)/atollic/truestudio for stm32 9.3.0/armtools/bin/../lib/gcc/arm-atollic-eabi/6.3.1/../../../../arm-atollic-eabi/lib/armv7e-m/fpu\libc_nano.a(lib_a-findfp.o)
                0x080069a8                __sf_fake_stderr
 .rodata.__sf_fake_stdin
                0x080069c8       0x20 c:/program files (x86)/atollic/truestudio for stm32 9.3.0/armtools/bin/../lib/gcc/arm-atollic-eabi/6.3.1/../../../../arm-atollic-eabi/lib/armv7e-m/fpu\libc_nano.a(lib_a-findfp.o)
                0x080069c8                __sf_fake_stdin
 .rodata.__sf_fake_stdout
                0x080069e8       0x20 c:/program files (x86)/atollic/truestudio for stm32 9.3.0/armtools/bin/../lib/gcc/arm-atollic-eabi/6.3.1/../../../../arm-atollic-eabi/lib/armv7e-m/fpu\libc_nano.a(lib_a-findfp.o)
                0x080069e8                __sf_fake_stdout
 .rodata._global_impure_ptr
                0x08006a08        0x4 c:/program files (x86)/atollic/truestudio for stm32 9.3.0/armtools/bin/../lib/gcc/arm-atollic-eabi/6.3.1/../../../../arm-atollic-eabi/lib/armv7e-m/fpu\libc_nano.a(lib_a-impure.o)
                0x08006a08                _global_impure_ptr
 .rodata._vfprintf_r.str1.1
                0x08006a0c       0x11 c:/program files (x86)/atollic/truestudio for stm32 9.3.0/armtools/bin/../lib/gcc/arm-atollic-eabi/6.3.1/../../../../arm-atollic-eabi/lib/armv7e-m/fpu\libc_nano.a(lib_a-nano-vfprintf.o)
 .rodata._printf_i.str1.1
                0x08006a1d       0x22 c:/program files (x86)/atollic/truestudio for stm32 9.3.0/armtools/bin/../lib/gcc/arm-atollic-eabi/6.3.1/../../../../arm-atollic-eabi/lib/armv7e-m/fpu\libc_nano.a(lib_a-nano-vfprintf_i.o)
                0x08006a40                . = ALIGN (0x4)
 *fill*         0x08006a3f        0x1 

.ARM.extab
 *(.ARM.extab* .gnu.linkonce.armextab.*)

.ARM            0x08006a40        0x8
                0x08006a40                __exidx_start = .
 *(.ARM.exidx*)
 .ARM.exidx     0x08006a40        0x8 c:/program files (x86)/atollic/truestudio for stm32 9.3.0/armtools/bin/../lib/gcc/arm-atollic-eabi/6.3.1/armv7e-m/fpu\libgcc.a(_udivmoddi4.o)
                0x08006a48                __exidx_end = .

.rel.dyn        0x08006a48        0x0
 .rel.iplt      0x08006a48        0x0 c:/program files (x86)/atollic/truestudio for stm32 9.3.0/armtools/bin/../lib/gcc/arm-atollic-eabi/6.3.1/armv7e-m/fpu/crtbegin.o

.preinit_array  0x08006a48        0x0
                0x08006a48                PROVIDE (__preinit_array_start, .)
 *(.preinit_array*)
                0x08006a48                PROVIDE (__preinit_array_end, .)

.init_array     0x08006a48        0x4
                0x08006a48                PROVIDE (__init_array_start, .)
 *(SORT(.init_array.*))
 *(.init_array*)
 .init_array    0x08006a48        0x4 c:/program files (x86)/atollic/truestudio for stm32 9.3.0/armtools/bin/../lib/gcc/arm-atollic-eabi/6.3.1/armv7e-m/fpu/crtbegin.o
                0x08006a4c                PROVIDE (__init_array_end, .)

.fini_array     0x08006a4c        0x4
                [!provide]                PROVIDE (__fini_array_start, .)
 *(SORT(.fini_array.*))
 *(.fini_array*)
 .fini_array    0x08006a4c        0x4 c:/program files (x86)/atollic/truestudio for stm32 9.3.0/armtools/bin/../lib/gcc/arm-atollic-eabi/6.3.1/armv7e-m/fpu/crtbegin.o
                [!provide]                PROVIDE (__fini_array_end, .)
                0x08006a50                _sidata = LOADADDR (.data)

.data           0x20000004       0xac load address 0x08006a50
                0x20000004                . = ALIGN (0x4)
                0x20000004                _sdata = .
 *(.data)
 .data          0x20000004       0x18 Application\User\STM32_WPAN\App\app_ble.o
                0x20000004                manuf_data
                0x20000014                tab_conn_interval
 .data          0x2000001c       0x18 Drivers\BSP\P-NUCLEO-WB55.Nucleo\stm32wbxx_nucleo.o
                0x2000001c                GPIO_PORT
                0x20000028                BUTTON_PORT
 .data          0x20000034        0x4 Drivers\CMSIS\system_stm32wbxx.o
                0x20000034                SystemCoreClock
 .data          0x20000038        0x1 Middlewares\STM32_WPAN\dbg_trace.o
                0x20000038                DbgTracePeripheralReady
 *fill*         0x20000039        0x3 
 .data          0x2000003c        0x8 Middlewares\STM32_WPAN\scheduler.o
 .data          0x20000044        0x8 STLIB\stm32wbxx_hal.o
                0x20000044                uwTickFreq
                0x20000048                uwTickPrio
 *(.data*)
 .data._impure_ptr
                0x2000004c        0x4 c:/program files (x86)/atollic/truestudio for stm32 9.3.0/armtools/bin/../lib/gcc/arm-atollic-eabi/6.3.1/../../../../arm-atollic-eabi/lib/armv7e-m/fpu\libc_nano.a(lib_a-impure.o)
                0x2000004c                _impure_ptr
 .data.impure_data
                0x20000050       0x60 c:/program files (x86)/atollic/truestudio for stm32 9.3.0/armtools/bin/../lib/gcc/arm-atollic-eabi/6.3.1/../../../../arm-atollic-eabi/lib/armv7e-m/fpu\libc_nano.a(lib_a-impure.o)
                0x200000b0                . = ALIGN (0x4)
                0x200000b0                _edata = .

.igot.plt       0x200000b0        0x0 load address 0x08006afc
 .igot.plt      0x200000b0        0x0 c:/program files (x86)/atollic/truestudio for stm32 9.3.0/armtools/bin/../lib/gcc/arm-atollic-eabi/6.3.1/armv7e-m/fpu/crtbegin.o

TIMERSERVER_CONTEXT
                0x200000b0       0x99 load address 0x08006afc
                [!provide]                PROVIDE (__start_TIMERSERVER_CONTEXT, .)
 TIMERSERVER_CONTEXT
                0x200000b0       0x99 Application\User\Core\hw_timerserver.o
                [!provide]                PROVIDE (__stop_TIMERSERVER_CONTEXT, .)

BLE_APP_CONTEXT
                0x2000014c       0xa0 load address 0x08006b95
                [!provide]                PROVIDE (__start_BLE_APP_CONTEXT, .)
 BLE_APP_CONTEXT
                0x2000014c       0x98 Application\User\STM32_WPAN\App\app_ble.o
 BLE_APP_CONTEXT
                0x200001e4        0x8 Application\User\STM32_WPAN\App\p2p_server_app.o
                [!provide]                PROVIDE (__stop_BLE_APP_CONTEXT, .)

BLE_DRIVER_CONTEXT
                0x200001ec       0x1d load address 0x08006c35
                [!provide]                PROVIDE (__start_BLE_DRIVER_CONTEXT, .)
 BLE_DRIVER_CONTEXT
                0x200001ec        0xe Middlewares\STM32_WPAN\hci_tl.o
                0x200001f8                UserEventFlow
 BLE_DRIVER_CONTEXT
                0x200001fa        0x6 Middlewares\STM32_WPAN\p2p_stm.o
 BLE_DRIVER_CONTEXT
                0x20000200        0x9 Middlewares\STM32_WPAN\svc_ctl.o
                0x20000200                SVCCTL_EvtHandler
                0x20000208                SVCCTL_CltHandler
                [!provide]                PROVIDE (__stop_BLE_DRIVER_CONTEXT, .)

SYSTEM_DRIVER_CONTEXT
                0x2000020c       0x11 load address 0x08006c52
                [!provide]                PROVIDE (__start_SYSTEM_DRIVER_CONTEXT, .)
 SYSTEM_DRIVER_CONTEXT
                0x2000020c       0x11 Middlewares\STM32_WPAN\shci_tl.o
                0x2000021c                SHCI_TL_UserEventFlow
                [!provide]                PROVIDE (__stop_SYSTEM_DRIVER_CONTEXT, .)
                0x20000220                . = ALIGN (0x4)

.bss            0x20000220     0x1310 load address 0x08006c63
                0x20000220                _sbss = .
                0x20000220                __bss_start__ = _sbss
 *(.bss)
 .bss           0x20000220       0x1c c:/program files (x86)/atollic/truestudio for stm32 9.3.0/armtools/bin/../lib/gcc/arm-atollic-eabi/6.3.1/armv7e-m/fpu/crtbegin.o
 .bss           0x2000023c        0xa Application\User\Core\hw_timerserver.o
 .bss           0x20000246        0x6 Application\User\STM32_WPAN\App\app_ble.o
 .bss           0x2000024c        0x4 Application\User\STM32_WPAN\Target\hw_ipcc.o
 .bss           0x20000250     0x1020 Middlewares\STM32_WPAN\dbg_trace.o
 .bss           0x20001270       0x2c Middlewares\STM32_WPAN\hci_tl.o
 .bss           0x2000129c        0xc Middlewares\STM32_WPAN\lpm.o
 .bss           0x200012a8       0x24 Middlewares\STM32_WPAN\scheduler.o
 .bss           0x200012cc       0x24 Middlewares\STM32_WPAN\shci_tl.o
 .bss           0x200012f0       0x18 Middlewares\STM32_WPAN\tl_mbox.o
 *(.bss*)
 .bss.__malloc_free_list
                0x20001308        0x4 c:/program files (x86)/atollic/truestudio for stm32 9.3.0/armtools/bin/../lib/gcc/arm-atollic-eabi/6.3.1/../../../../arm-atollic-eabi/lib/armv7e-m/fpu\libc_nano.a(lib_a-nano-mallocr.o)
                0x20001308                __malloc_free_list
 .bss.__malloc_sbrk_start
                0x2000130c        0x4 c:/program files (x86)/atollic/truestudio for stm32 9.3.0/armtools/bin/../lib/gcc/arm-atollic-eabi/6.3.1/../../../../arm-atollic-eabi/lib/armv7e-m/fpu\libc_nano.a(lib_a-nano-mallocr.o)
                0x2000130c                __malloc_sbrk_start
 .bss.heap_end.5239
                0x20001310        0x4 c:/program files (x86)/atollic/truestudio for stm32 9.3.0/armtools/bin/../lib/gcc/arm-atollic-eabi/6.3.1/../../../../arm-atollic-eabi/lib/armv7e-m/fpu\libnosys.a(sbrk.o)
 *(COMMON)
 COMMON         0x20001314       0x10 Application\User\Core\hw_uart.o
                0x20001314                HW_hlpuart1TxCb
                0x20001318                HW_huart1RxCb
                0x2000131c                HW_hlpuart1RxCb
                0x20001320                HW_huart1TxCb
 COMMON         0x20001324      0x1fc Application\User\Core\main.o
                0x20001324                hlpuart1
                0x200013b0                hdma_usart1_tx
                0x20001410                huart1
                0x2000149c                hrtc
                0x200014c0                hdma_lpuart1_tx
 COMMON         0x20001520        0x6 Application\User\STM32_WPAN\App\app_ble.o
                0x20001520                handleNotification
                0x20001524                mutex
                0x20001525                index_con_int
 *fill*         0x20001526        0x2 
 COMMON         0x20001528        0x4 STLIB\stm32wbxx_hal.o
                0x20001528                uwTick
 COMMON         0x2000152c        0x4 c:/program files (x86)/atollic/truestudio for stm32 9.3.0/armtools/bin/../lib/gcc/arm-atollic-eabi/6.3.1/../../../../arm-atollic-eabi/lib/armv7e-m/fpu\libc_nano.a(lib_a-reent.o)
                0x2000152c                errno
                0x20001530                . = ALIGN (0x4)
                0x20001530                _ebss = .
                0x20001530                __bss_end__ = _ebss

._user_heap_stack
                0x20001530     0x1400 load address 0x08006c63
                0x20001530                . = ALIGN (0x8)
                0x20001530                PROVIDE (end, .)
                [!provide]                PROVIDE (_end, .)
                0x20001930                . = (. + _Min_Heap_Size)
 *fill*         0x20001530      0x400 
                0x20002930                . = (. + _Min_Stack_Size)
 *fill*         0x20001930     0x1000 
                0x20002930                . = ALIGN (0x8)

/DISCARD/
 libc.a(*)
 libm.a(*)
 libgcc.a(*)

.ARM.attributes
                0x00000000       0x30
 *(.ARM.attributes)
 .ARM.attributes
                0x00000000       0x22 c:/program files (x86)/atollic/truestudio for stm32 9.3.0/armtools/bin/../lib/gcc/arm-atollic-eabi/6.3.1/armv7e-m/fpu/crti.o
 .ARM.attributes
                0x00000022       0x34 c:/program files (x86)/atollic/truestudio for stm32 9.3.0/armtools/bin/../lib/gcc/arm-atollic-eabi/6.3.1/armv7e-m/fpu/crtbegin.o
 .ARM.attributes
                0x00000056       0x21 Application\SW4STM32\startup_stm32wb55xx_cm4.o
 .ARM.attributes
                0x00000077       0x39 Application\User\Core\app_entry.o
 .ARM.attributes
                0x000000b0       0x39 Application\User\Core\hw_timerserver.o
 .ARM.attributes
                0x000000e9       0x39 Application\User\Core\hw_uart.o
 .ARM.attributes
                0x00000122       0x39 Application\User\Core\main.o
 .ARM.attributes
                0x0000015b       0x39 Application\User\Core\stm32wbxx_hal_msp.o
 .ARM.attributes
                0x00000194       0x39 Application\User\Core\stm32wbxx_it.o
 .ARM.attributes
                0x000001cd       0x39 Application\User\STM32_WPAN\App\app_ble.o
 .ARM.attributes
                0x00000206       0x39 Application\User\STM32_WPAN\App\p2p_server_app.o
 .ARM.attributes
                0x0000023f       0x39 Application\User\STM32_WPAN\Target\hw_ipcc.o
 .ARM.attributes
                0x00000278       0x39 Drivers\BSP\P-NUCLEO-WB55.Nucleo\stm32wbxx_nucleo.o
 .ARM.attributes
                0x000002b1       0x39 Drivers\CMSIS\system_stm32wbxx.o
 .ARM.attributes
                0x000002ea       0x39 Middlewares\STM32_WPAN\ble_gap_aci.o
 .ARM.attributes
                0x00000323       0x39 Middlewares\STM32_WPAN\ble_gatt_aci.o
 .ARM.attributes
                0x0000035c       0x39 Middlewares\STM32_WPAN\ble_hal_aci.o
 .ARM.attributes
                0x00000395       0x39 Middlewares\STM32_WPAN\ble_hci_le.o
 .ARM.attributes
                0x000003ce       0x39 Middlewares\STM32_WPAN\ble_l2cap_aci.o
 .ARM.attributes
                0x00000407       0x39 Middlewares\STM32_WPAN\dbg_trace.o
 .ARM.attributes
                0x00000440       0x39 Middlewares\STM32_WPAN\hci_tl.o
 .ARM.attributes
                0x00000479       0x39 Middlewares\STM32_WPAN\lpm.o
 .ARM.attributes
                0x000004b2       0x39 Middlewares\STM32_WPAN\osal.o
 .ARM.attributes
                0x000004eb       0x39 Middlewares\STM32_WPAN\otp.o
 .ARM.attributes
                0x00000524       0x39 Middlewares\STM32_WPAN\p2p_stm.o
 .ARM.attributes
                0x0000055d       0x39 Middlewares\STM32_WPAN\scheduler.o
 .ARM.attributes
                0x00000596       0x39 Middlewares\STM32_WPAN\shci.o
 .ARM.attributes
                0x000005cf       0x39 Middlewares\STM32_WPAN\shci_tl.o
 .ARM.attributes
                0x00000608       0x39 Middlewares\STM32_WPAN\stm_list.o
 .ARM.attributes
                0x00000641       0x39 Middlewares\STM32_WPAN\stm_queue.o
 .ARM.attributes
                0x0000067a       0x39 Middlewares\STM32_WPAN\svc_ctl.o
 .ARM.attributes
                0x000006b3       0x39 Middlewares\STM32_WPAN\tl_if.o
 .ARM.attributes
                0x000006ec       0x39 Middlewares\STM32_WPAN\tl_mbox.o
 .ARM.attributes
                0x00000725       0x39 STLIB\stm32wbxx_hal.o
 .ARM.attributes
                0x0000075e       0x39 STLIB\stm32wbxx_hal_cortex.o
 .ARM.attributes
                0x00000797       0x39 STLIB\stm32wbxx_hal_dma.o
 .ARM.attributes
                0x000007d0       0x39 STLIB\stm32wbxx_hal_gpio.o
 .ARM.attributes
                0x00000809       0x39 STLIB\stm32wbxx_hal_pwr.o
 .ARM.attributes
                0x00000842       0x39 STLIB\stm32wbxx_hal_pwr_ex.o
 .ARM.attributes
                0x0000087b       0x39 STLIB\stm32wbxx_hal_rcc.o
 .ARM.attributes
                0x000008b4       0x39 STLIB\stm32wbxx_hal_rcc_ex.o
 .ARM.attributes
                0x000008ed       0x39 STLIB\stm32wbxx_hal_rtc.o
 .ARM.attributes
                0x00000926       0x39 STLIB\stm32wbxx_hal_rtc_ex.o
 .ARM.attributes
                0x0000095f       0x39 STLIB\stm32wbxx_hal_uart.o
 .ARM.attributes
                0x00000998       0x39 STLIB\stm32wbxx_hal_uart_ex.o
 .ARM.attributes
                0x000009d1       0x34 c:/program files (x86)/atollic/truestudio for stm32 9.3.0/armtools/bin/../lib/gcc/arm-atollic-eabi/6.3.1/../../../../arm-atollic-eabi/lib/armv7e-m/fpu\libc_nano.a(lib_a-init.o)
 .ARM.attributes
                0x00000a05       0x34 c:/program files (x86)/atollic/truestudio for stm32 9.3.0/armtools/bin/../lib/gcc/arm-atollic-eabi/6.3.1/../../../../arm-atollic-eabi/lib/armv7e-m/fpu\libc_nano.a(lib_a-memcpy-stub.o)
 .ARM.attributes
                0x00000a39       0x34 c:/program files (x86)/atollic/truestudio for stm32 9.3.0/armtools/bin/../lib/gcc/arm-atollic-eabi/6.3.1/../../../../arm-atollic-eabi/lib/armv7e-m/fpu\libc_nano.a(lib_a-memset.o)
 .ARM.attributes
                0x00000a6d       0x34 c:/program files (x86)/atollic/truestudio for stm32 9.3.0/armtools/bin/../lib/gcc/arm-atollic-eabi/6.3.1/../../../../arm-atollic-eabi/lib/armv7e-m/fpu\libc_nano.a(lib_a-printf.o)
 .ARM.attributes
                0x00000aa1       0x34 c:/program files (x86)/atollic/truestudio for stm32 9.3.0/armtools/bin/../lib/gcc/arm-atollic-eabi/6.3.1/../../../../arm-atollic-eabi/lib/armv7e-m/fpu\libc_nano.a(lib_a-puts.o)
 .ARM.attributes
                0x00000ad5       0x34 c:/program files (x86)/atollic/truestudio for stm32 9.3.0/armtools/bin/../lib/gcc/arm-atollic-eabi/6.3.1/../../../../arm-atollic-eabi/lib/armv7e-m/fpu\libc_nano.a(lib_a-wbuf.o)
 .ARM.attributes
                0x00000b09       0x34 c:/program files (x86)/atollic/truestudio for stm32 9.3.0/armtools/bin/../lib/gcc/arm-atollic-eabi/6.3.1/../../../../arm-atollic-eabi/lib/armv7e-m/fpu\libc_nano.a(lib_a-wsetup.o)
 .ARM.attributes
                0x00000b3d       0x34 c:/program files (x86)/atollic/truestudio for stm32 9.3.0/armtools/bin/../lib/gcc/arm-atollic-eabi/6.3.1/../../../../arm-atollic-eabi/lib/armv7e-m/fpu\libc_nano.a(lib_a-fflush.o)
 .ARM.attributes
                0x00000b71       0x34 c:/program files (x86)/atollic/truestudio for stm32 9.3.0/armtools/bin/../lib/gcc/arm-atollic-eabi/6.3.1/../../../../arm-atollic-eabi/lib/armv7e-m/fpu\libc_nano.a(lib_a-findfp.o)
 .ARM.attributes
                0x00000ba5       0x34 c:/program files (x86)/atollic/truestudio for stm32 9.3.0/armtools/bin/../lib/gcc/arm-atollic-eabi/6.3.1/../../../../arm-atollic-eabi/lib/armv7e-m/fpu\libc_nano.a(lib_a-fwalk.o)
 .ARM.attributes
                0x00000bd9       0x34 c:/program files (x86)/atollic/truestudio for stm32 9.3.0/armtools/bin/../lib/gcc/arm-atollic-eabi/6.3.1/../../../../arm-atollic-eabi/lib/armv7e-m/fpu\libc_nano.a(lib_a-impure.o)
 .ARM.attributes
                0x00000c0d       0x34 c:/program files (x86)/atollic/truestudio for stm32 9.3.0/armtools/bin/../lib/gcc/arm-atollic-eabi/6.3.1/../../../../arm-atollic-eabi/lib/armv7e-m/fpu\libc_nano.a(lib_a-makebuf.o)
 .ARM.attributes
                0x00000c41       0x34 c:/program files (x86)/atollic/truestudio for stm32 9.3.0/armtools/bin/../lib/gcc/arm-atollic-eabi/6.3.1/../../../../arm-atollic-eabi/lib/armv7e-m/fpu\libc_nano.a(lib_a-nano-freer.o)
 .ARM.attributes
                0x00000c75       0x34 c:/program files (x86)/atollic/truestudio for stm32 9.3.0/armtools/bin/../lib/gcc/arm-atollic-eabi/6.3.1/../../../../arm-atollic-eabi/lib/armv7e-m/fpu\libc_nano.a(lib_a-nano-mallocr.o)
 .ARM.attributes
                0x00000ca9       0x34 c:/program files (x86)/atollic/truestudio for stm32 9.3.0/armtools/bin/../lib/gcc/arm-atollic-eabi/6.3.1/../../../../arm-atollic-eabi/lib/armv7e-m/fpu\libc_nano.a(lib_a-nano-vfprintf.o)
 .ARM.attributes
                0x00000cdd       0x34 c:/program files (x86)/atollic/truestudio for stm32 9.3.0/armtools/bin/../lib/gcc/arm-atollic-eabi/6.3.1/../../../../arm-atollic-eabi/lib/armv7e-m/fpu\libc_nano.a(lib_a-nano-vfprintf_i.o)
 .ARM.attributes
                0x00000d11       0x34 c:/program files (x86)/atollic/truestudio for stm32 9.3.0/armtools/bin/../lib/gcc/arm-atollic-eabi/6.3.1/../../../../arm-atollic-eabi/lib/armv7e-m/fpu\libc_nano.a(lib_a-sbrkr.o)
 .ARM.attributes
                0x00000d45       0x34 c:/program files (x86)/atollic/truestudio for stm32 9.3.0/armtools/bin/../lib/gcc/arm-atollic-eabi/6.3.1/../../../../arm-atollic-eabi/lib/armv7e-m/fpu\libc_nano.a(lib_a-stdio.o)
 .ARM.attributes
                0x00000d79       0x34 c:/program files (x86)/atollic/truestudio for stm32 9.3.0/armtools/bin/../lib/gcc/arm-atollic-eabi/6.3.1/../../../../arm-atollic-eabi/lib/armv7e-m/fpu\libc_nano.a(lib_a-writer.o)
 .ARM.attributes
                0x00000dad       0x34 c:/program files (x86)/atollic/truestudio for stm32 9.3.0/armtools/bin/../lib/gcc/arm-atollic-eabi/6.3.1/../../../../arm-atollic-eabi/lib/armv7e-m/fpu\libc_nano.a(lib_a-closer.o)
 .ARM.attributes
                0x00000de1       0x34 c:/program files (x86)/atollic/truestudio for stm32 9.3.0/armtools/bin/../lib/gcc/arm-atollic-eabi/6.3.1/../../../../arm-atollic-eabi/lib/armv7e-m/fpu\libc_nano.a(lib_a-fstatr.o)
 .ARM.attributes
                0x00000e15       0x34 c:/program files (x86)/atollic/truestudio for stm32 9.3.0/armtools/bin/../lib/gcc/arm-atollic-eabi/6.3.1/../../../../arm-atollic-eabi/lib/armv7e-m/fpu\libc_nano.a(lib_a-isattyr.o)
 .ARM.attributes
                0x00000e49       0x34 c:/program files (x86)/atollic/truestudio for stm32 9.3.0/armtools/bin/../lib/gcc/arm-atollic-eabi/6.3.1/../../../../arm-atollic-eabi/lib/armv7e-m/fpu\libc_nano.a(lib_a-lseekr.o)
 .ARM.attributes
                0x00000e7d       0x20 c:/program files (x86)/atollic/truestudio for stm32 9.3.0/armtools/bin/../lib/gcc/arm-atollic-eabi/6.3.1/../../../../arm-atollic-eabi/lib/armv7e-m/fpu\libc_nano.a(lib_a-memchr.o)
 .ARM.attributes
                0x00000e9d       0x34 c:/program files (x86)/atollic/truestudio for stm32 9.3.0/armtools/bin/../lib/gcc/arm-atollic-eabi/6.3.1/../../../../arm-atollic-eabi/lib/armv7e-m/fpu\libc_nano.a(lib_a-mlock.o)
 .ARM.attributes
                0x00000ed1       0x34 c:/program files (x86)/atollic/truestudio for stm32 9.3.0/armtools/bin/../lib/gcc/arm-atollic-eabi/6.3.1/../../../../arm-atollic-eabi/lib/armv7e-m/fpu\libc_nano.a(lib_a-readr.o)
 .ARM.attributes
                0x00000f05       0x34 c:/program files (x86)/atollic/truestudio for stm32 9.3.0/armtools/bin/../lib/gcc/arm-atollic-eabi/6.3.1/../../../../arm-atollic-eabi/lib/armv7e-m/fpu\libc_nano.a(lib_a-reent.o)
 .ARM.attributes
                0x00000f39       0x22 c:/program files (x86)/atollic/truestudio for stm32 9.3.0/armtools/bin/../lib/gcc/arm-atollic-eabi/6.3.1/armv7e-m/fpu\libgcc.a(_aeabi_uldivmod.o)
 .ARM.attributes
                0x00000f5b       0x34 c:/program files (x86)/atollic/truestudio for stm32 9.3.0/armtools/bin/../lib/gcc/arm-atollic-eabi/6.3.1/armv7e-m/fpu\libgcc.a(_udivmoddi4.o)
 .ARM.attributes
                0x00000f8f       0x22 c:/program files (x86)/atollic/truestudio for stm32 9.3.0/armtools/bin/../lib/gcc/arm-atollic-eabi/6.3.1/armv7e-m/fpu\libgcc.a(_dvmd_tls.o)
 .ARM.attributes
                0x00000fb1       0x34 c:/program files (x86)/atollic/truestudio for stm32 9.3.0/armtools/bin/../lib/gcc/arm-atollic-eabi/6.3.1/../../../../arm-atollic-eabi/lib/armv7e-m/fpu\libnosys.a(close.o)
 .ARM.attributes
                0x00000fe5       0x34 c:/program files (x86)/atollic/truestudio for stm32 9.3.0/armtools/bin/../lib/gcc/arm-atollic-eabi/6.3.1/../../../../arm-atollic-eabi/lib/armv7e-m/fpu\libnosys.a(fstat.o)
 .ARM.attributes
                0x00001019       0x34 c:/program files (x86)/atollic/truestudio for stm32 9.3.0/armtools/bin/../lib/gcc/arm-atollic-eabi/6.3.1/../../../../arm-atollic-eabi/lib/armv7e-m/fpu\libnosys.a(isatty.o)
 .ARM.attributes
                0x0000104d       0x34 c:/program files (x86)/atollic/truestudio for stm32 9.3.0/armtools/bin/../lib/gcc/arm-atollic-eabi/6.3.1/../../../../arm-atollic-eabi/lib/armv7e-m/fpu\libnosys.a(lseek.o)
 .ARM.attributes
                0x00001081       0x34 c:/program files (x86)/atollic/truestudio for stm32 9.3.0/armtools/bin/../lib/gcc/arm-atollic-eabi/6.3.1/../../../../arm-atollic-eabi/lib/armv7e-m/fpu\libnosys.a(read.o)
 .ARM.attributes
                0x000010b5       0x34 c:/program files (x86)/atollic/truestudio for stm32 9.3.0/armtools/bin/../lib/gcc/arm-atollic-eabi/6.3.1/../../../../arm-atollic-eabi/lib/armv7e-m/fpu\libnosys.a(sbrk.o)
 .ARM.attributes
                0x000010e9       0x22 c:/program files (x86)/atollic/truestudio for stm32 9.3.0/armtools/bin/../lib/gcc/arm-atollic-eabi/6.3.1/armv7e-m/fpu/crtn.o

MAPPING_TABLE   0x20030000       0x20
 *(MAPPING_TABLE)
 MAPPING_TABLE  0x20030000       0x20 Middlewares\STM32_WPAN\tl_mbox.o

MB_MEM1         0x20030020      0x198
 *(MB_MEM1)
 MB_MEM1        0x20030020      0x10b Application\User\STM32_WPAN\App\app_ble.o
 *fill*         0x2003012b        0x1 
 MB_MEM1        0x2003012c       0x8c Middlewares\STM32_WPAN\tl_mbox.o

MB_MEM2         0x200301b8      0x880
 *(MB_MEM2)
 MB_MEM2        0x200301b8      0x860 Application\User\Core\app_entry.o
 MB_MEM2        0x20030a18       0x20 Middlewares\STM32_WPAN\tl_mbox.o
OUTPUT(BLE_p2pServer.elf elf32-littlearm)

.debug_line     0x00000000    0x1c2a3
 .debug_line    0x00000000       0x81 Application\SW4STM32\startup_stm32wb55xx_cm4.o
 .debug_line    0x00000081      0xf94 Application\User\Core\app_entry.o
 .debug_line    0x00001015      0xc27 Application\User\Core\hw_timerserver.o
 .debug_line    0x00001c3c      0x9c6 Application\User\Core\hw_uart.o
 .debug_line    0x00002602      0xbf1 Application\User\Core\main.o
 .debug_line    0x000031f3      0x83d Application\User\Core\stm32wbxx_hal_msp.o
 .debug_line    0x00003a30      0xa74 Application\User\Core\stm32wbxx_it.o
 .debug_line    0x000044a4     0x1070 Application\User\STM32_WPAN\App\app_ble.o
 .debug_line    0x00005514      0xd7f Application\User\STM32_WPAN\App\p2p_server_app.o
 .debug_line    0x00006293      0xb9c Application\User\STM32_WPAN\Target\hw_ipcc.o
 .debug_line    0x00006e2f      0x7b5 Drivers\BSP\P-NUCLEO-WB55.Nucleo\stm32wbxx_nucleo.o
 .debug_line    0x000075e4      0x6c3 Drivers\CMSIS\system_stm32wbxx.o
 .debug_line    0x00007ca7      0xb33 Middlewares\STM32_WPAN\ble_gap_aci.o
 .debug_line    0x000087da      0xce5 Middlewares\STM32_WPAN\ble_gatt_aci.o
 .debug_line    0x000094bf      0x5e0 Middlewares\STM32_WPAN\ble_hal_aci.o
 .debug_line    0x00009a9f      0xd1a Middlewares\STM32_WPAN\ble_hci_le.o
 .debug_line    0x0000a7b9      0x378 Middlewares\STM32_WPAN\ble_l2cap_aci.o
 .debug_line    0x0000ab31      0xa5d Middlewares\STM32_WPAN\dbg_trace.o
 .debug_line    0x0000b58e      0xb97 Middlewares\STM32_WPAN\hci_tl.o
 .debug_line    0x0000c125      0xa04 Middlewares\STM32_WPAN\lpm.o
 .debug_line    0x0000cb29      0x360 Middlewares\STM32_WPAN\osal.o
 .debug_line    0x0000ce89      0x970 Middlewares\STM32_WPAN\otp.o
 .debug_line    0x0000d7f9      0xd57 Middlewares\STM32_WPAN\p2p_stm.o
 .debug_line    0x0000e550      0xaea Middlewares\STM32_WPAN\scheduler.o
 .debug_line    0x0000f03a      0xb01 Middlewares\STM32_WPAN\shci.o
 .debug_line    0x0000fb3b      0x5aa Middlewares\STM32_WPAN\shci_tl.o
 .debug_line    0x000100e5      0xb21 Middlewares\STM32_WPAN\stm_list.o
 .debug_line    0x00010c06      0xb7c Middlewares\STM32_WPAN\stm_queue.o
 .debug_line    0x00011782      0xd59 Middlewares\STM32_WPAN\svc_ctl.o
 .debug_line    0x000124db      0x4ba Middlewares\STM32_WPAN\tl_if.o
 .debug_line    0x00012995      0xb2f Middlewares\STM32_WPAN\tl_mbox.o
 .debug_line    0x000134c4      0xa2a STLIB\stm32wbxx_hal.o
 .debug_line    0x00013eee      0x89a STLIB\stm32wbxx_hal_cortex.o
 .debug_line    0x00014788      0x973 STLIB\stm32wbxx_hal_dma.o
 .debug_line    0x000150fb      0x835 STLIB\stm32wbxx_hal_gpio.o
 .debug_line    0x00015930      0x819 STLIB\stm32wbxx_hal_pwr.o
 .debug_line    0x00016149      0xbd2 STLIB\stm32wbxx_hal_pwr_ex.o
 .debug_line    0x00016d1b      0xebd STLIB\stm32wbxx_hal_rcc.o
 .debug_line    0x00017bd8     0x1061 STLIB\stm32wbxx_hal_rcc_ex.o
 .debug_line    0x00018c39      0xa67 STLIB\stm32wbxx_hal_rtc.o
 .debug_line    0x000196a0      0xd75 STLIB\stm32wbxx_hal_rtc_ex.o
 .debug_line    0x0001a415     0x15d1 STLIB\stm32wbxx_hal_uart.o
 .debug_line    0x0001b9e6      0x8bd STLIB\stm32wbxx_hal_uart_ex.o

.debug_info     0x00000000    0x3a5bc
 .debug_info    0x00000000       0x94 Application\SW4STM32\startup_stm32wb55xx_cm4.o
 .debug_info    0x00000094     0x2163 Application\User\Core\app_entry.o
 .debug_info    0x000021f7     0x1d56 Application\User\Core\hw_timerserver.o
 .debug_info    0x00003f4d     0x141d Application\User\Core\hw_uart.o
 .debug_info    0x0000536a     0x29ae Application\User\Core\main.o
 .debug_info    0x00007d18     0x1693 Application\User\Core\stm32wbxx_hal_msp.o
 .debug_info    0x000093ab     0x1283 Application\User\Core\stm32wbxx_it.o
 .debug_info    0x0000a62e     0x20cf Application\User\STM32_WPAN\App\app_ble.o
 .debug_info    0x0000c6fd      0xf29 Application\User\STM32_WPAN\App\p2p_server_app.o
 .debug_info    0x0000d626     0x197b Application\User\STM32_WPAN\Target\hw_ipcc.o
 .debug_info    0x0000efa1      0xd0e Drivers\BSP\P-NUCLEO-WB55.Nucleo\stm32wbxx_nucleo.o
 .debug_info    0x0000fcaf      0x7be Drivers\CMSIS\system_stm32wbxx.o
 .debug_info    0x0001046d     0x3836 Middlewares\STM32_WPAN\ble_gap_aci.o
 .debug_info    0x00013ca3     0x3d08 Middlewares\STM32_WPAN\ble_gatt_aci.o
 .debug_info    0x000179ab     0x1260 Middlewares\STM32_WPAN\ble_hal_aci.o
 .debug_info    0x00018c0b     0x438a Middlewares\STM32_WPAN\ble_hci_le.o
 .debug_info    0x0001cf95      0x421 Middlewares\STM32_WPAN\ble_l2cap_aci.o
 .debug_info    0x0001d3b6      0xfe6 Middlewares\STM32_WPAN\dbg_trace.o
 .debug_info    0x0001e39c     0x13eb Middlewares\STM32_WPAN\hci_tl.o
 .debug_info    0x0001f787      0xe63 Middlewares\STM32_WPAN\lpm.o
 .debug_info    0x000205ea      0x9e6 Middlewares\STM32_WPAN\osal.o
 .debug_info    0x00020fd0      0xa5d Middlewares\STM32_WPAN\otp.o
 .debug_info    0x00021a2d      0xfd3 Middlewares\STM32_WPAN\p2p_stm.o
 .debug_info    0x00022a00      0xfd0 Middlewares\STM32_WPAN\scheduler.o
 .debug_info    0x000239d0     0x1dfc Middlewares\STM32_WPAN\shci.o
 .debug_info    0x000257cc     0x10ab Middlewares\STM32_WPAN\shci_tl.o
 .debug_info    0x00026877     0x109f Middlewares\STM32_WPAN\stm_list.o
 .debug_info    0x00027916      0xe17 Middlewares\STM32_WPAN\stm_queue.o
 .debug_info    0x0002872d      0xdee Middlewares\STM32_WPAN\svc_ctl.o
 .debug_info    0x0002951b      0xa5f Middlewares\STM32_WPAN\tl_if.o
 .debug_info    0x00029f7a     0x16b6 Middlewares\STM32_WPAN\tl_mbox.o
 .debug_info    0x0002b630     0x1609 STLIB\stm32wbxx_hal.o
 .debug_info    0x0002cc39      0xf2f STLIB\stm32wbxx_hal_cortex.o
 .debug_info    0x0002db68      0xa70 STLIB\stm32wbxx_hal_dma.o
 .debug_info    0x0002e5d8      0x7e9 STLIB\stm32wbxx_hal_gpio.o
 .debug_info    0x0002edc1      0xb28 STLIB\stm32wbxx_hal_pwr.o
 .debug_info    0x0002f8e9     0x1435 STLIB\stm32wbxx_hal_pwr_ex.o
 .debug_info    0x00030d1e     0x1e90 STLIB\stm32wbxx_hal_rcc.o
 .debug_info    0x00032bae     0x26bb STLIB\stm32wbxx_hal_rcc_ex.o
 .debug_info    0x00035269     0x1082 STLIB\stm32wbxx_hal_rtc.o
 .debug_info    0x000362eb     0x12e9 STLIB\stm32wbxx_hal_rtc_ex.o
 .debug_info    0x000375d4     0x2296 STLIB\stm32wbxx_hal_uart.o
 .debug_info    0x0003986a      0xd52 STLIB\stm32wbxx_hal_uart_ex.o

.debug_abbrev   0x00000000     0x7243
 .debug_abbrev  0x00000000       0x12 Application\SW4STM32\startup_stm32wb55xx_cm4.o
 .debug_abbrev  0x00000012      0x40a Application\User\Core\app_entry.o
 .debug_abbrev  0x0000041c      0x44f Application\User\Core\hw_timerserver.o
 .debug_abbrev  0x0000086b      0x25b Application\User\Core\hw_uart.o
 .debug_abbrev  0x00000ac6      0x40c Application\User\Core\main.o
 .debug_abbrev  0x00000ed2      0x2ef Application\User\Core\stm32wbxx_hal_msp.o
 .debug_abbrev  0x000011c1      0x24e Application\User\Core\stm32wbxx_it.o
 .debug_abbrev  0x0000140f      0x407 Application\User\STM32_WPAN\App\app_ble.o
 .debug_abbrev  0x00001816      0x2b4 Application\User\STM32_WPAN\App\p2p_server_app.o
 .debug_abbrev  0x00001aca      0x3d7 Application\User\STM32_WPAN\Target\hw_ipcc.o
 .debug_abbrev  0x00001ea1      0x28a Drivers\BSP\P-NUCLEO-WB55.Nucleo\stm32wbxx_nucleo.o
 .debug_abbrev  0x0000212b      0x170 Drivers\CMSIS\system_stm32wbxx.o
 .debug_abbrev  0x0000229b      0x1fe Middlewares\STM32_WPAN\ble_gap_aci.o
 .debug_abbrev  0x00002499      0x203 Middlewares\STM32_WPAN\ble_gatt_aci.o
 .debug_abbrev  0x0000269c      0x1d3 Middlewares\STM32_WPAN\ble_hal_aci.o
 .debug_abbrev  0x0000286f      0x20d Middlewares\STM32_WPAN\ble_hci_le.o
 .debug_abbrev  0x00002a7c      0x15d Middlewares\STM32_WPAN\ble_l2cap_aci.o
 .debug_abbrev  0x00002bd9      0x383 Middlewares\STM32_WPAN\dbg_trace.o
 .debug_abbrev  0x00002f5c      0x327 Middlewares\STM32_WPAN\hci_tl.o
 .debug_abbrev  0x00003283      0x2be Middlewares\STM32_WPAN\lpm.o
 .debug_abbrev  0x00003541      0x1c2 Middlewares\STM32_WPAN\osal.o
 .debug_abbrev  0x00003703      0x1b3 Middlewares\STM32_WPAN\otp.o